Java HotSpot(TM) 64-Bit Server VM (25.251-b08) for windows-amd64 JRE (1.8.0_251-b08), built on Mar 12 2020 06:31:49 by "" with MS VC++ 10.0 (VS2010)
Memory: 4k page, physical 25053032k(16568984k free), swap 26625896k(11683544k free)
CommandLine flags: -XX:InitialHeapSize=268435456 -XX:MaxHeapSize=268435456 -XX:MaxNewSize=89481216 -XX:MaxTenuringThreshold=6 -XX:NewSize=89481216 -XX:OldPLABSize=16 -XX:OldSize=178954240 -XX:+PrintGC -XX:+PrintGCDateStamps -XX:+PrintGCDetails -XX:+PrintGCTimeStamps -XX:-UseAdaptiveSizePolicy -XX:+UseCompressedClassPointers -XX:+UseCompressedOops -XX:+UseConcMarkSweepGC -XX:-UseLargePagesIndividualAllocation -XX:+UseParNewGC 
2022-03-13T14:31:53.735+0800: 0.141: [GC (Allocation Failure) 2022-03-13T14:31:53.735+0800: 0.141: [ParNew: 69587K->8702K(78656K), 0.0052809 secs] 69587K->27834K(253440K), 0.0054598 secs] [Times: user=0.00 sys=0.00, real=0.01 secs] 
2022-03-13T14:31:53.752+0800: 0.158: [GC (Allocation Failure) 2022-03-13T14:31:53.752+0800: 0.158: [ParNew: 78360K->8704K(78656K), 0.0081444 secs] 97492K->50959K(253440K), 0.0081948 secs] [Times: user=0.00 sys=0.00, real=0.01 secs] 
2022-03-13T14:31:53.768+0800: 0.174: [GC (Allocation Failure) 2022-03-13T14:31:53.768+0800: 0.174: [ParNew: 78625K->8704K(78656K), 0.0164967 secs] 120880K->76524K(253440K), 0.0165417 secs] [Times: user=0.16 sys=0.00, real=0.02 secs] 
2022-03-13T14:31:53.792+0800: 0.199: [GC (Allocation Failure) 2022-03-13T14:31:53.792+0800: 0.199: [ParNew: 78656K->8703K(78656K), 0.0159038 secs] 146476K->100896K(253440K), 0.0159557 secs] [Times: user=0.14 sys=0.01, real=0.02 secs] 
2022-03-13T14:31:53.808+0800: 0.215: [GC (CMS Initial Mark) [1 CMS-initial-mark: 92192K(174784K)] 102495K(253440K), 0.0008471 secs] [Times: user=0.00 sys=0.00, real=0.00 secs] 
2022-03-13T14:31:53.810+0800: 0.216: [CMS-concurrent-mark-start]
2022-03-13T14:31:53.810+0800: 0.216: [CMS-concurrent-mark: 0.001/0.001 secs] [Times: user=0.00 sys=0.00, real=0.00 secs] 
2022-03-13T14:31:53.810+0800: 0.217: [CMS-concurrent-preclean-start]
2022-03-13T14:31:53.810+0800: 0.217: [CMS-concurrent-preclean: 0.000/0.000 secs] [Times: user=0.00 sys=0.00, real=0.00 secs] 
2022-03-13T14:31:53.811+0800: 0.217: [CMS-concurrent-abortable-preclean-start]
2022-03-13T14:31:53.817+0800: 0.224: [GC (Allocation Failure) 2022-03-13T14:31:53.817+0800: 0.224: [ParNew: 78655K->8703K(78656K), 0.0162958 secs] 170848K->125428K(253440K), 0.0163842 secs] [Times: user=0.13 sys=0.03, real=0.02 secs] 
2022-03-13T14:31:53.842+0800: 0.249: [GC (Allocation Failure) 2022-03-13T14:31:53.842+0800: 0.249: [ParNew: 78655K->8702K(78656K), 0.0136899 secs] 195380K->146663K(253440K), 0.0137417 secs] [Times: user=0.16 sys=0.00, real=0.01 secs] 
2022-03-13T14:31:53.864+0800: 0.271: [GC (Allocation Failure) 2022-03-13T14:31:53.865+0800: 0.272: [ParNew: 78590K->8699K(78656K), 0.0141487 secs] 216551K->167494K(253440K), 0.0142736 secs] [Times: user=0.14 sys=0.02, real=0.01 secs] 
2022-03-13T14:31:53.887+0800: 0.294: [GC (Allocation Failure) 2022-03-13T14:31:53.887+0800: 0.294: [ParNew: 78540K->78540K(78656K), 0.0000153 secs]2022-03-13T14:31:53.887+0800: 0.294: [CMS2022-03-13T14:31:53.888+0800: 0.294: [CMS-concurrent-abortable-preclean: 0.002/0.077 secs] [Times: user=0.45 sys=0.05, real=0.08 secs] 
 (concurrent mode failure): 158795K->152061K(174784K), 0.0201111 secs] 237336K->152061K(253440K), [Metaspace: 2768K->2768K(1056768K)], 0.0201936 secs] [Times: user=0.03 sys=0.00, real=0.02 secs] 
2022-03-13T14:31:53.916+0800: 0.323: [GC (Allocation Failure) 2022-03-13T14:31:53.916+0800: 0.323: [ParNew: 69597K->8701K(78656K), 0.0065017 secs] 221658K->174481K(253440K), 0.0065452 secs] [Times: user=0.13 sys=0.03, real=0.01 secs] 
2022-03-13T14:31:53.924+0800: 0.330: [GC (CMS Initial Mark) [1 CMS-initial-mark: 165780K(174784K)] 176470K(253440K), 0.0007387 secs] [Times: user=0.00 sys=0.00, real=0.00 secs] 
2022-03-13T14:31:53.925+0800: 0.331: [CMS-concurrent-mark-start]
2022-03-13T14:31:53.925+0800: 0.332: [CMS-concurrent-mark: 0.001/0.001 secs] [Times: user=0.00 sys=0.00, real=0.00 secs] 
2022-03-13T14:31:53.925+0800: 0.332: [CMS-concurrent-preclean-start]
2022-03-13T14:31:53.925+0800: 0.332: [CMS-concurrent-preclean: 0.000/0.000 secs] [Times: user=0.00 sys=0.00, real=0.00 secs] 
2022-03-13T14:31:53.926+0800: 0.332: [CMS-concurrent-abortable-preclean-start]
2022-03-13T14:31:53.926+0800: 0.332: [CMS-concurrent-abortable-preclean: 0.000/0.000 secs] [Times: user=0.00 sys=0.00, real=0.00 secs] 
2022-03-13T14:31:53.926+0800: 0.332: [GC (CMS Final Remark) [YG occupancy: 19808 K (78656 K)]2022-03-13T14:31:53.926+0800: 0.332: [Rescan (parallel) , 0.0006987 secs]2022-03-13T14:31:53.926+0800: 0.333: [weak refs processing, 0.0000121 secs]2022-03-13T14:31:53.926+0800: 0.333: [class unloading, 0.0003003 secs]2022-03-13T14:31:53.927+0800: 0.333: [scrub symbol table, 0.0004627 secs]2022-03-13T14:31:53.927+0800: 0.334: [scrub string table, 0.0000902 secs][1 CMS-remark: 165780K(174784K)] 185589K(253440K), 0.0016414 secs] [Times: user=0.00 sys=0.00, real=0.00 secs] 
2022-03-13T14:31:53.928+0800: 0.334: [CMS-concurrent-sweep-start]
2022-03-13T14:31:53.928+0800: 0.335: [CMS-concurrent-sweep: 0.001/0.001 secs] [Times: user=0.00 sys=0.00, real=0.00 secs] 
2022-03-13T14:31:53.928+0800: 0.335: [CMS-concurrent-reset-start]
2022-03-13T14:31:53.928+0800: 0.335: [CMS-concurrent-reset: 0.000/0.000 secs] [Times: user=0.00 sys=0.00, real=0.00 secs] 
2022-03-13T14:31:53.934+0800: 0.340: [GC (Allocation Failure) 2022-03-13T14:31:53.934+0800: 0.340: [ParNew (promotion failed): 78551K->78553K(78656K), 0.0088893 secs]2022-03-13T14:31:53.943+0800: 0.349: [CMS: 173745K->174772K(174784K), 0.0232385 secs] 233292K->178864K(253440K), [Metaspace: 2768K->2768K(1056768K)], 0.0322402 secs] [Times: user=0.16 sys=0.02, real=0.03 secs] 
2022-03-13T14:31:53.966+0800: 0.373: [GC (CMS Initial Mark) [1 CMS-initial-mark: 174772K(174784K)] 181338K(253440K), 0.0008604 secs] [Times: user=0.00 sys=0.00, real=0.00 secs] 
2022-03-13T14:31:53.967+0800: 0.374: [CMS-concurrent-mark-start]
2022-03-13T14:31:53.967+0800: 0.374: [CMS-concurrent-mark: 0.001/0.001 secs] [Times: user=0.00 sys=0.00, real=0.00 secs] 
2022-03-13T14:31:53.967+0800: 0.374: [CMS-concurrent-preclean-start]
2022-03-13T14:31:53.968+0800: 0.375: [CMS-concurrent-preclean: 0.001/0.001 secs] [Times: user=0.03 sys=0.00, real=0.00 secs] 
2022-03-13T14:31:53.968+0800: 0.375: [CMS-concurrent-abortable-preclean-start]
2022-03-13T14:31:53.968+0800: 0.375: [CMS-concurrent-abortable-preclean: 0.000/0.000 secs] [Times: user=0.00 sys=0.00, real=0.00 secs] 
2022-03-13T14:31:53.969+0800: 0.375: [GC (CMS Final Remark) [YG occupancy: 19920 K (78656 K)]2022-03-13T14:31:53.969+0800: 0.376: [Rescan (parallel) , 0.0010687 secs]2022-03-13T14:31:53.970+0800: 0.377: [weak refs processing, 0.0000300 secs]2022-03-13T14:31:53.970+0800: 0.377: [class unloading, 0.0002678 secs]2022-03-13T14:31:53.970+0800: 0.377: [scrub symbol table, 0.0002878 secs]2022-03-13T14:31:53.970+0800: 0.377: [scrub string table, 0.0000903 secs][1 CMS-remark: 174772K(174784K)] 194692K(253440K), 0.0018315 secs] [Times: user=0.00 sys=0.00, real=0.00 secs] 
2022-03-13T14:31:53.970+0800: 0.378: [CMS-concurrent-sweep-start]
2022-03-13T14:31:53.971+0800: 0.378: [CMS-concurrent-sweep: 0.000/0.000 secs] [Times: user=0.00 sys=0.00, real=0.00 secs] 
2022-03-13T14:31:53.971+0800: 0.378: [CMS-concurrent-reset-start]
2022-03-13T14:31:53.971+0800: 0.378: [CMS-concurrent-reset: 0.000/0.000 secs] [Times: user=0.00 sys=0.00, real=0.00 secs] 
2022-03-13T14:31:53.979+0800: 0.386: [GC (Allocation Failure) 2022-03-13T14:31:53.979+0800: 0.386: [ParNew: 78478K->78478K(78656K), 0.0000145 secs]2022-03-13T14:31:53.979+0800: 0.386: [CMS: 174435K->174407K(174784K), 0.0231447 secs] 252914K->191136K(253440K), [Metaspace: 2768K->2768K(1056768K)], 0.0232135 secs] [Times: user=0.03 sys=0.00, real=0.02 secs] 
2022-03-13T14:31:54.003+0800: 0.410: [GC (CMS Initial Mark) [1 CMS-initial-mark: 174407K(174784K)] 192816K(253440K), 0.0008502 secs] [Times: user=0.00 sys=0.00, real=0.00 secs] 
2022-03-13T14:31:54.004+0800: 0.410: [CMS-concurrent-mark-start]
2022-03-13T14:31:54.005+0800: 0.412: [CMS-concurrent-mark: 0.001/0.001 secs] [Times: user=0.00 sys=0.00, real=0.00 secs] 
2022-03-13T14:31:54.005+0800: 0.412: [CMS-concurrent-preclean-start]
2022-03-13T14:31:54.006+0800: 0.412: [CMS-concurrent-preclean: 0.001/0.001 secs] [Times: user=0.00 sys=0.00, real=0.00 secs] 
2022-03-13T14:31:54.006+0800: 0.412: [CMS-concurrent-abortable-preclean-start]
2022-03-13T14:31:54.006+0800: 0.412: [CMS-concurrent-abortable-preclean: 0.000/0.000 secs] [Times: user=0.00 sys=0.00, real=0.00 secs] 
2022-03-13T14:31:54.006+0800: 0.413: [GC (CMS Final Remark) [YG occupancy: 31863 K (78656 K)]2022-03-13T14:31:54.006+0800: 0.413: [Rescan (parallel) , 0.0006698 secs]2022-03-13T14:31:54.007+0800: 0.413: [weak refs processing, 0.0000112 secs]2022-03-13T14:31:54.007+0800: 0.413: [class unloading, 0.0002638 secs]2022-03-13T14:31:54.007+0800: 0.414: [scrub symbol table, 0.0002608 secs]2022-03-13T14:31:54.007+0800: 0.414: [scrub string table, 0.0000794 secs][1 CMS-remark: 174407K(174784K)] 206270K(253440K), 0.0013373 secs] [Times: user=0.00 sys=0.00, real=0.00 secs] 
2022-03-13T14:31:54.007+0800: 0.414: [CMS-concurrent-sweep-start]
2022-03-13T14:31:54.008+0800: 0.415: [CMS-concurrent-sweep: 0.000/0.000 secs] [Times: user=0.00 sys=0.00, real=0.00 secs] 
2022-03-13T14:31:54.008+0800: 0.415: [CMS-concurrent-reset-start]
2022-03-13T14:31:54.008+0800: 0.415: [CMS-concurrent-reset: 0.000/0.000 secs] [Times: user=0.00 sys=0.00, real=0.00 secs] 
2022-03-13T14:31:54.013+0800: 0.420: [GC (Allocation Failure) 2022-03-13T14:31:54.013+0800: 0.420: [ParNew: 78630K->78630K(78656K), 0.0000140 secs]2022-03-13T14:31:54.013+0800: 0.420: [CMS: 173535K->174777K(174784K), 0.0236516 secs] 252166K->204366K(253440K), [Metaspace: 2768K->2768K(1056768K)], 0.0237247 secs] [Times: user=0.03 sys=0.00, real=0.02 secs] 
2022-03-13T14:31:54.037+0800: 0.444: [GC (CMS Initial Mark) [1 CMS-initial-mark: 174777K(174784K)] 205919K(253440K), 0.0007406 secs] [Times: user=0.00 sys=0.00, real=0.00 secs] 
2022-03-13T14:31:54.038+0800: 0.445: [CMS-concurrent-mark-start]
2022-03-13T14:31:54.039+0800: 0.445: [CMS-concurrent-mark: 0.001/0.001 secs] [Times: user=0.00 sys=0.00, real=0.00 secs] 
2022-03-13T14:31:54.039+0800: 0.445: [CMS-concurrent-preclean-start]
2022-03-13T14:31:54.040+0800: 0.446: [CMS-concurrent-preclean: 0.001/0.001 secs] [Times: user=0.00 sys=0.00, real=0.00 secs] 
2022-03-13T14:31:54.040+0800: 0.446: [CMS-concurrent-abortable-preclean-start]
2022-03-13T14:31:54.040+0800: 0.446: [CMS-concurrent-abortable-preclean: 0.000/0.000 secs] [Times: user=0.00 sys=0.00, real=0.00 secs] 
2022-03-13T14:31:54.040+0800: 0.446: [GC (CMS Final Remark) [YG occupancy: 45613 K (78656 K)]2022-03-13T14:31:54.040+0800: 0.446: [Rescan (parallel) , 0.0007554 secs]2022-03-13T14:31:54.041+0800: 0.447: [weak refs processing, 0.0000095 secs]2022-03-13T14:31:54.041+0800: 0.447: [class unloading, 0.0001742 secs]2022-03-13T14:31:54.041+0800: 0.447: [scrub symbol table, 0.0002969 secs]2022-03-13T14:31:54.041+0800: 0.448: [scrub string table, 0.0000953 secs][1 CMS-remark: 174777K(174784K)] 220390K(253440K), 0.0013795 secs] [Times: user=0.00 sys=0.00, real=0.00 secs] 
2022-03-13T14:31:54.041+0800: 0.448: [CMS-concurrent-sweep-start]
2022-03-13T14:31:54.041+0800: 0.448: [CMS-concurrent-sweep: 0.000/0.000 secs] [Times: user=0.00 sys=0.00, real=0.00 secs] 
2022-03-13T14:31:54.041+0800: 0.448: [CMS-concurrent-reset-start]
2022-03-13T14:31:54.042+0800: 0.448: [CMS-concurrent-reset: 0.000/0.000 secs] [Times: user=0.00 sys=0.00, real=0.00 secs] 
2022-03-13T14:31:54.046+0800: 0.452: [GC (Allocation Failure) 2022-03-13T14:31:54.046+0800: 0.452: [ParNew: 78452K->78452K(78656K), 0.0000154 secs]2022-03-13T14:31:54.046+0800: 0.452: [CMS: 174594K->174464K(174784K), 0.0271917 secs] 253047K->215932K(253440K), [Metaspace: 2768K->2768K(1056768K)], 0.0272632 secs] [Times: user=0.03 sys=0.00, real=0.03 secs] 
2022-03-13T14:31:54.073+0800: 0.480: [GC (CMS Initial Mark) [1 CMS-initial-mark: 174464K(174784K)] 217455K(253440K), 0.0009824 secs] [Times: user=0.00 sys=0.00, real=0.00 secs] 
2022-03-13T14:31:54.074+0800: 0.481: [CMS-concurrent-mark-start]
2022-03-13T14:31:54.074+0800: 0.481: [CMS-concurrent-mark: 0.001/0.001 secs] [Times: user=0.00 sys=0.00, real=0.00 secs] 
2022-03-13T14:31:54.074+0800: 0.481: [CMS-concurrent-preclean-start]
2022-03-13T14:31:54.075+0800: 0.482: [CMS-concurrent-preclean: 0.001/0.001 secs] [Times: user=0.00 sys=0.00, real=0.00 secs] 
2022-03-13T14:31:54.075+0800: 0.482: [CMS-concurrent-abortable-preclean-start]
2022-03-13T14:31:54.075+0800: 0.482: [CMS-concurrent-abortable-preclean: 0.000/0.000 secs] [Times: user=0.00 sys=0.00, real=0.00 secs] 
2022-03-13T14:31:54.075+0800: 0.482: [GC (CMS Final Remark) [YG occupancy: 55971 K (78656 K)]2022-03-13T14:31:54.075+0800: 0.482: [Rescan (parallel) , 0.0009092 secs]2022-03-13T14:31:54.077+0800: 0.483: [weak refs processing, 0.0000087 secs]2022-03-13T14:31:54.077+0800: 0.483: [class unloading, 0.0001617 secs]2022-03-13T14:31:54.077+0800: 0.483: [scrub symbol table, 0.0002594 secs]2022-03-13T14:31:54.077+0800: 0.484: [scrub string table, 0.0000831 secs][1 CMS-remark: 174464K(174784K)] 230436K(253440K), 0.0014662 secs] [Times: user=0.00 sys=0.00, real=0.00 secs] 
2022-03-13T14:31:54.077+0800: 0.484: [CMS-concurrent-sweep-start]
2022-03-13T14:31:54.077+0800: 0.484: [CMS-concurrent-sweep: 0.000/0.000 secs] [Times: user=0.00 sys=0.00, real=0.00 secs] 
2022-03-13T14:31:54.078+0800: 0.484: [CMS-concurrent-reset-start]
2022-03-13T14:31:54.078+0800: 0.484: [CMS-concurrent-reset: 0.000/0.000 secs] [Times: user=0.00 sys=0.00, real=0.00 secs] 
2022-03-13T14:31:54.080+0800: 0.487: [GC (Allocation Failure) 2022-03-13T14:31:54.080+0800: 0.487: [ParNew: 78591K->78591K(78656K), 0.0000130 secs]2022-03-13T14:31:54.080+0800: 0.487: [CMS: 173762K->174518K(174784K), 0.0253302 secs] 252353K->221943K(253440K), [Metaspace: 2768K->2768K(1056768K)], 0.0253929 secs] [Times: user=0.02 sys=0.00, real=0.03 secs] 
2022-03-13T14:31:54.106+0800: 0.512: [GC (CMS Initial Mark) [1 CMS-initial-mark: 174518K(174784K)] 223333K(253440K), 0.0008278 secs] [Times: user=0.00 sys=0.00, real=0.00 secs] 
2022-03-13T14:31:54.107+0800: 0.513: [CMS-concurrent-mark-start]
2022-03-13T14:31:54.107+0800: 0.514: [CMS-concurrent-mark: 0.001/0.001 secs] [Times: user=0.00 sys=0.00, real=0.00 secs] 
2022-03-13T14:31:54.107+0800: 0.514: [CMS-concurrent-preclean-start]
2022-03-13T14:31:54.108+0800: 0.514: [CMS-concurrent-preclean: 0.001/0.001 secs] [Times: user=0.00 sys=0.00, real=0.00 secs] 
2022-03-13T14:31:54.108+0800: 0.514: [CMS-concurrent-abortable-preclean-start]
2022-03-13T14:31:54.108+0800: 0.514: [CMS-concurrent-abortable-preclean: 0.000/0.000 secs] [Times: user=0.00 sys=0.00, real=0.00 secs] 
2022-03-13T14:31:54.108+0800: 0.515: [GC (CMS Final Remark) [YG occupancy: 60527 K (78656 K)]2022-03-13T14:31:54.108+0800: 0.515: [Rescan (parallel) , 0.0009100 secs]2022-03-13T14:31:54.109+0800: 0.516: [weak refs processing, 0.0000085 secs]2022-03-13T14:31:54.109+0800: 0.516: [class unloading, 0.0001643 secs]2022-03-13T14:31:54.109+0800: 0.516: [scrub symbol table, 0.0002592 secs]2022-03-13T14:31:54.109+0800: 0.516: [scrub string table, 0.0000828 secs][1 CMS-remark: 174518K(174784K)] 235046K(253440K), 0.0014696 secs] [Times: user=0.00 sys=0.00, real=0.00 secs] 
2022-03-13T14:31:54.109+0800: 0.516: [CMS-concurrent-sweep-start]
2022-03-13T14:31:54.109+0800: 0.517: [CMS-concurrent-sweep: 0.000/0.000 secs] [Times: user=0.00 sys=0.00, real=0.00 secs] 
2022-03-13T14:31:54.109+0800: 0.517: [CMS-concurrent-reset-start]
2022-03-13T14:31:54.110+0800: 0.517: [CMS-concurrent-reset: 0.000/0.000 secs] [Times: user=0.00 sys=0.00, real=0.00 secs] 
2022-03-13T14:31:54.111+0800: 0.519: [GC (Allocation Failure) 2022-03-13T14:31:54.111+0800: 0.519: [ParNew: 78609K->78609K(78656K), 0.0000128 secs]2022-03-13T14:31:54.111+0800: 0.519: [CMS: 173640K->174742K(174784K), 0.0259492 secs] 252249K->222674K(253440K), [Metaspace: 2768K->2768K(1056768K)], 0.0260107 secs] [Times: user=0.02 sys=0.00, real=0.03 secs] 
2022-03-13T14:31:54.138+0800: 0.545: [GC (CMS Initial Mark) [1 CMS-initial-mark: 174742K(174784K)] 223787K(253440K), 0.0010294 secs] [Times: user=0.00 sys=0.00, real=0.00 secs] 
2022-03-13T14:31:54.140+0800: 0.546: [CMS-concurrent-mark-start]
2022-03-13T14:31:54.140+0800: 0.547: [CMS-concurrent-mark: 0.001/0.001 secs] [Times: user=0.00 sys=0.00, real=0.00 secs] 
2022-03-13T14:31:54.140+0800: 0.547: [CMS-concurrent-preclean-start]
2022-03-13T14:31:54.141+0800: 0.547: [CMS-concurrent-preclean: 0.001/0.001 secs] [Times: user=0.03 sys=0.00, real=0.00 secs] 
2022-03-13T14:31:54.141+0800: 0.547: [CMS-concurrent-abortable-preclean-start]
2022-03-13T14:31:54.141+0800: 0.547: [CMS-concurrent-abortable-preclean: 0.000/0.000 secs] [Times: user=0.00 sys=0.00, real=0.00 secs] 
2022-03-13T14:31:54.141+0800: 0.548: [GC (CMS Final Remark) [YG occupancy: 61087 K (78656 K)]2022-03-13T14:31:54.141+0800: 0.548: [Rescan (parallel) , 0.0011949 secs]2022-03-13T14:31:54.143+0800: 0.549: [weak refs processing, 0.0000089 secs]2022-03-13T14:31:54.143+0800: 0.549: [class unloading, 0.0001621 secs]2022-03-13T14:31:54.143+0800: 0.549: [scrub symbol table, 0.0002582 secs]2022-03-13T14:31:54.143+0800: 0.549: [scrub string table, 0.0000811 secs][1 CMS-remark: 174742K(174784K)] 235830K(253440K), 0.0017482 secs] [Times: user=0.00 sys=0.00, real=0.00 secs] 
2022-03-13T14:31:54.143+0800: 0.550: [CMS-concurrent-sweep-start]
2022-03-13T14:31:54.144+0800: 0.550: [CMS-concurrent-sweep: 0.000/0.000 secs] [Times: user=0.00 sys=0.00, real=0.00 secs] 
2022-03-13T14:31:54.144+0800: 0.550: [CMS-concurrent-reset-start]
2022-03-13T14:31:54.144+0800: 0.550: [CMS-concurrent-reset: 0.000/0.000 secs] [Times: user=0.00 sys=0.00, real=0.00 secs] 
2022-03-13T14:31:54.146+0800: 0.552: [GC (Allocation Failure) 2022-03-13T14:31:54.146+0800: 0.552: [ParNew: 78653K->78653K(78656K), 0.0000129 secs]2022-03-13T14:31:54.146+0800: 0.552: [CMS: 174742K->174593K(174784K), 0.0249732 secs] 253396K->226035K(253440K), [Metaspace: 2768K->2768K(1056768K)], 0.0250378 secs] [Times: user=0.02 sys=0.00, real=0.02 secs] 
2022-03-13T14:31:54.170+0800: 0.577: [GC (CMS Initial Mark) [1 CMS-initial-mark: 174593K(174784K)] 227198K(253440K), 0.0010522 secs] [Times: user=0.00 sys=0.00, real=0.00 secs] 
2022-03-13T14:31:54.172+0800: 0.579: [CMS-concurrent-mark-start]
2022-03-13T14:31:54.172+0800: 0.579: [CMS-concurrent-mark: 0.001/0.001 secs] [Times: user=0.00 sys=0.00, real=0.00 secs] 
2022-03-13T14:31:54.172+0800: 0.579: [CMS-concurrent-preclean-start]
2022-03-13T14:31:54.173+0800: 0.580: [CMS-concurrent-preclean: 0.001/0.001 secs] [Times: user=0.00 sys=0.00, real=0.00 secs] 
2022-03-13T14:31:54.173+0800: 0.580: [CMS-concurrent-abortable-preclean-start]
2022-03-13T14:31:54.173+0800: 0.580: [CMS-concurrent-abortable-preclean: 0.000/0.000 secs] [Times: user=0.00 sys=0.00, real=0.00 secs] 
2022-03-13T14:31:54.173+0800: 0.580: [GC (CMS Final Remark) [YG occupancy: 66851 K (78656 K)]2022-03-13T14:31:54.173+0800: 0.580: [Rescan (parallel) , 0.0007347 secs]2022-03-13T14:31:54.174+0800: 0.581: [weak refs processing, 0.0000091 secs]2022-03-13T14:31:54.174+0800: 0.581: [class unloading, 0.0001845 secs]2022-03-13T14:31:54.174+0800: 0.581: [scrub symbol table, 0.0002655 secs]2022-03-13T14:31:54.174+0800: 0.581: [scrub string table, 0.0000829 secs][1 CMS-remark: 174593K(174784K)] 241444K(253440K), 0.0013222 secs] [Times: user=0.00 sys=0.00, real=0.00 secs] 
2022-03-13T14:31:54.175+0800: 0.582: [CMS-concurrent-sweep-start]
2022-03-13T14:31:54.175+0800: 0.582: [CMS-concurrent-sweep: 0.000/0.000 secs] [Times: user=0.00 sys=0.00, real=0.00 secs] 
2022-03-13T14:31:54.175+0800: 0.582: [CMS-concurrent-reset-start]
2022-03-13T14:31:54.175+0800: 0.582: [CMS-concurrent-reset: 0.000/0.000 secs] [Times: user=0.00 sys=0.00, real=0.00 secs] 
2022-03-13T14:31:54.177+0800: 0.584: [GC (Allocation Failure) 2022-03-13T14:31:54.177+0800: 0.584: [ParNew: 78233K->78233K(78656K), 0.0000131 secs]2022-03-13T14:31:54.177+0800: 0.584: [CMS: 173955K->174506K(174784K), 0.0308814 secs] 252188K->232229K(253440K), [Metaspace: 2768K->2768K(1056768K)], 0.0309538 secs] [Times: user=0.03 sys=0.00, real=0.03 secs] 
2022-03-13T14:31:54.208+0800: 0.615: [GC (CMS Initial Mark) [1 CMS-initial-mark: 174506K(174784K)] 233528K(253440K), 0.0008397 secs] [Times: user=0.00 sys=0.00, real=0.00 secs] 
2022-03-13T14:31:54.209+0800: 0.616: [CMS-concurrent-mark-start]
2022-03-13T14:31:54.210+0800: 0.617: [CMS-concurrent-mark: 0.001/0.001 secs] [Times: user=0.00 sys=0.00, real=0.00 secs] 
2022-03-13T14:31:54.210+0800: 0.617: [CMS-concurrent-preclean-start]
2022-03-13T14:31:54.211+0800: 0.617: [CMS-concurrent-preclean: 0.001/0.001 secs] [Times: user=0.00 sys=0.00, real=0.00 secs] 
2022-03-13T14:31:54.211+0800: 0.618: [CMS-concurrent-abortable-preclean-start]
2022-03-13T14:31:54.211+0800: 0.618: [CMS-concurrent-abortable-preclean: 0.000/0.000 secs] [Times: user=0.00 sys=0.00, real=0.00 secs] 
2022-03-13T14:31:54.211+0800: 0.618: [GC (CMS Final Remark) [YG occupancy: 68567 K (78656 K)]2022-03-13T14:31:54.211+0800: 0.618: [Rescan (parallel) , 0.0005049 secs]2022-03-13T14:31:54.212+0800: 0.618: [weak refs processing, 0.0000099 secs]2022-03-13T14:31:54.212+0800: 0.618: [class unloading, 0.0002659 secs]2022-03-13T14:31:54.212+0800: 0.618: [scrub symbol table, 0.0002977 secs]2022-03-13T14:31:54.212+0800: 0.619: [scrub string table, 0.0000898 secs][1 CMS-remark: 174506K(174784K)] 243074K(253440K), 0.0012455 secs] [Times: user=0.00 sys=0.00, real=0.00 secs] 
2022-03-13T14:31:54.212+0800: 0.619: [CMS-concurrent-sweep-start]
2022-03-13T14:31:54.213+0800: 0.619: [CMS-concurrent-sweep: 0.000/0.000 secs] [Times: user=0.00 sys=0.00, real=0.00 secs] 
2022-03-13T14:31:54.213+0800: 0.619: [CMS-concurrent-reset-start]
2022-03-13T14:31:54.213+0800: 0.619: [CMS-concurrent-reset: 0.000/0.000 secs] [Times: user=0.00 sys=0.00, real=0.00 secs] 
2022-03-13T14:31:54.214+0800: 0.620: [GC (Allocation Failure) 2022-03-13T14:31:54.214+0800: 0.620: [ParNew: 78389K->78389K(78656K), 0.0000111 secs]2022-03-13T14:31:54.214+0800: 0.620: [CMS: 174506K->174777K(174784K), 0.0290397 secs] 252896K->235474K(253440K), [Metaspace: 2768K->2768K(1056768K)], 0.0290973 secs] [Times: user=0.03 sys=0.00, real=0.03 secs] 
2022-03-13T14:31:54.243+0800: 0.649: [GC (CMS Initial Mark) [1 CMS-initial-mark: 174777K(174784K)] 235955K(253440K), 0.0003155 secs] [Times: user=0.00 sys=0.00, real=0.00 secs] 
2022-03-13T14:31:54.243+0800: 0.650: [CMS-concurrent-mark-start]
2022-03-13T14:31:54.244+0800: 0.650: [CMS-concurrent-mark: 0.001/0.001 secs] [Times: user=0.00 sys=0.00, real=0.00 secs] 
2022-03-13T14:31:54.244+0800: 0.650: [CMS-concurrent-preclean-start]
2022-03-13T14:31:54.245+0800: 0.651: [CMS-concurrent-preclean: 0.001/0.001 secs] [Times: user=0.00 sys=0.00, real=0.00 secs] 
2022-03-13T14:31:54.245+0800: 0.651: [CMS-concurrent-abortable-preclean-start]
2022-03-13T14:31:54.245+0800: 0.651: [CMS-concurrent-abortable-preclean: 0.000/0.000 secs] [Times: user=0.00 sys=0.00, real=0.00 secs] 
2022-03-13T14:31:54.245+0800: 0.651: [GC (CMS Final Remark) [YG occupancy: 71644 K (78656 K)]2022-03-13T14:31:54.245+0800: 0.651: [Rescan (parallel) , 0.0002125 secs]2022-03-13T14:31:54.245+0800: 0.651: [weak refs processing, 0.0000108 secs]2022-03-13T14:31:54.245+0800: 0.652: [class unloading, 0.0002038 secs]2022-03-13T14:31:54.245+0800: 0.652: [scrub symbol table, 0.0002688 secs]2022-03-13T14:31:54.245+0800: 0.652: [scrub string table, 0.0000867 secs][1 CMS-remark: 174777K(174784K)] 246422K(253440K), 0.0008323 secs] [Times: user=0.00 sys=0.00, real=0.00 secs] 
2022-03-13T14:31:54.246+0800: 0.652: [CMS-concurrent-sweep-start]
2022-03-13T14:31:54.246+0800: 0.652: [CMS-concurrent-sweep: 0.000/0.000 secs] [Times: user=0.00 sys=0.00, real=0.00 secs] 
2022-03-13T14:31:54.246+0800: 0.652: [CMS-concurrent-reset-start]
2022-03-13T14:31:54.246+0800: 0.653: [CMS-concurrent-reset: 0.000/0.000 secs] [Times: user=0.00 sys=0.00, real=0.00 secs] 
2022-03-13T14:31:54.246+0800: 0.653: [GC (Allocation Failure) 2022-03-13T14:31:54.246+0800: 0.653: [ParNew: 78296K->78296K(78656K), 0.0000116 secs]2022-03-13T14:31:54.246+0800: 0.653: [CMS: 174777K->174567K(174784K), 0.0279966 secs] 253074K->238915K(253440K), [Metaspace: 2768K->2768K(1056768K)], 0.0280563 secs] [Times: user=0.03 sys=0.00, real=0.03 secs] 
2022-03-13T14:31:54.275+0800: 0.681: [GC (CMS Initial Mark) [1 CMS-initial-mark: 174567K(174784K)] 239807K(253440K), 0.0006769 secs] [Times: user=0.00 sys=0.00, real=0.00 secs] 
2022-03-13T14:31:54.276+0800: 0.682: [CMS-concurrent-mark-start]
2022-03-13T14:31:54.276+0800: 0.683: [CMS-concurrent-mark: 0.001/0.001 secs] [Times: user=0.00 sys=0.00, real=0.00 secs] 
2022-03-13T14:31:54.276+0800: 0.683: [CMS-concurrent-preclean-start]
2022-03-13T14:31:54.277+0800: 0.683: [CMS-concurrent-preclean: 0.001/0.001 secs] [Times: user=0.00 sys=0.00, real=0.00 secs] 
2022-03-13T14:31:54.277+0800: 0.683: [CMS-concurrent-abortable-preclean-start]
2022-03-13T14:31:54.277+0800: 0.683: [CMS-concurrent-abortable-preclean: 0.000/0.000 secs] [Times: user=0.00 sys=0.00, real=0.00 secs] 
2022-03-13T14:31:54.277+0800: 0.683: [GC (CMS Final Remark) [YG occupancy: 75808 K (78656 K)]2022-03-13T14:31:54.277+0800: 0.683: [Rescan (parallel) , 0.0006018 secs]2022-03-13T14:31:54.278+0800: 0.684: [weak refs processing, 0.0000088 secs]2022-03-13T14:31:54.278+0800: 0.684: [class unloading, 0.0001587 secs]2022-03-13T14:31:54.278+0800: 0.684: [scrub symbol table, 0.0002565 secs]2022-03-13T14:31:54.278+0800: 0.684: [scrub string table, 0.0000797 secs][1 CMS-remark: 174567K(174784K)] 250375K(253440K), 0.0011488 secs] [Times: user=0.00 sys=0.00, real=0.00 secs] 
2022-03-13T14:31:54.278+0800: 0.685: [CMS-concurrent-sweep-start]
2022-03-13T14:31:54.279+0800: 0.685: [CMS-concurrent-sweep: 0.000/0.000 secs] [Times: user=0.00 sys=0.00, real=0.00 secs] 
2022-03-13T14:31:54.279+0800: 0.685: [CMS-concurrent-reset-start]
2022-03-13T14:31:54.279+0800: 0.685: [CMS-concurrent-reset: 0.000/0.000 secs] [Times: user=0.00 sys=0.00, real=0.00 secs] 
2022-03-13T14:31:54.279+0800: 0.685: [GC (Allocation Failure) 2022-03-13T14:31:54.279+0800: 0.685: [ParNew: 78490K->78490K(78656K), 0.0000115 secs]2022-03-13T14:31:54.279+0800: 0.685: [CMS: 174567K->174684K(174784K), 0.0254862 secs] 253058K->240956K(253440K), [Metaspace: 2768K->2768K(1056768K)], 0.0255618 secs] [Times: user=0.03 sys=0.00, real=0.03 secs] 
2022-03-13T14:31:54.305+0800: 0.711: [GC (CMS Initial Mark) [1 CMS-initial-mark: 174684K(174784K)] 241400K(253440K), 0.0006076 secs] [Times: user=0.00 sys=0.00, real=0.00 secs] 
2022-03-13T14:31:54.305+0800: 0.712: [CMS-concurrent-mark-start]
2022-03-13T14:31:54.306+0800: 0.712: [CMS-concurrent-mark: 0.001/0.001 secs] [Times: user=0.00 sys=0.00, real=0.00 secs] 
2022-03-13T14:31:54.306+0800: 0.712: [CMS-concurrent-preclean-start]
2022-03-13T14:31:54.307+0800: 0.713: [CMS-concurrent-preclean: 0.001/0.001 secs] [Times: user=0.00 sys=0.00, real=0.00 secs] 
2022-03-13T14:31:54.307+0800: 0.713: [CMS-concurrent-abortable-preclean-start]
2022-03-13T14:31:54.307+0800: 0.713: [CMS-concurrent-abortable-preclean: 0.000/0.000 secs] [Times: user=0.00 sys=0.00, real=0.00 secs] 
2022-03-13T14:31:54.307+0800: 0.713: [GC (CMS Final Remark) [YG occupancy: 78253 K (78656 K)]2022-03-13T14:31:54.307+0800: 0.713: [Rescan (parallel) , 0.0009289 secs]2022-03-13T14:31:54.307+0800: 0.714: [weak refs processing, 0.0000241 secs]2022-03-13T14:31:54.307+0800: 0.714: [class unloading, 0.0001554 secs]2022-03-13T14:31:54.307+0800: 0.714: [scrub symbol table, 0.0002549 secs]2022-03-13T14:31:54.307+0800: 0.715: [scrub string table, 0.0000796 secs][1 CMS-remark: 174684K(174784K)] 252938K(253440K), 0.0015087 secs] [Times: user=0.00 sys=0.00, real=0.00 secs] 
2022-03-13T14:31:54.309+0800: 0.715: [CMS-concurrent-sweep-start]
2022-03-13T14:31:54.309+0800: 0.715: [Full GC (Allocation Failure) 2022-03-13T14:31:54.309+0800: 0.715: [CMS2022-03-13T14:31:54.309+0800: 0.715: [CMS-concurrent-sweep: 0.000/0.000 secs] [Times: user=0.00 sys=0.00, real=0.00 secs] 
 (concurrent mode failure): 174774K->174709K(174784K), 0.0277285 secs] 253427K->242822K(253440K), [Metaspace: 2768K->2768K(1056768K)], 0.0277711 secs] [Times: user=0.03 sys=0.00, real=0.03 secs] 
2022-03-13T14:31:54.337+0800: 0.744: [Full GC (Allocation Failure) 2022-03-13T14:31:54.337+0800: 0.744: [CMS: 174709K->174653K(174784K), 0.0270851 secs] 252966K->245111K(253440K), [Metaspace: 2768K->2768K(1056768K)], 0.0271368 secs] [Times: user=0.03 sys=0.00, real=0.03 secs] 
2022-03-13T14:31:54.364+0800: 0.771: [GC (CMS Initial Mark) [1 CMS-initial-mark: 174653K(174784K)] 245753K(253440K), 0.0003475 secs] [Times: user=0.00 sys=0.00, real=0.00 secs] 
2022-03-13T14:31:54.365+0800: 0.772: [CMS-concurrent-mark-start]
2022-03-13T14:31:54.365+0800: 0.772: [CMS-concurrent-mark: 0.001/0.001 secs] [Times: user=0.00 sys=0.00, real=0.00 secs] 
2022-03-13T14:31:54.365+0800: 0.772: [CMS-concurrent-preclean-start]
2022-03-13T14:31:54.366+0800: 0.773: [Full GC (Allocation Failure) 2022-03-13T14:31:54.366+0800: 0.773: [CMS2022-03-13T14:31:54.366+0800: 0.773: [CMS-concurrent-preclean: 0.001/0.001 secs] [Times: user=0.00 sys=0.00, real=0.00 secs] 
 (concurrent mode failure): 174653K->174757K(174784K), 0.0254851 secs] 253275K->246264K(253440K), [Metaspace: 2768K->2768K(1056768K)], 0.0255270 secs] [Times: user=0.03 sys=0.00, real=0.03 secs] 
2022-03-13T14:31:54.392+0800: 0.799: [Full GC (Allocation Failure) 2022-03-13T14:31:54.392+0800: 0.799: [CMS: 174757K->174516K(174784K), 0.0201486 secs] 253169K->247779K(253440K), [Metaspace: 2768K->2768K(1056768K)], 0.0201903 secs] [Times: user=0.01 sys=0.00, real=0.02 secs] 
2022-03-13T14:31:54.413+0800: 0.820: [GC (CMS Initial Mark) [1 CMS-initial-mark: 174516K(174784K)] 248787K(253440K), 0.0003974 secs] [Times: user=0.00 sys=0.00, real=0.00 secs] 
2022-03-13T14:31:54.414+0800: 0.820: [CMS-concurrent-mark-start]
2022-03-13T14:31:54.414+0800: 0.821: [Full GC (Allocation Failure) 2022-03-13T14:31:54.414+0800: 0.821: [CMS2022-03-13T14:31:54.425+0800: 0.831: [CMS-concurrent-mark: 0.001/0.011 secs] [Times: user=0.00 sys=0.00, real=0.01 secs] 
 (concurrent mode failure): 174516K->174647K(174784K), 0.0377394 secs] 252965K->248728K(253440K), [Metaspace: 2768K->2768K(1056768K)], 0.0377828 secs] [Times: user=0.02 sys=0.00, real=0.04 secs] 
2022-03-13T14:31:54.453+0800: 0.860: [Full GC (Allocation Failure) 2022-03-13T14:31:54.453+0800: 0.860: [CMS: 174647K->174247K(174784K), 0.0166175 secs] 253272K->248338K(253440K), [Metaspace: 2768K->2768K(1056768K)], 0.0166614 secs] [Times: user=0.01 sys=0.00, real=0.02 secs] 
2022-03-13T14:31:54.470+0800: 0.876: [GC (CMS Initial Mark) [1 CMS-initial-mark: 174247K(174784K)] 248926K(253440K), 0.0011984 secs] [Times: user=0.00 sys=0.00, real=0.00 secs] 
2022-03-13T14:31:54.472+0800: 0.878: [CMS-concurrent-mark-start]
2022-03-13T14:31:54.473+0800: 0.879: [Full GC (Allocation Failure) 2022-03-13T14:31:54.473+0800: 0.879: [CMS2022-03-13T14:31:54.487+0800: 0.894: [CMS-concurrent-mark: 0.002/0.016 secs] [Times: user=0.00 sys=0.00, real=0.02 secs] 
 (concurrent mode failure): 174247K->174734K(174784K), 0.0338845 secs] 252616K->247805K(253440K), [Metaspace: 2768K->2768K(1056768K)], 0.0339651 secs] [Times: user=0.02 sys=0.00, real=0.03 secs] 
2022-03-13T14:31:54.507+0800: 0.914: [Full GC (Allocation Failure) 2022-03-13T14:31:54.507+0800: 0.914: [CMS: 174734K->174540K(174784K), 0.0284441 secs] 253214K->248968K(253440K), [Metaspace: 2768K->2768K(1056768K)], 0.0284821 secs] [Times: user=0.03 sys=0.00, real=0.03 secs] 
2022-03-13T14:31:54.536+0800: 0.943: [GC (CMS Initial Mark) [1 CMS-initial-mark: 174540K(174784K)] 249400K(253440K), 0.0007631 secs] [Times: user=0.00 sys=0.00, real=0.00 secs] 
2022-03-13T14:31:54.537+0800: 0.943: [CMS-concurrent-mark-start]
2022-03-13T14:31:54.537+0800: 0.944: [Full GC (Allocation Failure) 2022-03-13T14:31:54.537+0800: 0.944: [CMS2022-03-13T14:31:54.549+0800: 0.956: [CMS-concurrent-mark: 0.001/0.013 secs] [Times: user=0.00 sys=0.00, real=0.01 secs] 
 (concurrent mode failure): 174736K->174445K(174784K), 0.0404175 secs] 253390K->248902K(253440K), [Metaspace: 2768K->2768K(1056768K)], 0.0404600 secs] [Times: user=0.03 sys=0.00, real=0.04 secs] 
2022-03-13T14:31:54.578+0800: 0.985: [Full GC (Allocation Failure) 2022-03-13T14:31:54.578+0800: 0.985: [CMS: 174445K->174690K(174784K), 0.0290666 secs] 252856K->249822K(253440K), [Metaspace: 2768K->2768K(1056768K)], 0.0291092 secs] [Times: user=0.01 sys=0.00, real=0.03 secs] 
2022-03-13T14:31:54.608+0800: 1.015: [GC (CMS Initial Mark) [1 CMS-initial-mark: 174690K(174784K)] 250262K(253440K), 0.0008131 secs] [Times: user=0.00 sys=0.00, real=0.00 secs] 
2022-03-13T14:31:54.609+0800: 1.015: [CMS-concurrent-mark-start]
2022-03-13T14:31:54.610+0800: 1.016: [Full GC (Allocation Failure) 2022-03-13T14:31:54.610+0800: 1.016: [CMS2022-03-13T14:31:54.613+0800: 1.020: [CMS-concurrent-mark: 0.001/0.004 secs] [Times: user=0.00 sys=0.00, real=0.00 secs] 
 (concurrent mode failure): 174690K->174683K(174784K), 0.0298028 secs] 253268K->250420K(253440K), [Metaspace: 2768K->2768K(1056768K)], 0.0298495 secs] [Times: user=0.02 sys=0.00, real=0.03 secs] 
2022-03-13T14:31:54.640+0800: 1.047: [Full GC (Allocation Failure) 2022-03-13T14:31:54.640+0800: 1.047: [CMS: 174683K->174761K(174784K), 0.0158933 secs] 253226K->250515K(253440K), [Metaspace: 2768K->2768K(1056768K)], 0.0159378 secs] [Times: user=0.02 sys=0.00, real=0.02 secs] 
2022-03-13T14:31:54.656+0800: 1.063: [GC (CMS Initial Mark) [1 CMS-initial-mark: 174761K(174784K)] 251142K(253440K), 0.0009794 secs] [Times: user=0.00 sys=0.00, real=0.00 secs] 
2022-03-13T14:31:54.657+0800: 1.064: [CMS-concurrent-mark-start]
2022-03-13T14:31:54.657+0800: 1.064: [Full GC (Allocation Failure) 2022-03-13T14:31:54.657+0800: 1.064: [CMS2022-03-13T14:31:54.660+0800: 1.067: [CMS-concurrent-mark: 0.001/0.003 secs] [Times: user=0.00 sys=0.00, real=0.00 secs] 
 (concurrent mode failure): 174761K->174568K(174784K), 0.0275427 secs] 253381K->250914K(253440K), [Metaspace: 2768K->2768K(1056768K)], 0.0275848 secs] [Times: user=0.02 sys=0.00, real=0.03 secs] 
2022-03-13T14:31:54.686+0800: 1.092: [Full GC (Allocation Failure) 2022-03-13T14:31:54.686+0800: 1.092: [CMS: 174568K->174628K(174784K), 0.0178751 secs] 252967K->251586K(253440K), [Metaspace: 2768K->2768K(1056768K)], 0.0179221 secs] [Times: user=0.03 sys=0.00, real=0.02 secs] 
2022-03-13T14:31:54.704+0800: 1.111: [GC (CMS Initial Mark) [1 CMS-initial-mark: 174628K(174784K)] 252129K(253440K), 0.0010490 secs] [Times: user=0.00 sys=0.00, real=0.00 secs] 
2022-03-13T14:31:54.705+0800: 1.112: [CMS-concurrent-mark-start]
2022-03-13T14:31:54.706+0800: 1.113: [CMS-concurrent-mark: 0.001/0.001 secs] [Times: user=0.00 sys=0.00, real=0.00 secs] 
2022-03-13T14:31:54.706+0800: 1.113: [CMS-concurrent-preclean-start]
Heap
 par new generation   total 78656K, used 77503K [0x00000000f0000000, 0x00000000f5550000, 0x00000000f5550000)
  eden space 69952K, 100% used [0x00000000f0000000, 0x00000000f4450000, 0x00000000f4450000)
  from space 8704K,  86% used [0x00000000f4cd0000, 0x00000000f542ff38, 0x00000000f5550000)
  to   space 8704K,   0% used [0x00000000f4450000, 0x00000000f4450000, 0x00000000f4cd0000)
 concurrent mark-sweep generation total 174784K, used 174628K [0x00000000f5550000, 0x0000000100000000, 0x0000000100000000)
 Metaspace       used 2774K, capacity 4486K, committed 4864K, reserved 1056768K
  class space    used 307K, capacity 386K, committed 512K, reserved 1048576K
