Java HotSpot(TM) 64-Bit Server VM (25.251-b08) for windows-amd64 JRE (1.8.0_251-b08), built on Mar 12 2020 06:31:49 by "" with MS VC++ 10.0 (VS2010)
Memory: 4k page, physical 25053032k(16554248k free), swap 26625896k(11668528k free)
CommandLine flags: -XX:InitialHeapSize=536870912 -XX:MaxHeapSize=536870912 -XX:MaxNewSize=178958336 -XX:MaxTenuringThreshold=6 -XX:NewSize=178958336 -XX:OldPLABSize=16 -XX:OldSize=357912576 -XX:+PrintGC -XX:+PrintGCDateStamps -XX:+PrintGCDetails -XX:+PrintGCTimeStamps -XX:-UseAdaptiveSizePolicy -XX:+UseCompressedClassPointers -XX:+UseCompressedOops -XX:+UseConcMarkSweepGC -XX:-UseLargePagesIndividualAllocation -XX:+UseParNewGC 
2022-03-13T14:32:13.366+0800: 0.173: [GC (Allocation Failure) 2022-03-13T14:32:13.366+0800: 0.173: [ParNew: 139776K->17472K(157248K), 0.0085792 secs] 139776K->45777K(506816K), 0.0087964 secs] [Times: user=0.00 sys=0.00, real=0.01 secs] 
2022-03-13T14:32:13.391+0800: 0.198: [GC (Allocation Failure) 2022-03-13T14:32:13.391+0800: 0.198: [ParNew: 157189K->17472K(157248K), 0.0109999 secs] 185495K->86182K(506816K), 0.0110519 secs] [Times: user=0.00 sys=0.00, real=0.01 secs] 
2022-03-13T14:32:13.416+0800: 0.224: [GC (Allocation Failure) 2022-03-13T14:32:13.417+0800: 0.224: [ParNew: 157248K->17472K(157248K), 0.0245853 secs] 225958K->125095K(506816K), 0.0247004 secs] [Times: user=0.28 sys=0.03, real=0.03 secs] 
2022-03-13T14:32:13.457+0800: 0.264: [GC (Allocation Failure) 2022-03-13T14:32:13.457+0800: 0.264: [ParNew: 157248K->17472K(157248K), 0.0247011 secs] 264871K->165082K(506816K), 0.0247576 secs] [Times: user=0.14 sys=0.02, real=0.03 secs] 
2022-03-13T14:32:13.498+0800: 0.304: [GC (Allocation Failure) 2022-03-13T14:32:13.498+0800: 0.304: [ParNew: 157248K->17470K(157248K), 0.0292925 secs] 304858K->209810K(506816K), 0.0293421 secs] [Times: user=0.30 sys=0.02, real=0.03 secs] 
2022-03-13T14:32:13.526+0800: 0.334: [GC (CMS Initial Mark) [1 CMS-initial-mark: 192339K(349568K)] 213086K(506816K), 0.0007990 secs] [Times: user=0.00 sys=0.00, real=0.00 secs] 
2022-03-13T14:32:13.528+0800: 0.335: [CMS-concurrent-mark-start]
2022-03-13T14:32:13.529+0800: 0.336: [CMS-concurrent-mark: 0.002/0.002 secs] [Times: user=0.00 sys=0.00, real=0.00 secs] 
2022-03-13T14:32:13.530+0800: 0.336: [CMS-concurrent-preclean-start]
2022-03-13T14:32:13.530+0800: 0.337: [CMS-concurrent-preclean: 0.000/0.000 secs] [Times: user=0.00 sys=0.00, real=0.00 secs] 
2022-03-13T14:32:13.530+0800: 0.337: [CMS-concurrent-abortable-preclean-start]
2022-03-13T14:32:13.545+0800: 0.352: [GC (Allocation Failure) 2022-03-13T14:32:13.545+0800: 0.352: [ParNew: 157246K->17470K(157248K), 0.0266445 secs] 349586K->251694K(506816K), 0.0267023 secs] [Times: user=0.31 sys=0.00, real=0.03 secs] 
2022-03-13T14:32:13.587+0800: 0.394: [GC (Allocation Failure) 2022-03-13T14:32:13.587+0800: 0.394: [ParNew: 157246K->17471K(157248K), 0.0280078 secs] 391470K->298214K(506816K), 0.0280630 secs] [Times: user=0.31 sys=0.00, real=0.03 secs] 
2022-03-13T14:32:13.631+0800: 0.438: [GC (Allocation Failure) 2022-03-13T14:32:13.631+0800: 0.438: [ParNew: 156908K->17471K(157248K), 0.0308790 secs] 437651K->349248K(506816K), 0.0309337 secs] [Times: user=0.31 sys=0.00, real=0.03 secs] 
2022-03-13T14:32:13.661+0800: 0.469: [CMS-concurrent-abortable-preclean: 0.003/0.132 secs] [Times: user=0.98 sys=0.00, real=0.13 secs] 
2022-03-13T14:32:13.662+0800: 0.469: [GC (CMS Final Remark) [YG occupancy: 20826 K (157248 K)]2022-03-13T14:32:13.662+0800: 0.469: [Rescan (parallel) , 0.0002749 secs]2022-03-13T14:32:13.662+0800: 0.469: [weak refs processing, 0.0000269 secs]2022-03-13T14:32:13.662+0800: 0.469: [class unloading, 0.0001867 secs]2022-03-13T14:32:13.662+0800: 0.470: [scrub symbol table, 0.0003046 secs]2022-03-13T14:32:13.662+0800: 0.470: [scrub string table, 0.0001013 secs][1 CMS-remark: 331776K(349568K)] 352602K(506816K), 0.0009613 secs] [Times: user=0.00 sys=0.00, real=0.00 secs] 
2022-03-13T14:32:13.663+0800: 0.470: [CMS-concurrent-sweep-start]
2022-03-13T14:32:13.663+0800: 0.471: [CMS-concurrent-sweep: 0.001/0.001 secs] [Times: user=0.00 sys=0.00, real=0.00 secs] 
2022-03-13T14:32:13.663+0800: 0.471: [CMS-concurrent-reset-start]
2022-03-13T14:32:13.664+0800: 0.471: [CMS-concurrent-reset: 0.001/0.001 secs] [Times: user=0.00 sys=0.00, real=0.00 secs] 
2022-03-13T14:32:13.679+0800: 0.486: [GC (Allocation Failure) 2022-03-13T14:32:13.679+0800: 0.486: [ParNew: 157247K->17470K(157248K), 0.0101884 secs] 448903K->351782K(506816K), 0.0102459 secs] [Times: user=0.16 sys=0.00, real=0.01 secs] 
2022-03-13T14:32:13.689+0800: 0.497: [GC (CMS Initial Mark) [1 CMS-initial-mark: 334311K(349568K)] 351854K(506816K), 0.0001566 secs] [Times: user=0.00 sys=0.00, real=0.00 secs] 
2022-03-13T14:32:13.689+0800: 0.497: [CMS-concurrent-mark-start]
2022-03-13T14:32:13.690+0800: 0.498: [CMS-concurrent-mark: 0.001/0.001 secs] [Times: user=0.00 sys=0.00, real=0.00 secs] 
2022-03-13T14:32:13.690+0800: 0.498: [CMS-concurrent-preclean-start]
2022-03-13T14:32:13.691+0800: 0.498: [CMS-concurrent-preclean: 0.000/0.000 secs] [Times: user=0.00 sys=0.00, real=0.00 secs] 
2022-03-13T14:32:13.691+0800: 0.498: [CMS-concurrent-abortable-preclean-start]
2022-03-13T14:32:13.691+0800: 0.498: [CMS-concurrent-abortable-preclean: 0.000/0.000 secs] [Times: user=0.00 sys=0.00, real=0.00 secs] 
2022-03-13T14:32:13.691+0800: 0.498: [GC (CMS Final Remark) [YG occupancy: 29131 K (157248 K)]2022-03-13T14:32:13.691+0800: 0.498: [Rescan (parallel) , 0.0002482 secs]2022-03-13T14:32:13.691+0800: 0.499: [weak refs processing, 0.0000111 secs]2022-03-13T14:32:13.691+0800: 0.499: [class unloading, 0.0001764 secs]2022-03-13T14:32:13.691+0800: 0.499: [scrub symbol table, 0.0003107 secs]2022-03-13T14:32:13.692+0800: 0.499: [scrub string table, 0.0001007 secs][1 CMS-remark: 334311K(349568K)] 363442K(506816K), 0.0009030 secs] [Times: user=0.00 sys=0.00, real=0.00 secs] 
2022-03-13T14:32:13.692+0800: 0.499: [CMS-concurrent-sweep-start]
2022-03-13T14:32:13.692+0800: 0.500: [CMS-concurrent-sweep: 0.001/0.001 secs] [Times: user=0.00 sys=0.00, real=0.00 secs] 
2022-03-13T14:32:13.692+0800: 0.500: [CMS-concurrent-reset-start]
2022-03-13T14:32:13.693+0800: 0.500: [CMS-concurrent-reset: 0.000/0.000 secs] [Times: user=0.00 sys=0.00, real=0.00 secs] 
2022-03-13T14:32:13.708+0800: 0.516: [GC (Allocation Failure) 2022-03-13T14:32:13.708+0800: 0.516: [ParNew: 157246K->17471K(157248K), 0.0092218 secs] 396336K->297509K(506816K), 0.0092748 secs] [Times: user=0.00 sys=0.00, real=0.01 secs] 
2022-03-13T14:32:13.718+0800: 0.525: [GC (CMS Initial Mark) [1 CMS-initial-mark: 280038K(349568K)] 300568K(506816K), 0.0005824 secs] [Times: user=0.00 sys=0.00, real=0.00 secs] 
2022-03-13T14:32:13.719+0800: 0.526: [CMS-concurrent-mark-start]
2022-03-13T14:32:13.720+0800: 0.527: [CMS-concurrent-mark: 0.001/0.001 secs] [Times: user=0.00 sys=0.00, real=0.00 secs] 
2022-03-13T14:32:13.720+0800: 0.527: [CMS-concurrent-preclean-start]
2022-03-13T14:32:13.720+0800: 0.527: [CMS-concurrent-preclean: 0.000/0.000 secs] [Times: user=0.00 sys=0.00, real=0.00 secs] 
2022-03-13T14:32:13.720+0800: 0.527: [CMS-concurrent-abortable-preclean-start]
2022-03-13T14:32:13.734+0800: 0.541: [GC (Allocation Failure) 2022-03-13T14:32:13.734+0800: 0.541: [ParNew: 157247K->17471K(157248K), 0.0090533 secs] 437285K->341065K(506816K), 0.0091059 secs] [Times: user=0.00 sys=0.00, real=0.01 secs] 
2022-03-13T14:32:13.760+0800: 0.566: [GC (Allocation Failure) 2022-03-13T14:32:13.760+0800: 0.567: [ParNew: 157247K->157247K(157248K), 0.0000156 secs]2022-03-13T14:32:13.760+0800: 0.567: [CMS2022-03-13T14:32:13.760+0800: 0.567: [CMS-concurrent-abortable-preclean: 0.001/0.039 secs] [Times: user=0.03 sys=0.00, real=0.04 secs] 
 (concurrent mode failure): 323593K->295140K(349568K), 0.0365330 secs] 480841K->295140K(506816K), [Metaspace: 2768K->2768K(1056768K)], 0.0366139 secs] [Times: user=0.03 sys=0.00, real=0.04 secs] 
2022-03-13T14:32:13.811+0800: 0.618: [GC (Allocation Failure) 2022-03-13T14:32:13.811+0800: 0.618: [ParNew: 139776K->17471K(157248K), 0.0067497 secs] 434916K->338440K(506816K), 0.0068182 secs] [Times: user=0.02 sys=0.00, real=0.01 secs] 
2022-03-13T14:32:13.818+0800: 0.625: [GC (CMS Initial Mark) [1 CMS-initial-mark: 320969K(349568K)] 338815K(506816K), 0.0010006 secs] [Times: user=0.00 sys=0.00, real=0.00 secs] 
2022-03-13T14:32:13.820+0800: 0.627: [CMS-concurrent-mark-start]
2022-03-13T14:32:13.820+0800: 0.627: [CMS-concurrent-mark: 0.001/0.001 secs] [Times: user=0.00 sys=0.00, real=0.00 secs] 
2022-03-13T14:32:13.820+0800: 0.627: [CMS-concurrent-preclean-start]
2022-03-13T14:32:13.821+0800: 0.628: [CMS-concurrent-preclean: 0.000/0.000 secs] [Times: user=0.00 sys=0.00, real=0.00 secs] 
2022-03-13T14:32:13.821+0800: 0.628: [CMS-concurrent-abortable-preclean-start]
2022-03-13T14:32:13.821+0800: 0.628: [CMS-concurrent-abortable-preclean: 0.000/0.000 secs] [Times: user=0.00 sys=0.00, real=0.00 secs] 
2022-03-13T14:32:13.822+0800: 0.628: [GC (CMS Final Remark) [YG occupancy: 34926 K (157248 K)]2022-03-13T14:32:13.822+0800: 0.628: [Rescan (parallel) , 0.0008167 secs]2022-03-13T14:32:13.822+0800: 0.629: [weak refs processing, 0.0000097 secs]2022-03-13T14:32:13.822+0800: 0.629: [class unloading, 0.0001759 secs]2022-03-13T14:32:13.822+0800: 0.629: [scrub symbol table, 0.0002862 secs]2022-03-13T14:32:13.822+0800: 0.630: [scrub string table, 0.0000905 secs][1 CMS-remark: 320969K(349568K)] 355896K(506816K), 0.0014257 secs] [Times: user=0.00 sys=0.00, real=0.00 secs] 
2022-03-13T14:32:13.823+0800: 0.630: [CMS-concurrent-sweep-start]
2022-03-13T14:32:13.823+0800: 0.630: [CMS-concurrent-sweep: 0.000/0.000 secs] [Times: user=0.00 sys=0.00, real=0.00 secs] 
2022-03-13T14:32:13.823+0800: 0.630: [CMS-concurrent-reset-start]
2022-03-13T14:32:13.823+0800: 0.631: [CMS-concurrent-reset: 0.000/0.000 secs] [Times: user=0.00 sys=0.00, real=0.00 secs] 
2022-03-13T14:32:13.836+0800: 0.643: [GC (Allocation Failure) 2022-03-13T14:32:13.836+0800: 0.643: [ParNew: 157247K->17471K(157248K), 0.0102078 secs] 441689K->347059K(506816K), 0.0102640 secs] [Times: user=0.16 sys=0.00, real=0.01 secs] 
2022-03-13T14:32:13.847+0800: 0.654: [GC (CMS Initial Mark) [1 CMS-initial-mark: 329588K(349568K)] 350614K(506816K), 0.0010084 secs] [Times: user=0.00 sys=0.00, real=0.00 secs] 
2022-03-13T14:32:13.848+0800: 0.655: [CMS-concurrent-mark-start]
2022-03-13T14:32:13.849+0800: 0.656: [CMS-concurrent-mark: 0.001/0.001 secs] [Times: user=0.00 sys=0.00, real=0.00 secs] 
2022-03-13T14:32:13.849+0800: 0.656: [CMS-concurrent-preclean-start]
2022-03-13T14:32:13.850+0800: 0.656: [CMS-concurrent-preclean: 0.000/0.000 secs] [Times: user=0.00 sys=0.00, real=0.00 secs] 
2022-03-13T14:32:13.850+0800: 0.656: [CMS-concurrent-abortable-preclean-start]
2022-03-13T14:32:13.850+0800: 0.656: [CMS-concurrent-abortable-preclean: 0.000/0.000 secs] [Times: user=0.00 sys=0.00, real=0.00 secs] 
2022-03-13T14:32:13.850+0800: 0.657: [GC (CMS Final Remark) [YG occupancy: 32282 K (157248 K)]2022-03-13T14:32:13.850+0800: 0.657: [Rescan (parallel) , 0.0007310 secs]2022-03-13T14:32:13.851+0800: 0.657: [weak refs processing, 0.0000256 secs]2022-03-13T14:32:13.851+0800: 0.657: [class unloading, 0.0002224 secs]2022-03-13T14:32:13.851+0800: 0.658: [scrub symbol table, 0.0002972 secs]2022-03-13T14:32:13.851+0800: 0.658: [scrub string table, 0.0000817 secs][1 CMS-remark: 329588K(349568K)] 361870K(506816K), 0.0014436 secs] [Times: user=0.00 sys=0.00, real=0.00 secs] 
2022-03-13T14:32:13.851+0800: 0.658: [CMS-concurrent-sweep-start]
2022-03-13T14:32:13.852+0800: 0.659: [CMS-concurrent-sweep: 0.001/0.001 secs] [Times: user=0.00 sys=0.00, real=0.00 secs] 
2022-03-13T14:32:13.852+0800: 0.659: [CMS-concurrent-reset-start]
2022-03-13T14:32:13.852+0800: 0.659: [CMS-concurrent-reset: 0.000/0.000 secs] [Times: user=0.00 sys=0.00, real=0.00 secs] 
2022-03-13T14:32:13.865+0800: 0.672: [GC (Allocation Failure) 2022-03-13T14:32:13.865+0800: 0.672: [ParNew: 157247K->17471K(157248K), 0.0129868 secs] 451732K->358368K(506816K), 0.0130424 secs] [Times: user=0.14 sys=0.02, real=0.01 secs] 
2022-03-13T14:32:13.879+0800: 0.685: [GC (CMS Initial Mark) [1 CMS-initial-mark: 340896K(349568K)] 361699K(506816K), 0.0008315 secs] [Times: user=0.00 sys=0.00, real=0.00 secs] 
2022-03-13T14:32:13.879+0800: 0.686: [CMS-concurrent-mark-start]
2022-03-13T14:32:13.880+0800: 0.687: [CMS-concurrent-mark: 0.001/0.001 secs] [Times: user=0.00 sys=0.00, real=0.00 secs] 
2022-03-13T14:32:13.880+0800: 0.687: [CMS-concurrent-preclean-start]
2022-03-13T14:32:13.880+0800: 0.688: [CMS-concurrent-preclean: 0.000/0.000 secs] [Times: user=0.00 sys=0.00, real=0.00 secs] 
2022-03-13T14:32:13.880+0800: 0.688: [CMS-concurrent-abortable-preclean-start]
2022-03-13T14:32:13.880+0800: 0.688: [CMS-concurrent-abortable-preclean: 0.000/0.000 secs] [Times: user=0.00 sys=0.00, real=0.00 secs] 
2022-03-13T14:32:13.880+0800: 0.688: [GC (CMS Final Remark) [YG occupancy: 36034 K (157248 K)]2022-03-13T14:32:13.880+0800: 0.688: [Rescan (parallel) , 0.0007271 secs]2022-03-13T14:32:13.882+0800: 0.689: [weak refs processing, 0.0000097 secs]2022-03-13T14:32:13.882+0800: 0.689: [class unloading, 0.0001786 secs]2022-03-13T14:32:13.882+0800: 0.689: [scrub symbol table, 0.0002858 secs]2022-03-13T14:32:13.882+0800: 0.689: [scrub string table, 0.0000982 secs][1 CMS-remark: 340896K(349568K)] 376931K(506816K), 0.0013481 secs] [Times: user=0.00 sys=0.00, real=0.00 secs] 
2022-03-13T14:32:13.882+0800: 0.689: [CMS-concurrent-sweep-start]
2022-03-13T14:32:13.883+0800: 0.690: [CMS-concurrent-sweep: 0.001/0.001 secs] [Times: user=0.00 sys=0.00, real=0.00 secs] 
2022-03-13T14:32:13.883+0800: 0.690: [CMS-concurrent-reset-start]
2022-03-13T14:32:13.883+0800: 0.690: [CMS-concurrent-reset: 0.000/0.000 secs] [Times: user=0.00 sys=0.00, real=0.00 secs] 
2022-03-13T14:32:13.895+0800: 0.702: [GC (Allocation Failure) 2022-03-13T14:32:13.895+0800: 0.702: [ParNew: 157247K->157247K(157248K), 0.0000148 secs]2022-03-13T14:32:13.895+0800: 0.702: [CMS: 304215K->333998K(349568K), 0.0400707 secs] 461462K->333998K(506816K), [Metaspace: 2768K->2768K(1056768K)], 0.0401598 secs] [Times: user=0.03 sys=0.00, real=0.04 secs] 
2022-03-13T14:32:13.936+0800: 0.743: [GC (CMS Initial Mark) [1 CMS-initial-mark: 333998K(349568K)] 334286K(506816K), 0.0005540 secs] [Times: user=0.00 sys=0.00, real=0.00 secs] 
2022-03-13T14:32:13.936+0800: 0.743: [CMS-concurrent-mark-start]
2022-03-13T14:32:13.937+0800: 0.745: [CMS-concurrent-mark: 0.002/0.002 secs] [Times: user=0.06 sys=0.00, real=0.00 secs] 
2022-03-13T14:32:13.937+0800: 0.745: [CMS-concurrent-preclean-start]
2022-03-13T14:32:13.938+0800: 0.745: [CMS-concurrent-preclean: 0.000/0.000 secs] [Times: user=0.00 sys=0.00, real=0.00 secs] 
2022-03-13T14:32:13.938+0800: 0.745: [CMS-concurrent-abortable-preclean-start]
2022-03-13T14:32:13.952+0800: 0.759: [GC (Allocation Failure) 2022-03-13T14:32:13.952+0800: 0.759: [ParNew: 139772K->139772K(157248K), 0.0000153 secs]2022-03-13T14:32:13.952+0800: 0.759: [CMS2022-03-13T14:32:13.952+0800: 0.760: [CMS-concurrent-abortable-preclean: 0.000/0.014 secs] [Times: user=0.02 sys=0.00, real=0.01 secs] 
 (concurrent mode failure): 333998K->340270K(349568K), 0.0402550 secs] 473771K->340270K(506816K), [Metaspace: 2768K->2768K(1056768K)], 0.0403290 secs] [Times: user=0.03 sys=0.00, real=0.04 secs] 
2022-03-13T14:32:14.007+0800: 0.814: [GC (Allocation Failure) 2022-03-13T14:32:14.007+0800: 0.814: [ParNew: 139776K->139776K(157248K), 0.0000156 secs]2022-03-13T14:32:14.007+0800: 0.814: [CMS: 340270K->346695K(349568K), 0.0420465 secs] 480046K->346695K(506816K), [Metaspace: 2768K->2768K(1056768K)], 0.0421226 secs] [Times: user=0.05 sys=0.00, real=0.04 secs] 
2022-03-13T14:32:14.049+0800: 0.857: [GC (CMS Initial Mark) [1 CMS-initial-mark: 346695K(349568K)] 346839K(506816K), 0.0008568 secs] [Times: user=0.00 sys=0.00, real=0.00 secs] 
2022-03-13T14:32:14.050+0800: 0.858: [CMS-concurrent-mark-start]
2022-03-13T14:32:14.051+0800: 0.859: [CMS-concurrent-mark: 0.001/0.001 secs] [Times: user=0.00 sys=0.00, real=0.00 secs] 
2022-03-13T14:32:14.051+0800: 0.859: [CMS-concurrent-preclean-start]
2022-03-13T14:32:14.051+0800: 0.859: [CMS-concurrent-preclean: 0.000/0.000 secs] [Times: user=0.00 sys=0.00, real=0.00 secs] 
2022-03-13T14:32:14.051+0800: 0.859: [CMS-concurrent-abortable-preclean-start]
2022-03-13T14:32:14.051+0800: 0.859: [CMS-concurrent-abortable-preclean: 0.000/0.000 secs] [Times: user=0.00 sys=0.00, real=0.00 secs] 
2022-03-13T14:32:14.052+0800: 0.859: [GC (CMS Final Remark) [YG occupancy: 15421 K (157248 K)]2022-03-13T14:32:14.052+0800: 0.859: [Rescan (parallel) , 0.0005510 secs]2022-03-13T14:32:14.053+0800: 0.860: [weak refs processing, 0.0000103 secs]2022-03-13T14:32:14.053+0800: 0.860: [class unloading, 0.0001749 secs]2022-03-13T14:32:14.053+0800: 0.860: [scrub symbol table, 0.0002813 secs]2022-03-13T14:32:14.053+0800: 0.860: [scrub string table, 0.0000908 secs][1 CMS-remark: 346695K(349568K)] 362116K(506816K), 0.0011594 secs] [Times: user=0.00 sys=0.00, real=0.00 secs] 
2022-03-13T14:32:14.053+0800: 0.860: [CMS-concurrent-sweep-start]
2022-03-13T14:32:14.054+0800: 0.861: [CMS-concurrent-sweep: 0.000/0.000 secs] [Times: user=0.00 sys=0.00, real=0.00 secs] 
2022-03-13T14:32:14.054+0800: 0.861: [CMS-concurrent-reset-start]
2022-03-13T14:32:14.054+0800: 0.861: [CMS-concurrent-reset: 0.000/0.000 secs] [Times: user=0.00 sys=0.00, real=0.00 secs] 
2022-03-13T14:32:14.067+0800: 0.875: [GC (Allocation Failure) 2022-03-13T14:32:14.067+0800: 0.875: [ParNew: 139634K->139634K(157248K), 0.0000148 secs]2022-03-13T14:32:14.067+0800: 0.875: [CMS: 346278K->349566K(349568K), 0.0421014 secs] 485913K->352159K(506816K), [Metaspace: 2768K->2768K(1056768K)], 0.0421929 secs] [Times: user=0.03 sys=0.02, real=0.04 secs] 
2022-03-13T14:32:14.110+0800: 0.917: [GC (CMS Initial Mark) [1 CMS-initial-mark: 349566K(349568K)] 355567K(506816K), 0.0009771 secs] [Times: user=0.00 sys=0.00, real=0.00 secs] 
2022-03-13T14:32:14.111+0800: 0.918: [CMS-concurrent-mark-start]
2022-03-13T14:32:14.112+0800: 0.919: [CMS-concurrent-mark: 0.001/0.001 secs] [Times: user=0.00 sys=0.00, real=0.00 secs] 
2022-03-13T14:32:14.112+0800: 0.919: [CMS-concurrent-preclean-start]
2022-03-13T14:32:14.113+0800: 0.920: [CMS-concurrent-preclean: 0.001/0.001 secs] [Times: user=0.00 sys=0.00, real=0.00 secs] 
2022-03-13T14:32:14.113+0800: 0.920: [CMS-concurrent-abortable-preclean-start]
2022-03-13T14:32:14.113+0800: 0.920: [CMS-concurrent-abortable-preclean: 0.000/0.000 secs] [Times: user=0.00 sys=0.00, real=0.00 secs] 
2022-03-13T14:32:14.114+0800: 0.921: [GC (CMS Final Remark) [YG occupancy: 22821 K (157248 K)]2022-03-13T14:32:14.114+0800: 0.921: [Rescan (parallel) , 0.0007052 secs]2022-03-13T14:32:14.115+0800: 0.921: [weak refs processing, 0.0000091 secs]2022-03-13T14:32:14.115+0800: 0.921: [class unloading, 0.0001670 secs]2022-03-13T14:32:14.115+0800: 0.922: [scrub symbol table, 0.0002571 secs]2022-03-13T14:32:14.115+0800: 0.922: [scrub string table, 0.0000810 secs][1 CMS-remark: 349566K(349568K)] 372388K(506816K), 0.0012657 secs] [Times: user=0.00 sys=0.00, real=0.00 secs] 
2022-03-13T14:32:14.115+0800: 0.922: [CMS-concurrent-sweep-start]
2022-03-13T14:32:14.116+0800: 0.922: [CMS-concurrent-sweep: 0.000/0.000 secs] [Times: user=0.00 sys=0.00, real=0.00 secs] 
2022-03-13T14:32:14.116+0800: 0.922: [CMS-concurrent-reset-start]
2022-03-13T14:32:14.116+0800: 0.923: [CMS-concurrent-reset: 0.000/0.000 secs] [Times: user=0.00 sys=0.00, real=0.00 secs] 
2022-03-13T14:32:14.130+0800: 0.937: [GC (Allocation Failure) 2022-03-13T14:32:14.130+0800: 0.937: [ParNew: 157059K->157059K(157248K), 0.0000146 secs]2022-03-13T14:32:14.130+0800: 0.937: [CMS: 348625K->349480K(349568K), 0.0412822 secs] 505684K->353215K(506816K), [Metaspace: 2768K->2768K(1056768K)], 0.0413557 secs] [Times: user=0.05 sys=0.00, real=0.04 secs] 
2022-03-13T14:32:14.171+0800: 0.979: [GC (CMS Initial Mark) [1 CMS-initial-mark: 349480K(349568K)] 356327K(506816K), 0.0005995 secs] [Times: user=0.00 sys=0.00, real=0.00 secs] 
2022-03-13T14:32:14.172+0800: 0.979: [CMS-concurrent-mark-start]
2022-03-13T14:32:14.173+0800: 0.980: [CMS-concurrent-mark: 0.001/0.001 secs] [Times: user=0.00 sys=0.00, real=0.00 secs] 
2022-03-13T14:32:14.173+0800: 0.981: [CMS-concurrent-preclean-start]
2022-03-13T14:32:14.174+0800: 0.982: [CMS-concurrent-preclean: 0.001/0.001 secs] [Times: user=0.00 sys=0.00, real=0.00 secs] 
2022-03-13T14:32:14.174+0800: 0.982: [CMS-concurrent-abortable-preclean-start]
2022-03-13T14:32:14.174+0800: 0.982: [CMS-concurrent-abortable-preclean: 0.000/0.000 secs] [Times: user=0.00 sys=0.00, real=0.00 secs] 
2022-03-13T14:32:14.175+0800: 0.982: [GC (CMS Final Remark) [YG occupancy: 29042 K (157248 K)]2022-03-13T14:32:14.175+0800: 0.982: [Rescan (parallel) , 0.0006266 secs]2022-03-13T14:32:14.175+0800: 0.983: [weak refs processing, 0.0000093 secs]2022-03-13T14:32:14.175+0800: 0.983: [class unloading, 0.0001682 secs]2022-03-13T14:32:14.175+0800: 0.983: [scrub symbol table, 0.0002610 secs]2022-03-13T14:32:14.176+0800: 0.983: [scrub string table, 0.0000810 secs][1 CMS-remark: 349480K(349568K)] 378523K(506816K), 0.0011918 secs] [Times: user=0.00 sys=0.00, real=0.00 secs] 
2022-03-13T14:32:14.176+0800: 0.983: [CMS-concurrent-sweep-start]
2022-03-13T14:32:14.176+0800: 0.984: [CMS-concurrent-sweep: 0.000/0.000 secs] [Times: user=0.00 sys=0.00, real=0.00 secs] 
2022-03-13T14:32:14.176+0800: 0.984: [CMS-concurrent-reset-start]
2022-03-13T14:32:14.177+0800: 0.984: [CMS-concurrent-reset: 0.000/0.000 secs] [Times: user=0.00 sys=0.00, real=0.00 secs] 
2022-03-13T14:32:14.191+0800: 0.998: [GC (Allocation Failure) 2022-03-13T14:32:14.191+0800: 0.998: [ParNew: 156957K->156957K(157248K), 0.0000155 secs]2022-03-13T14:32:14.191+0800: 0.998: [CMS: 347143K->349325K(349568K), 0.0414318 secs] 504101K->353811K(506816K), [Metaspace: 2768K->2768K(1056768K)], 0.0415057 secs] [Times: user=0.03 sys=0.00, real=0.04 secs] 
2022-03-13T14:32:14.233+0800: 1.040: [GC (CMS Initial Mark) [1 CMS-initial-mark: 349325K(349568K)] 357323K(506816K), 0.0007720 secs] [Times: user=0.00 sys=0.00, real=0.00 secs] 
2022-03-13T14:32:14.234+0800: 1.041: [CMS-concurrent-mark-start]
2022-03-13T14:32:14.235+0800: 1.042: [CMS-concurrent-mark: 0.001/0.001 secs] [Times: user=0.00 sys=0.00, real=0.00 secs] 
2022-03-13T14:32:14.235+0800: 1.042: [CMS-concurrent-preclean-start]
2022-03-13T14:32:14.236+0800: 1.043: [CMS-concurrent-preclean: 0.001/0.001 secs] [Times: user=0.00 sys=0.00, real=0.00 secs] 
2022-03-13T14:32:14.236+0800: 1.043: [CMS-concurrent-abortable-preclean-start]
2022-03-13T14:32:14.236+0800: 1.043: [CMS-concurrent-abortable-preclean: 0.000/0.000 secs] [Times: user=0.00 sys=0.00, real=0.00 secs] 
2022-03-13T14:32:14.236+0800: 1.043: [GC (CMS Final Remark) [YG occupancy: 23457 K (157248 K)]2022-03-13T14:32:14.236+0800: 1.043: [Rescan (parallel) , 0.0008018 secs]2022-03-13T14:32:14.237+0800: 1.044: [weak refs processing, 0.0000240 secs]2022-03-13T14:32:14.237+0800: 1.044: [class unloading, 0.0003163 secs]2022-03-13T14:32:14.237+0800: 1.044: [scrub symbol table, 0.0004562 secs]2022-03-13T14:32:14.237+0800: 1.044: [scrub string table, 0.0001974 secs][1 CMS-remark: 349325K(349568K)] 372783K(506816K), 0.0019118 secs] [Times: user=0.00 sys=0.00, real=0.00 secs] 
2022-03-13T14:32:14.238+0800: 1.045: [CMS-concurrent-sweep-start]
2022-03-13T14:32:14.239+0800: 1.046: [CMS-concurrent-sweep: 0.001/0.001 secs] [Times: user=0.00 sys=0.00, real=0.00 secs] 
2022-03-13T14:32:14.239+0800: 1.046: [CMS-concurrent-reset-start]
2022-03-13T14:32:14.239+0800: 1.046: [CMS-concurrent-reset: 0.000/0.000 secs] [Times: user=0.00 sys=0.00, real=0.00 secs] 
2022-03-13T14:32:14.252+0800: 1.059: [GC (Allocation Failure) 2022-03-13T14:32:14.252+0800: 1.059: [ParNew: 157187K->157187K(157248K), 0.0000145 secs]2022-03-13T14:32:14.252+0800: 1.059: [CMS: 349067K->348933K(349568K), 0.0419549 secs] 506254K->355729K(506816K), [Metaspace: 2768K->2768K(1056768K)], 0.0420282 secs] [Times: user=0.03 sys=0.00, real=0.04 secs] 
2022-03-13T14:32:14.294+0800: 1.101: [GC (CMS Initial Mark) [1 CMS-initial-mark: 348933K(349568K)] 358832K(506816K), 0.0007630 secs] [Times: user=0.00 sys=0.00, real=0.00 secs] 
2022-03-13T14:32:14.296+0800: 1.102: [CMS-concurrent-mark-start]
2022-03-13T14:32:14.297+0800: 1.103: [CMS-concurrent-mark: 0.001/0.001 secs] [Times: user=0.05 sys=0.00, real=0.00 secs] 
2022-03-13T14:32:14.297+0800: 1.104: [CMS-concurrent-preclean-start]
Heap
 par new generation   total 157248K, used 12694K [0x00000000e0000000, 0x00000000eaaa0000, 0x00000000eaaa0000)
  eden space 139776K,   9% used [0x00000000e0000000, 0x00000000e0c65860, 0x00000000e8880000)
  from space 17472K,   0% used [0x00000000e8880000, 0x00000000e8880000, 0x00000000e9990000)
  to   space 17472K,   0% used [0x00000000e9990000, 0x00000000e9990000, 0x00000000eaaa0000)
 concurrent mark-sweep generation total 349568K, used 348933K [0x00000000eaaa0000, 0x0000000100000000, 0x0000000100000000)
 Metaspace       used 2774K, capacity 4486K, committed 4864K, reserved 1056768K
  class space    used 307K, capacity 386K, committed 512K, reserved 1048576K
