Java HotSpot(TM) 64-Bit Server VM (25.251-b08) for windows-amd64 JRE (1.8.0_251-b08), built on Mar 12 2020 06:31:49 by "" with MS VC++ 10.0 (VS2010)
Memory: 4k page, physical 25053032k(16546868k free), swap 26625896k(11643168k free)
CommandLine flags: -XX:InitialHeapSize=8589934592 -XX:MaxHeapSize=8589934592 -XX:+PrintGC -XX:+PrintGCDateStamps -XX:+PrintGCDetails -XX:+PrintGCTimeStamps -XX:-UseAdaptiveSizePolicy -XX:+UseCompressedClassPointers -XX:+UseCompressedOops -XX:+UseG1GC -XX:-UseLargePagesIndividualAllocation 
2022-03-13T14:36:39.366+0800: 0.339: [GC pause (G1 Evacuation Pause) (young), 0.0209080 secs]
   [Parallel Time: 17.4 ms, GC Workers: 10]
      [GC Worker Start (ms): Min: 339.6, Avg: 339.6, Max: 339.7, Diff: 0.1]
      [Ext Root Scanning (ms): Min: 0.1, Avg: 0.1, Max: 0.2, Diff: 0.1, Sum: 1.5]
      [Update RS (ms): Min: 0.0, Avg: 0.0, Max: 0.0, Diff: 0.0, Sum: 0.0]
         [Processed Buffers: Min: 0, Avg: 0.0, Max: 0, Diff: 0, Sum: 0]
      [Scan RS (ms): Min: 0.0, Avg: 0.0, Max: 0.0, Diff: 0.0, Sum: 0.1]
      [Code Root Scanning (ms): Min: 0.0, Avg: 0.0, Max: 0.0, Diff: 0.0, Sum: 0.0]
      [Object Copy (ms): Min: 16.2, Avg: 16.3, Max: 16.5, Diff: 0.3, Sum: 163.4]
      [Termination (ms): Min: 0.0, Avg: 0.2, Max: 0.3, Diff: 0.3, Sum: 1.7]
         [Termination Attempts: Min: 1, Avg: 1.0, Max: 1, Diff: 0, Sum: 10]
      [GC Worker Other (ms): Min: 0.0, Avg: 0.0, Max: 0.1, Diff: 0.0, Sum: 0.4]
      [GC Worker Total (ms): Min: 16.7, Avg: 16.7, Max: 16.8, Diff: 0.1, Sum: 167.1]
      [GC Worker End (ms): Min: 356.3, Avg: 356.3, Max: 356.3, Diff: 0.0]
   [Code Root Fixup: 0.0 ms]
   [Code Root Purge: 0.0 ms]
   [Clear CT: 1.3 ms]
   [Other: 2.2 ms]
      [Choose CSet: 0.0 ms]
      [Ref Proc: 0.9 ms]
      [Ref Enq: 0.0 ms]
      [Redirty Cards: 1.0 ms]
      [Humongous Register: 0.0 ms]
      [Humongous Reclaim: 0.0 ms]
      [Free CSet: 0.0 ms]
   [Eden: 408.0M(408.0M)->0.0B(356.0M) Survivors: 0.0B->52.0M Heap: 408.0M(8192.0M)->120.0M(8192.0M)]
 [Times: user=0.03 sys=0.13, real=0.02 secs] 
2022-03-13T14:36:39.432+0800: 0.405: [GC pause (G1 Evacuation Pause) (young), 0.0233457 secs]
   [Parallel Time: 19.7 ms, GC Workers: 10]
      [GC Worker Start (ms): Min: 405.3, Avg: 405.5, Max: 405.5, Diff: 0.2]
      [Ext Root Scanning (ms): Min: 0.0, Avg: 0.1, Max: 0.3, Diff: 0.2, Sum: 1.2]
      [Update RS (ms): Min: 0.0, Avg: 0.0, Max: 0.0, Diff: 0.0, Sum: 0.2]
         [Processed Buffers: Min: 0, Avg: 1.1, Max: 2, Diff: 2, Sum: 11]
      [Scan RS (ms): Min: 0.0, Avg: 0.0, Max: 0.0, Diff: 0.0, Sum: 0.1]
      [Code Root Scanning (ms): Min: 0.0, Avg: 0.0, Max: 0.0, Diff: 0.0, Sum: 0.0]
      [Object Copy (ms): Min: 17.9, Avg: 18.0, Max: 18.3, Diff: 0.3, Sum: 180.1]
      [Termination (ms): Min: 0.0, Avg: 0.3, Max: 0.3, Diff: 0.3, Sum: 2.5]
         [Termination Attempts: Min: 1, Avg: 1.0, Max: 1, Diff: 0, Sum: 10]
      [GC Worker Other (ms): Min: 0.0, Avg: 0.0, Max: 0.0, Diff: 0.0, Sum: 0.1]
      [GC Worker Total (ms): Min: 18.3, Avg: 18.4, Max: 18.6, Diff: 0.2, Sum: 184.2]
      [GC Worker End (ms): Min: 423.9, Avg: 423.9, Max: 423.9, Diff: 0.0]
   [Code Root Fixup: 0.0 ms]
   [Code Root Purge: 0.0 ms]
   [Clear CT: 1.1 ms]
   [Other: 2.6 ms]
      [Choose CSet: 0.0 ms]
      [Ref Proc: 1.1 ms]
      [Ref Enq: 0.0 ms]
      [Redirty Cards: 1.2 ms]
      [Humongous Register: 0.0 ms]
      [Humongous Reclaim: 0.0 ms]
      [Free CSet: 0.0 ms]
   [Eden: 356.0M(356.0M)->0.0B(356.0M) Survivors: 52.0M->52.0M Heap: 476.0M(8192.0M)->210.6M(8192.0M)]
 [Times: user=0.09 sys=0.06, real=0.02 secs] 
2022-03-13T14:36:39.497+0800: 0.470: [GC pause (G1 Evacuation Pause) (young), 0.0217700 secs]
   [Parallel Time: 19.3 ms, GC Workers: 10]
      [GC Worker Start (ms): Min: 470.3, Avg: 470.5, Max: 470.5, Diff: 0.3]
      [Ext Root Scanning (ms): Min: 0.0, Avg: 0.1, Max: 0.2, Diff: 0.2, Sum: 0.6]
      [Update RS (ms): Min: 0.0, Avg: 0.1, Max: 0.7, Diff: 0.7, Sum: 1.3]
         [Processed Buffers: Min: 1, Avg: 1.2, Max: 2, Diff: 1, Sum: 12]
      [Scan RS (ms): Min: 0.0, Avg: 0.0, Max: 0.0, Diff: 0.0, Sum: 0.1]
      [Code Root Scanning (ms): Min: 0.0, Avg: 0.0, Max: 0.0, Diff: 0.0, Sum: 0.0]
      [Object Copy (ms): Min: 17.7, Avg: 18.3, Max: 18.6, Diff: 0.9, Sum: 182.6]
      [Termination (ms): Min: 0.0, Avg: 0.2, Max: 0.4, Diff: 0.4, Sum: 2.5]
         [Termination Attempts: Min: 1, Avg: 1.0, Max: 1, Diff: 0, Sum: 10]
      [GC Worker Other (ms): Min: 0.0, Avg: 0.0, Max: 0.0, Diff: 0.0, Sum: 0.1]
      [GC Worker Total (ms): Min: 18.6, Avg: 18.7, Max: 18.9, Diff: 0.3, Sum: 187.2]
      [GC Worker End (ms): Min: 489.2, Avg: 489.2, Max: 489.2, Diff: 0.0]
   [Code Root Fixup: 0.0 ms]
   [Code Root Purge: 0.0 ms]
   [Clear CT: 1.0 ms]
   [Other: 1.5 ms]
      [Choose CSet: 0.0 ms]
      [Ref Proc: 0.6 ms]
      [Ref Enq: 0.0 ms]
      [Redirty Cards: 0.7 ms]
      [Humongous Register: 0.0 ms]
      [Humongous Reclaim: 0.0 ms]
      [Free CSet: 0.0 ms]
   [Eden: 356.0M(356.0M)->0.0B(356.0M) Survivors: 52.0M->52.0M Heap: 566.6M(8192.0M)->309.9M(8192.0M)]
 [Times: user=0.06 sys=0.09, real=0.02 secs] 
2022-03-13T14:36:39.558+0800: 0.532: [GC pause (G1 Evacuation Pause) (young), 0.0225765 secs]
   [Parallel Time: 20.1 ms, GC Workers: 10]
      [GC Worker Start (ms): Min: 531.9, Avg: 532.0, Max: 532.1, Diff: 0.2]
      [Ext Root Scanning (ms): Min: 0.1, Avg: 0.1, Max: 0.3, Diff: 0.2, Sum: 1.3]
      [Update RS (ms): Min: 0.0, Avg: 0.1, Max: 0.3, Diff: 0.3, Sum: 0.8]
         [Processed Buffers: Min: 0, Avg: 1.1, Max: 2, Diff: 2, Sum: 11]
      [Scan RS (ms): Min: 0.0, Avg: 0.0, Max: 0.0, Diff: 0.0, Sum: 0.1]
      [Code Root Scanning (ms): Min: 0.0, Avg: 0.0, Max: 0.0, Diff: 0.0, Sum: 0.0]
      [Object Copy (ms): Min: 18.8, Avg: 19.0, Max: 19.4, Diff: 0.5, Sum: 189.7]
      [Termination (ms): Min: 0.0, Avg: 0.4, Max: 0.5, Diff: 0.5, Sum: 3.7]
         [Termination Attempts: Min: 1, Avg: 1.0, Max: 1, Diff: 0, Sum: 10]
      [GC Worker Other (ms): Min: 0.0, Avg: 0.0, Max: 0.0, Diff: 0.0, Sum: 0.1]
      [GC Worker Total (ms): Min: 19.5, Avg: 19.6, Max: 19.7, Diff: 0.2, Sum: 195.6]
      [GC Worker End (ms): Min: 551.6, Avg: 551.6, Max: 551.6, Diff: 0.0]
   [Code Root Fixup: 0.0 ms]
   [Code Root Purge: 0.0 ms]
   [Clear CT: 0.9 ms]
   [Other: 1.5 ms]
      [Choose CSet: 0.0 ms]
      [Ref Proc: 0.6 ms]
      [Ref Enq: 0.0 ms]
      [Redirty Cards: 0.6 ms]
      [Humongous Register: 0.1 ms]
      [Humongous Reclaim: 0.0 ms]
      [Free CSet: 0.0 ms]
   [Eden: 356.0M(356.0M)->0.0B(356.0M) Survivors: 52.0M->52.0M Heap: 665.9M(8192.0M)->411.2M(8192.0M)]
 [Times: user=0.11 sys=0.05, real=0.02 secs] 
2022-03-13T14:36:39.623+0800: 0.597: [GC pause (G1 Evacuation Pause) (young), 0.0220244 secs]
   [Parallel Time: 19.5 ms, GC Workers: 10]
      [GC Worker Start (ms): Min: 597.0, Avg: 597.1, Max: 597.1, Diff: 0.2]
      [Ext Root Scanning (ms): Min: 0.1, Avg: 0.1, Max: 0.2, Diff: 0.2, Sum: 1.2]
      [Update RS (ms): Min: 0.0, Avg: 0.1, Max: 0.2, Diff: 0.1, Sum: 0.7]
         [Processed Buffers: Min: 1, Avg: 1.1, Max: 2, Diff: 1, Sum: 11]
      [Scan RS (ms): Min: 0.0, Avg: 0.0, Max: 0.0, Diff: 0.0, Sum: 0.1]
      [Code Root Scanning (ms): Min: 0.0, Avg: 0.0, Max: 0.0, Diff: 0.0, Sum: 0.0]
      [Object Copy (ms): Min: 18.3, Avg: 18.4, Max: 18.7, Diff: 0.3, Sum: 184.1]
      [Termination (ms): Min: 0.0, Avg: 0.3, Max: 0.4, Diff: 0.4, Sum: 2.7]
         [Termination Attempts: Min: 1, Avg: 1.0, Max: 1, Diff: 0, Sum: 10]
      [GC Worker Other (ms): Min: 0.0, Avg: 0.0, Max: 0.2, Diff: 0.2, Sum: 0.3]
      [GC Worker Total (ms): Min: 18.8, Avg: 18.9, Max: 19.1, Diff: 0.3, Sum: 189.0]
      [GC Worker End (ms): Min: 615.9, Avg: 616.0, Max: 616.1, Diff: 0.2]
   [Code Root Fixup: 0.0 ms]
   [Code Root Purge: 0.0 ms]
   [Clear CT: 0.8 ms]
   [Other: 1.7 ms]
      [Choose CSet: 0.0 ms]
      [Ref Proc: 0.8 ms]
      [Ref Enq: 0.0 ms]
      [Redirty Cards: 0.6 ms]
      [Humongous Register: 0.0 ms]
      [Humongous Reclaim: 0.0 ms]
      [Free CSet: 0.0 ms]
   [Eden: 356.0M(356.0M)->0.0B(356.0M) Survivors: 52.0M->52.0M Heap: 767.2M(8192.0M)->507.5M(8192.0M)]
 [Times: user=0.11 sys=0.20, real=0.02 secs] 
2022-03-13T14:36:39.686+0800: 0.660: [GC pause (G1 Evacuation Pause) (young), 0.0220747 secs]
   [Parallel Time: 19.8 ms, GC Workers: 10]
      [GC Worker Start (ms): Min: 660.0, Avg: 660.1, Max: 660.2, Diff: 0.2]
      [Ext Root Scanning (ms): Min: 0.1, Avg: 0.1, Max: 0.2, Diff: 0.2, Sum: 1.2]
      [Update RS (ms): Min: 0.0, Avg: 0.1, Max: 0.2, Diff: 0.2, Sum: 0.8]
         [Processed Buffers: Min: 1, Avg: 1.1, Max: 2, Diff: 1, Sum: 11]
      [Scan RS (ms): Min: 0.0, Avg: 0.0, Max: 0.0, Diff: 0.0, Sum: 0.1]
      [Code Root Scanning (ms): Min: 0.0, Avg: 0.0, Max: 0.0, Diff: 0.0, Sum: 0.0]
      [Object Copy (ms): Min: 18.7, Avg: 18.9, Max: 19.2, Diff: 0.5, Sum: 188.8]
      [Termination (ms): Min: 0.0, Avg: 0.3, Max: 0.5, Diff: 0.5, Sum: 2.9]
         [Termination Attempts: Min: 1, Avg: 1.0, Max: 1, Diff: 0, Sum: 10]
      [GC Worker Other (ms): Min: 0.0, Avg: 0.0, Max: 0.0, Diff: 0.0, Sum: 0.1]
      [GC Worker Total (ms): Min: 19.3, Avg: 19.4, Max: 19.5, Diff: 0.2, Sum: 193.8]
      [GC Worker End (ms): Min: 679.5, Avg: 679.5, Max: 679.5, Diff: 0.0]
   [Code Root Fixup: 0.0 ms]
   [Code Root Purge: 0.0 ms]
   [Clear CT: 0.9 ms]
   [Other: 1.3 ms]
      [Choose CSet: 0.0 ms]
      [Ref Proc: 0.4 ms]
      [Ref Enq: 0.0 ms]
      [Redirty Cards: 0.7 ms]
      [Humongous Register: 0.0 ms]
      [Humongous Reclaim: 0.0 ms]
      [Free CSet: 0.1 ms]
   [Eden: 356.0M(356.0M)->0.0B(356.0M) Survivors: 52.0M->52.0M Heap: 863.5M(8192.0M)->611.0M(8192.0M)]
 [Times: user=0.17 sys=0.14, real=0.02 secs] 
2022-03-13T14:36:39.751+0800: 0.725: [GC pause (G1 Evacuation Pause) (young), 0.0223860 secs]
   [Parallel Time: 20.1 ms, GC Workers: 10]
      [GC Worker Start (ms): Min: 725.3, Avg: 725.5, Max: 725.5, Diff: 0.2]
      [Ext Root Scanning (ms): Min: 0.1, Avg: 0.1, Max: 0.2, Diff: 0.2, Sum: 1.4]
      [Update RS (ms): Min: 0.1, Avg: 0.1, Max: 0.1, Diff: 0.1, Sum: 0.8]
         [Processed Buffers: Min: 1, Avg: 1.1, Max: 2, Diff: 1, Sum: 11]
      [Scan RS (ms): Min: 0.0, Avg: 0.0, Max: 0.0, Diff: 0.0, Sum: 0.1]
      [Code Root Scanning (ms): Min: 0.0, Avg: 0.0, Max: 0.0, Diff: 0.0, Sum: 0.0]
      [Object Copy (ms): Min: 18.6, Avg: 18.8, Max: 19.1, Diff: 0.5, Sum: 188.0]
      [Termination (ms): Min: 0.0, Avg: 0.3, Max: 0.5, Diff: 0.5, Sum: 3.1]
         [Termination Attempts: Min: 1, Avg: 1.0, Max: 1, Diff: 0, Sum: 10]
      [GC Worker Other (ms): Min: 0.0, Avg: 0.0, Max: 0.0, Diff: 0.0, Sum: 0.1]
      [GC Worker Total (ms): Min: 19.3, Avg: 19.3, Max: 19.5, Diff: 0.2, Sum: 193.5]
      [GC Worker End (ms): Min: 744.8, Avg: 744.8, Max: 744.8, Diff: 0.0]
   [Code Root Fixup: 0.0 ms]
   [Code Root Purge: 0.0 ms]
   [Clear CT: 0.8 ms]
   [Other: 1.6 ms]
      [Choose CSet: 0.0 ms]
      [Ref Proc: 0.5 ms]
      [Ref Enq: 0.0 ms]
      [Redirty Cards: 0.8 ms]
      [Humongous Register: 0.0 ms]
      [Humongous Reclaim: 0.0 ms]
      [Free CSet: 0.0 ms]
   [Eden: 356.0M(356.0M)->0.0B(356.0M) Survivors: 52.0M->52.0M Heap: 967.0M(8192.0M)->710.9M(8192.0M)]
 [Times: user=0.03 sys=0.13, real=0.02 secs] 
2022-03-13T14:36:39.815+0800: 0.789: [GC pause (G1 Evacuation Pause) (young), 0.0221353 secs]
   [Parallel Time: 19.7 ms, GC Workers: 10]
      [GC Worker Start (ms): Min: 789.1, Avg: 789.2, Max: 789.3, Diff: 0.2]
      [Ext Root Scanning (ms): Min: 0.0, Avg: 0.1, Max: 0.2, Diff: 0.2, Sum: 1.2]
      [Update RS (ms): Min: 0.0, Avg: 0.1, Max: 0.3, Diff: 0.3, Sum: 0.9]
         [Processed Buffers: Min: 1, Avg: 1.1, Max: 2, Diff: 1, Sum: 11]
      [Scan RS (ms): Min: 0.0, Avg: 0.0, Max: 0.0, Diff: 0.0, Sum: 0.1]
      [Code Root Scanning (ms): Min: 0.0, Avg: 0.0, Max: 0.0, Diff: 0.0, Sum: 0.0]
      [Object Copy (ms): Min: 18.7, Avg: 18.9, Max: 19.2, Diff: 0.5, Sum: 188.7]
      [Termination (ms): Min: 0.0, Avg: 0.3, Max: 0.5, Diff: 0.5, Sum: 2.9]
         [Termination Attempts: Min: 1, Avg: 1.0, Max: 1, Diff: 0, Sum: 10]
      [GC Worker Other (ms): Min: 0.0, Avg: 0.0, Max: 0.0, Diff: 0.0, Sum: 0.1]
      [GC Worker Total (ms): Min: 19.3, Avg: 19.4, Max: 19.5, Diff: 0.2, Sum: 193.9]
      [GC Worker End (ms): Min: 808.6, Avg: 808.6, Max: 808.7, Diff: 0.0]
   [Code Root Fixup: 0.0 ms]
   [Code Root Purge: 0.0 ms]
   [Clear CT: 0.7 ms]
   [Other: 1.7 ms]
      [Choose CSet: 0.0 ms]
      [Ref Proc: 0.5 ms]
      [Ref Enq: 0.0 ms]
      [Redirty Cards: 1.0 ms]
      [Humongous Register: 0.0 ms]
      [Humongous Reclaim: 0.0 ms]
      [Free CSet: 0.0 ms]
   [Eden: 356.0M(356.0M)->0.0B(356.0M) Survivors: 52.0M->52.0M Heap: 1066.9M(8192.0M)->806.7M(8192.0M)]
 [Times: user=0.05 sys=0.11, real=0.02 secs] 
2022-03-13T14:36:39.878+0800: 0.851: [GC pause (G1 Evacuation Pause) (young), 0.0216718 secs]
   [Parallel Time: 19.1 ms, GC Workers: 10]
      [GC Worker Start (ms): Min: 851.1, Avg: 851.2, Max: 851.3, Diff: 0.3]
      [Ext Root Scanning (ms): Min: 0.0, Avg: 0.1, Max: 0.2, Diff: 0.2, Sum: 0.7]
      [Update RS (ms): Min: 0.0, Avg: 0.1, Max: 0.2, Diff: 0.1, Sum: 0.8]
         [Processed Buffers: Min: 1, Avg: 1.1, Max: 2, Diff: 1, Sum: 11]
      [Scan RS (ms): Min: 0.0, Avg: 0.0, Max: 0.0, Diff: 0.0, Sum: 0.1]
      [Code Root Scanning (ms): Min: 0.0, Avg: 0.0, Max: 0.0, Diff: 0.0, Sum: 0.0]
      [Object Copy (ms): Min: 18.2, Avg: 18.3, Max: 18.6, Diff: 0.4, Sum: 183.5]
      [Termination (ms): Min: 0.0, Avg: 0.3, Max: 0.4, Diff: 0.4, Sum: 2.8]
         [Termination Attempts: Min: 1, Avg: 1.0, Max: 1, Diff: 0, Sum: 10]
      [GC Worker Other (ms): Min: 0.0, Avg: 0.0, Max: 0.0, Diff: 0.0, Sum: 0.1]
      [GC Worker Total (ms): Min: 18.7, Avg: 18.8, Max: 18.9, Diff: 0.3, Sum: 187.9]
      [GC Worker End (ms): Min: 870.0, Avg: 870.0, Max: 870.1, Diff: 0.0]
   [Code Root Fixup: 0.0 ms]
   [Code Root Purge: 0.0 ms]
   [Clear CT: 0.7 ms]
   [Other: 1.8 ms]
      [Choose CSet: 0.0 ms]
      [Ref Proc: 0.6 ms]
      [Ref Enq: 0.0 ms]
      [Redirty Cards: 0.8 ms]
      [Humongous Register: 0.0 ms]
      [Humongous Reclaim: 0.0 ms]
      [Free CSet: 0.1 ms]
   [Eden: 356.0M(356.0M)->0.0B(356.0M) Survivors: 52.0M->52.0M Heap: 1162.7M(8192.0M)->901.1M(8192.0M)]
 [Times: user=0.03 sys=0.13, real=0.02 secs] 
2022-03-13T14:36:39.940+0800: 0.913: [GC pause (G1 Evacuation Pause) (young), 0.0230392 secs]
   [Parallel Time: 20.3 ms, GC Workers: 10]
      [GC Worker Start (ms): Min: 913.1, Avg: 913.3, Max: 913.4, Diff: 0.2]
      [Ext Root Scanning (ms): Min: 0.0, Avg: 0.1, Max: 0.2, Diff: 0.2, Sum: 0.9]
      [Update RS (ms): Min: 0.0, Avg: 0.1, Max: 0.2, Diff: 0.1, Sum: 0.8]
         [Processed Buffers: Min: 1, Avg: 1.1, Max: 2, Diff: 1, Sum: 11]
      [Scan RS (ms): Min: 0.0, Avg: 0.0, Max: 0.0, Diff: 0.0, Sum: 0.1]
      [Code Root Scanning (ms): Min: 0.0, Avg: 0.0, Max: 0.0, Diff: 0.0, Sum: 0.0]
      [Object Copy (ms): Min: 19.1, Avg: 19.3, Max: 19.6, Diff: 0.4, Sum: 193.5]
      [Termination (ms): Min: 0.0, Avg: 0.2, Max: 0.4, Diff: 0.4, Sum: 2.2]
         [Termination Attempts: Min: 1, Avg: 1.0, Max: 1, Diff: 0, Sum: 10]
      [GC Worker Other (ms): Min: 0.0, Avg: 0.0, Max: 0.0, Diff: 0.0, Sum: 0.1]
      [GC Worker Total (ms): Min: 19.7, Avg: 19.8, Max: 19.9, Diff: 0.2, Sum: 197.6]
      [GC Worker End (ms): Min: 933.0, Avg: 933.0, Max: 933.0, Diff: 0.0]
   [Code Root Fixup: 0.0 ms]
   [Code Root Purge: 0.0 ms]
   [Clear CT: 0.7 ms]
   [Other: 2.0 ms]
      [Choose CSet: 0.0 ms]
      [Ref Proc: 0.7 ms]
      [Ref Enq: 0.0 ms]
      [Redirty Cards: 1.1 ms]
      [Humongous Register: 0.0 ms]
      [Humongous Reclaim: 0.0 ms]
      [Free CSet: 0.0 ms]
   [Eden: 356.0M(356.0M)->0.0B(424.0M) Survivors: 52.0M->52.0M Heap: 1257.1M(8192.0M)->1007.8M(8192.0M)]
 [Times: user=0.03 sys=0.13, real=0.02 secs] 
2022-03-13T14:36:40.020+0800: 0.994: [GC pause (G1 Evacuation Pause) (young), 0.0264751 secs]
   [Parallel Time: 24.1 ms, GC Workers: 10]
      [GC Worker Start (ms): Min: 994.1, Avg: 994.2, Max: 994.2, Diff: 0.1]
      [Ext Root Scanning (ms): Min: 0.1, Avg: 0.1, Max: 0.2, Diff: 0.1, Sum: 1.2]
      [Update RS (ms): Min: 0.0, Avg: 0.1, Max: 0.2, Diff: 0.2, Sum: 0.8]
         [Processed Buffers: Min: 1, Avg: 1.1, Max: 2, Diff: 1, Sum: 11]
      [Scan RS (ms): Min: 0.0, Avg: 0.0, Max: 0.0, Diff: 0.0, Sum: 0.2]
      [Code Root Scanning (ms): Min: 0.0, Avg: 0.0, Max: 0.0, Diff: 0.0, Sum: 0.0]
      [Object Copy (ms): Min: 23.0, Avg: 23.2, Max: 23.4, Diff: 0.4, Sum: 232.3]
      [Termination (ms): Min: 0.0, Avg: 0.2, Max: 0.3, Diff: 0.3, Sum: 1.5]
         [Termination Attempts: Min: 1, Avg: 1.0, Max: 1, Diff: 0, Sum: 10]
      [GC Worker Other (ms): Min: 0.0, Avg: 0.0, Max: 0.0, Diff: 0.0, Sum: 0.2]
      [GC Worker Total (ms): Min: 23.6, Avg: 23.6, Max: 23.7, Diff: 0.1, Sum: 236.1]
      [GC Worker End (ms): Min: 1017.8, Avg: 1017.8, Max: 1017.8, Diff: 0.0]
   [Code Root Fixup: 0.0 ms]
   [Code Root Purge: 0.0 ms]
   [Clear CT: 1.1 ms]
   [Other: 1.2 ms]
      [Choose CSet: 0.0 ms]
      [Ref Proc: 0.3 ms]
      [Ref Enq: 0.0 ms]
      [Redirty Cards: 0.7 ms]
      [Humongous Register: 0.0 ms]
      [Humongous Reclaim: 0.0 ms]
      [Free CSet: 0.0 ms]
   [Eden: 424.0M(424.0M)->0.0B(456.0M) Survivors: 52.0M->60.0M Heap: 1431.8M(8192.0M)->1127.6M(8192.0M)]
 [Times: user=0.05 sys=0.13, real=0.03 secs] 
2022-03-13T14:36:40.100+0800: 1.074: [GC pause (G1 Evacuation Pause) (young), 0.0263995 secs]
   [Parallel Time: 24.0 ms, GC Workers: 10]
      [GC Worker Start (ms): Min: 1073.9, Avg: 1074.0, Max: 1074.1, Diff: 0.2]
      [Ext Root Scanning (ms): Min: 0.0, Avg: 0.1, Max: 0.2, Diff: 0.2, Sum: 0.9]
      [Update RS (ms): Min: 0.0, Avg: 0.1, Max: 0.2, Diff: 0.1, Sum: 0.9]
         [Processed Buffers: Min: 1, Avg: 1.1, Max: 2, Diff: 1, Sum: 11]
      [Scan RS (ms): Min: 0.0, Avg: 0.0, Max: 0.0, Diff: 0.0, Sum: 0.1]
      [Code Root Scanning (ms): Min: 0.0, Avg: 0.0, Max: 0.0, Diff: 0.0, Sum: 0.0]
      [Object Copy (ms): Min: 23.2, Avg: 23.3, Max: 23.4, Diff: 0.2, Sum: 232.8]
      [Termination (ms): Min: 0.0, Avg: 0.1, Max: 0.2, Diff: 0.2, Sum: 1.0]
         [Termination Attempts: Min: 1, Avg: 1.0, Max: 1, Diff: 0, Sum: 10]
      [GC Worker Other (ms): Min: 0.0, Avg: 0.0, Max: 0.0, Diff: 0.0, Sum: 0.1]
      [GC Worker Total (ms): Min: 23.5, Avg: 23.6, Max: 23.7, Diff: 0.2, Sum: 235.8]
      [GC Worker End (ms): Min: 1097.6, Avg: 1097.6, Max: 1097.6, Diff: 0.0]
   [Code Root Fixup: 0.0 ms]
   [Code Root Purge: 0.0 ms]
   [Clear CT: 0.8 ms]
   [Other: 1.6 ms]
      [Choose CSet: 0.0 ms]
      [Ref Proc: 0.7 ms]
      [Ref Enq: 0.0 ms]
      [Redirty Cards: 0.7 ms]
      [Humongous Register: 0.0 ms]
      [Humongous Reclaim: 0.0 ms]
      [Free CSet: 0.0 ms]
   [Eden: 456.0M(456.0M)->0.0B(632.0M) Survivors: 60.0M->68.0M Heap: 1583.6M(8192.0M)->1249.1M(8192.0M)]
 [Times: user=0.05 sys=0.11, real=0.03 secs] 
Heap
 garbage-first heap   total 8388608K, used 1651796K [0x00000005c0000000, 0x00000005c0404000, 0x00000007c0000000)
  region size 4096K, 109 young (446464K), 17 survivors (69632K)
 Metaspace       used 2774K, capacity 4486K, committed 4864K, reserved 1056768K
  class space    used 307K, capacity 386K, committed 512K, reserved 1048576K
