Java HotSpot(TM) 64-Bit Server VM (25.251-b08) for windows-amd64 JRE (1.8.0_251-b08), built on Mar 12 2020 06:31:49 by "" with MS VC++ 10.0 (VS2010)
Memory: 4k page, physical 25053032k(16576492k free), swap 26625896k(11677728k free)
CommandLine flags: -XX:InitialHeapSize=1073741824 -XX:MaxHeapSize=1073741824 -XX:+PrintGC -XX:+PrintGCDateStamps -XX:+PrintGCDetails -XX:+PrintGCTimeStamps -XX:-UseAdaptiveSizePolicy -XX:+UseCompressedClassPointers -XX:+UseCompressedOops -XX:+UseG1GC -XX:-UseLargePagesIndividualAllocation 
2022-03-13T14:36:06.164+0800: 0.159: [GC pause (G1 Evacuation Pause) (young), 0.0060724 secs]
   [Parallel Time: 3.7 ms, GC Workers: 10]
      [GC Worker Start (ms): Min: 159.2, Avg: 159.3, Max: 159.4, Diff: 0.2]
      [Ext Root Scanning (ms): Min: 0.1, Avg: 0.2, Max: 0.3, Diff: 0.2, Sum: 1.5]
      [Update RS (ms): Min: 0.0, Avg: 0.0, Max: 0.0, Diff: 0.0, Sum: 0.0]
         [Processed Buffers: Min: 0, Avg: 0.0, Max: 0, Diff: 0, Sum: 0]
      [Scan RS (ms): Min: 0.0, Avg: 0.0, Max: 0.0, Diff: 0.0, Sum: 0.1]
      [Code Root Scanning (ms): Min: 0.0, Avg: 0.0, Max: 0.0, Diff: 0.0, Sum: 0.1]
      [Object Copy (ms): Min: 3.0, Avg: 3.1, Max: 3.2, Diff: 0.2, Sum: 30.6]
      [Termination (ms): Min: 0.0, Avg: 0.1, Max: 0.2, Diff: 0.2, Sum: 1.0]
         [Termination Attempts: Min: 1, Avg: 1.0, Max: 1, Diff: 0, Sum: 10]
      [GC Worker Other (ms): Min: 0.0, Avg: 0.1, Max: 0.1, Diff: 0.1, Sum: 0.5]
      [GC Worker Total (ms): Min: 3.3, Avg: 3.4, Max: 3.5, Diff: 0.2, Sum: 33.7]
      [GC Worker End (ms): Min: 162.7, Avg: 162.7, Max: 162.7, Diff: 0.0]
   [Code Root Fixup: 0.0 ms]
   [Code Root Purge: 0.0 ms]
   [Clear CT: 0.8 ms]
   [Other: 1.5 ms]
      [Choose CSet: 0.0 ms]
      [Ref Proc: 0.5 ms]
      [Ref Enq: 0.0 ms]
      [Redirty Cards: 0.7 ms]
      [Humongous Register: 0.0 ms]
      [Humongous Reclaim: 0.0 ms]
      [Free CSet: 0.1 ms]
   [Eden: 51.0M(51.0M)->0.0B(44.0M) Survivors: 0.0B->7168.0K Heap: 65.7M(1024.0M)->26.1M(1024.0M)]
 [Times: user=0.00 sys=0.00, real=0.01 secs] 
2022-03-13T14:36:06.180+0800: 0.175: [GC pause (G1 Evacuation Pause) (young), 0.0063904 secs]
   [Parallel Time: 3.7 ms, GC Workers: 10]
      [GC Worker Start (ms): Min: 175.0, Avg: 175.2, Max: 175.4, Diff: 0.3]
      [Ext Root Scanning (ms): Min: 0.0, Avg: 0.0, Max: 0.2, Diff: 0.2, Sum: 0.5]
      [Update RS (ms): Min: 0.0, Avg: 0.0, Max: 0.2, Diff: 0.2, Sum: 0.2]
         [Processed Buffers: Min: 0, Avg: 0.9, Max: 3, Diff: 3, Sum: 9]
      [Scan RS (ms): Min: 0.0, Avg: 0.0, Max: 0.0, Diff: 0.0, Sum: 0.0]
      [Code Root Scanning (ms): Min: 0.0, Avg: 0.0, Max: 0.0, Diff: 0.0, Sum: 0.0]
      [Object Copy (ms): Min: 2.5, Avg: 2.6, Max: 2.8, Diff: 0.3, Sum: 26.4]
      [Termination (ms): Min: 0.0, Avg: 0.2, Max: 0.4, Diff: 0.3, Sum: 2.3]
         [Termination Attempts: Min: 1, Avg: 9.6, Max: 15, Diff: 14, Sum: 96]
      [GC Worker Other (ms): Min: 0.0, Avg: 0.0, Max: 0.0, Diff: 0.0, Sum: 0.1]
      [GC Worker Total (ms): Min: 2.8, Avg: 3.0, Max: 3.2, Diff: 0.3, Sum: 29.6]
      [GC Worker End (ms): Min: 178.2, Avg: 178.2, Max: 178.2, Diff: 0.0]
   [Code Root Fixup: 0.0 ms]
   [Code Root Purge: 0.0 ms]
   [Clear CT: 1.2 ms]
   [Other: 1.5 ms]
      [Choose CSet: 0.0 ms]
      [Ref Proc: 0.4 ms]
      [Ref Enq: 0.0 ms]
      [Redirty Cards: 0.9 ms]
      [Humongous Register: 0.0 ms]
      [Humongous Reclaim: 0.0 ms]
      [Free CSet: 0.0 ms]
   [Eden: 44.0M(44.0M)->0.0B(44.0M) Survivors: 7168.0K->7168.0K Heap: 74.9M(1024.0M)->43.1M(1024.0M)]
 [Times: user=0.00 sys=0.00, real=0.01 secs] 
2022-03-13T14:36:06.196+0800: 0.191: [GC pause (G1 Evacuation Pause) (young), 0.0069641 secs]
   [Parallel Time: 4.5 ms, GC Workers: 10]
      [GC Worker Start (ms): Min: 191.1, Avg: 191.3, Max: 191.4, Diff: 0.3]
      [Ext Root Scanning (ms): Min: 0.0, Avg: 0.0, Max: 0.2, Diff: 0.2, Sum: 0.3]
      [Update RS (ms): Min: 0.4, Avg: 0.5, Max: 0.6, Diff: 0.2, Sum: 4.9]
         [Processed Buffers: Min: 5, Avg: 6.2, Max: 8, Diff: 3, Sum: 62]
      [Scan RS (ms): Min: 0.0, Avg: 0.0, Max: 0.0, Diff: 0.0, Sum: 0.0]
      [Code Root Scanning (ms): Min: 0.0, Avg: 0.0, Max: 0.0, Diff: 0.0, Sum: 0.0]
      [Object Copy (ms): Min: 2.7, Avg: 2.8, Max: 3.0, Diff: 0.3, Sum: 28.0]
      [Termination (ms): Min: 0.0, Avg: 0.2, Max: 0.3, Diff: 0.3, Sum: 2.0]
         [Termination Attempts: Min: 1, Avg: 1.2, Max: 2, Diff: 1, Sum: 12]
      [GC Worker Other (ms): Min: 0.0, Avg: 0.0, Max: 0.0, Diff: 0.0, Sum: 0.1]
      [GC Worker Total (ms): Min: 3.4, Avg: 3.5, Max: 3.8, Diff: 0.3, Sum: 35.3]
      [GC Worker End (ms): Min: 194.8, Avg: 194.8, Max: 194.8, Diff: 0.0]
   [Code Root Fixup: 0.0 ms]
   [Code Root Purge: 0.0 ms]
   [Clear CT: 1.1 ms]
   [Other: 1.4 ms]
      [Choose CSet: 0.0 ms]
      [Ref Proc: 0.3 ms]
      [Ref Enq: 0.0 ms]
      [Redirty Cards: 1.0 ms]
      [Humongous Register: 0.0 ms]
      [Humongous Reclaim: 0.0 ms]
      [Free CSet: 0.0 ms]
   [Eden: 44.0M(44.0M)->0.0B(56.0M) Survivors: 7168.0K->7168.0K Heap: 96.0M(1024.0M)->61.8M(1024.0M)]
 [Times: user=0.00 sys=0.00, real=0.01 secs] 
2022-03-13T14:36:06.216+0800: 0.211: [GC pause (G1 Evacuation Pause) (young), 0.0063648 secs]
   [Parallel Time: 4.0 ms, GC Workers: 10]
      [GC Worker Start (ms): Min: 210.7, Avg: 210.8, Max: 210.9, Diff: 0.2]
      [Ext Root Scanning (ms): Min: 0.1, Avg: 0.1, Max: 0.2, Diff: 0.2, Sum: 1.2]
      [Update RS (ms): Min: 0.5, Avg: 0.5, Max: 0.6, Diff: 0.1, Sum: 5.3]
         [Processed Buffers: Min: 6, Avg: 6.8, Max: 8, Diff: 2, Sum: 68]
      [Scan RS (ms): Min: 0.0, Avg: 0.0, Max: 0.0, Diff: 0.0, Sum: 0.1]
      [Code Root Scanning (ms): Min: 0.0, Avg: 0.0, Max: 0.0, Diff: 0.0, Sum: 0.0]
      [Object Copy (ms): Min: 2.9, Avg: 3.0, Max: 3.2, Diff: 0.3, Sum: 30.3]
      [Termination (ms): Min: 0.0, Avg: 0.2, Max: 0.3, Diff: 0.3, Sum: 1.8]
         [Termination Attempts: Min: 1, Avg: 1.0, Max: 1, Diff: 0, Sum: 10]
      [GC Worker Other (ms): Min: 0.0, Avg: 0.0, Max: 0.0, Diff: 0.0, Sum: 0.1]
      [GC Worker Total (ms): Min: 3.8, Avg: 3.9, Max: 4.0, Diff: 0.2, Sum: 38.9]
      [GC Worker End (ms): Min: 214.7, Avg: 214.7, Max: 214.7, Diff: 0.0]
   [Code Root Fixup: 0.0 ms]
   [Code Root Purge: 0.0 ms]
   [Clear CT: 1.1 ms]
   [Other: 1.3 ms]
      [Choose CSet: 0.0 ms]
      [Ref Proc: 0.4 ms]
      [Ref Enq: 0.0 ms]
      [Redirty Cards: 0.7 ms]
      [Humongous Register: 0.0 ms]
      [Humongous Reclaim: 0.0 ms]
      [Free CSet: 0.0 ms]
   [Eden: 56.0M(56.0M)->0.0B(134.0M) Survivors: 7168.0K->8192.0K Heap: 128.8M(1024.0M)->81.0M(1024.0M)]
 [Times: user=0.02 sys=0.14, real=0.01 secs] 
2022-03-13T14:36:06.273+0800: 0.268: [GC pause (G1 Evacuation Pause) (young), 0.0097625 secs]
   [Parallel Time: 7.1 ms, GC Workers: 10]
      [GC Worker Start (ms): Min: 267.9, Avg: 268.0, Max: 268.1, Diff: 0.2]
      [Ext Root Scanning (ms): Min: 0.0, Avg: 0.1, Max: 0.2, Diff: 0.2, Sum: 1.2]
      [Update RS (ms): Min: 0.1, Avg: 0.1, Max: 0.2, Diff: 0.1, Sum: 1.1]
         [Processed Buffers: Min: 0, Avg: 1.4, Max: 2, Diff: 2, Sum: 14]
      [Scan RS (ms): Min: 0.0, Avg: 0.0, Max: 0.0, Diff: 0.0, Sum: 0.2]
      [Code Root Scanning (ms): Min: 0.0, Avg: 0.0, Max: 0.0, Diff: 0.0, Sum: 0.0]
      [Object Copy (ms): Min: 6.4, Avg: 6.5, Max: 6.6, Diff: 0.2, Sum: 64.7]
      [Termination (ms): Min: 0.0, Avg: 0.2, Max: 0.2, Diff: 0.2, Sum: 1.5]
         [Termination Attempts: Min: 1, Avg: 1.0, Max: 1, Diff: 0, Sum: 10]
      [GC Worker Other (ms): Min: 0.0, Avg: 0.0, Max: 0.0, Diff: 0.0, Sum: 0.2]
      [GC Worker Total (ms): Min: 6.8, Avg: 6.9, Max: 7.0, Diff: 0.2, Sum: 68.9]
      [GC Worker End (ms): Min: 274.9, Avg: 274.9, Max: 274.9, Diff: 0.0]
   [Code Root Fixup: 0.0 ms]
   [Code Root Purge: 0.0 ms]
   [Clear CT: 0.8 ms]
   [Other: 1.9 ms]
      [Choose CSet: 0.0 ms]
      [Ref Proc: 0.9 ms]
      [Ref Enq: 0.0 ms]
      [Redirty Cards: 0.8 ms]
      [Humongous Register: 0.0 ms]
      [Humongous Reclaim: 0.0 ms]
      [Free CSet: 0.0 ms]
   [Eden: 134.0M(134.0M)->0.0B(95.0M) Survivors: 8192.0K->18.0M Heap: 250.0M(1024.0M)->134.0M(1024.0M)]
 [Times: user=0.00 sys=0.00, real=0.01 secs] 
2022-03-13T14:36:06.300+0800: 0.295: [GC pause (G1 Evacuation Pause) (young), 0.0097751 secs]
   [Parallel Time: 6.9 ms, GC Workers: 10]
      [GC Worker Start (ms): Min: 294.6, Avg: 294.8, Max: 294.8, Diff: 0.2]
      [Ext Root Scanning (ms): Min: 0.0, Avg: 0.1, Max: 0.2, Diff: 0.2, Sum: 0.6]
      [Update RS (ms): Min: 0.1, Avg: 0.2, Max: 0.2, Diff: 0.0, Sum: 1.5]
         [Processed Buffers: Min: 2, Avg: 2.0, Max: 2, Diff: 0, Sum: 20]
      [Scan RS (ms): Min: 0.0, Avg: 0.0, Max: 0.0, Diff: 0.0, Sum: 0.1]
      [Code Root Scanning (ms): Min: 0.0, Avg: 0.0, Max: 0.0, Diff: 0.0, Sum: 0.0]
      [Object Copy (ms): Min: 5.7, Avg: 5.8, Max: 5.9, Diff: 0.3, Sum: 58.3]
      [Termination (ms): Min: 0.0, Avg: 0.1, Max: 0.3, Diff: 0.3, Sum: 1.2]
         [Termination Attempts: Min: 1, Avg: 1.0, Max: 1, Diff: 0, Sum: 10]
      [GC Worker Other (ms): Min: 0.0, Avg: 0.0, Max: 0.0, Diff: 0.0, Sum: 0.1]
      [GC Worker Total (ms): Min: 6.1, Avg: 6.2, Max: 6.3, Diff: 0.2, Sum: 61.7]
      [GC Worker End (ms): Min: 300.9, Avg: 300.9, Max: 300.9, Diff: 0.0]
   [Code Root Fixup: 0.0 ms]
   [Code Root Purge: 0.0 ms]
   [Clear CT: 1.6 ms]
   [Other: 1.3 ms]
      [Choose CSet: 0.0 ms]
      [Ref Proc: 0.3 ms]
      [Ref Enq: 0.0 ms]
      [Redirty Cards: 0.8 ms]
      [Humongous Register: 0.0 ms]
      [Humongous Reclaim: 0.0 ms]
      [Free CSet: 0.0 ms]
   [Eden: 95.0M(95.0M)->0.0B(204.0M) Survivors: 18.0M->15.0M Heap: 250.2M(1024.0M)->170.8M(1024.0M)]
 [Times: user=0.00 sys=0.00, real=0.01 secs] 
2022-03-13T14:36:06.369+0800: 0.364: [GC pause (G1 Evacuation Pause) (young), 0.0144057 secs]
   [Parallel Time: 11.9 ms, GC Workers: 10]
      [GC Worker Start (ms): Min: 364.3, Avg: 364.4, Max: 364.5, Diff: 0.2]
      [Ext Root Scanning (ms): Min: 0.0, Avg: 0.1, Max: 0.2, Diff: 0.2, Sum: 1.0]
      [Update RS (ms): Min: 0.2, Avg: 0.2, Max: 0.2, Diff: 0.0, Sum: 1.9]
         [Processed Buffers: Min: 0, Avg: 2.1, Max: 3, Diff: 3, Sum: 21]
      [Scan RS (ms): Min: 0.0, Avg: 0.0, Max: 0.0, Diff: 0.0, Sum: 0.2]
      [Code Root Scanning (ms): Min: 0.0, Avg: 0.0, Max: 0.0, Diff: 0.0, Sum: 0.0]
      [Object Copy (ms): Min: 10.5, Avg: 10.7, Max: 10.8, Diff: 0.3, Sum: 106.5]
      [Termination (ms): Min: 0.0, Avg: 0.2, Max: 0.3, Diff: 0.3, Sum: 1.6]
         [Termination Attempts: Min: 1, Avg: 1.3, Max: 2, Diff: 1, Sum: 13]
      [GC Worker Other (ms): Min: 0.0, Avg: 0.0, Max: 0.0, Diff: 0.0, Sum: 0.2]
      [GC Worker Total (ms): Min: 11.1, Avg: 11.1, Max: 11.3, Diff: 0.2, Sum: 111.4]
      [GC Worker End (ms): Min: 375.5, Avg: 375.5, Max: 375.6, Diff: 0.0]
   [Code Root Fixup: 0.0 ms]
   [Code Root Purge: 0.0 ms]
   [Clear CT: 0.8 ms]
   [Other: 1.8 ms]
      [Choose CSet: 0.0 ms]
      [Ref Proc: 0.7 ms]
      [Ref Enq: 0.0 ms]
      [Redirty Cards: 0.8 ms]
      [Humongous Register: 0.1 ms]
      [Humongous Reclaim: 0.1 ms]
      [Free CSet: 0.1 ms]
   [Eden: 204.0M(204.0M)->0.0B(174.0M) Survivors: 15.0M->28.0M Heap: 421.5M(1024.0M)->242.7M(1024.0M)]
 [Times: user=0.05 sys=0.11, real=0.02 secs] 
2022-03-13T14:36:06.417+0800: 0.412: [GC pause (G1 Evacuation Pause) (young), 0.0135869 secs]
   [Parallel Time: 11.0 ms, GC Workers: 10]
      [GC Worker Start (ms): Min: 412.0, Avg: 412.1, Max: 412.2, Diff: 0.2]
      [Ext Root Scanning (ms): Min: 0.0, Avg: 0.1, Max: 0.3, Diff: 0.2, Sum: 1.3]
      [Update RS (ms): Min: 0.1, Avg: 0.2, Max: 0.9, Diff: 0.8, Sum: 2.3]
         [Processed Buffers: Min: 0, Avg: 1.7, Max: 2, Diff: 2, Sum: 17]
      [Scan RS (ms): Min: 0.0, Avg: 0.0, Max: 0.0, Diff: 0.0, Sum: 0.2]
      [Code Root Scanning (ms): Min: 0.0, Avg: 0.0, Max: 0.0, Diff: 0.0, Sum: 0.0]
      [Object Copy (ms): Min: 9.1, Avg: 9.8, Max: 10.0, Diff: 0.8, Sum: 97.8]
      [Termination (ms): Min: 0.0, Avg: 0.1, Max: 0.3, Diff: 0.3, Sum: 1.2]
         [Termination Attempts: Min: 1, Avg: 1.0, Max: 1, Diff: 0, Sum: 10]
      [GC Worker Other (ms): Min: 0.0, Avg: 0.0, Max: 0.0, Diff: 0.0, Sum: 0.2]
      [GC Worker Total (ms): Min: 10.2, Avg: 10.3, Max: 10.4, Diff: 0.2, Sum: 103.0]
      [GC Worker End (ms): Min: 422.4, Avg: 422.4, Max: 422.5, Diff: 0.0]
   [Code Root Fixup: 0.0 ms]
   [Code Root Purge: 0.0 ms]
   [Clear CT: 0.7 ms]
   [Other: 1.9 ms]
      [Choose CSet: 0.0 ms]
      [Ref Proc: 1.0 ms]
      [Ref Enq: 0.0 ms]
      [Redirty Cards: 0.6 ms]
      [Humongous Register: 0.1 ms]
      [Humongous Reclaim: 0.1 ms]
      [Free CSet: 0.1 ms]
   [Eden: 174.0M(174.0M)->0.0B(241.0M) Survivors: 28.0M->26.0M Heap: 465.7M(1024.0M)->305.8M(1024.0M)]
 [Times: user=0.11 sys=0.05, real=0.01 secs] 
2022-03-13T14:36:06.487+0800: 0.481: [GC pause (G1 Evacuation Pause) (young), 0.0158061 secs]
   [Parallel Time: 13.3 ms, GC Workers: 10]
      [GC Worker Start (ms): Min: 481.3, Avg: 481.4, Max: 481.5, Diff: 0.2]
      [Ext Root Scanning (ms): Min: 0.1, Avg: 0.1, Max: 0.2, Diff: 0.2, Sum: 1.3]
      [Update RS (ms): Min: 0.2, Avg: 0.3, Max: 0.3, Diff: 0.1, Sum: 2.5]
         [Processed Buffers: Min: 0, Avg: 2.8, Max: 4, Diff: 4, Sum: 28]
      [Scan RS (ms): Min: 0.0, Avg: 0.0, Max: 0.0, Diff: 0.0, Sum: 0.2]
      [Code Root Scanning (ms): Min: 0.0, Avg: 0.0, Max: 0.0, Diff: 0.0, Sum: 0.0]
      [Object Copy (ms): Min: 11.8, Avg: 12.0, Max: 12.1, Diff: 0.3, Sum: 119.6]
      [Termination (ms): Min: 0.0, Avg: 0.2, Max: 0.3, Diff: 0.3, Sum: 1.6]
         [Termination Attempts: Min: 1, Avg: 1.0, Max: 1, Diff: 0, Sum: 10]
      [GC Worker Other (ms): Min: 0.0, Avg: 0.0, Max: 0.0, Diff: 0.0, Sum: 0.2]
      [GC Worker Total (ms): Min: 12.5, Avg: 12.5, Max: 12.6, Diff: 0.2, Sum: 125.4]
      [GC Worker End (ms): Min: 494.0, Avg: 494.0, Max: 494.0, Diff: 0.0]
   [Code Root Fixup: 0.0 ms]
   [Code Root Purge: 0.0 ms]
   [Clear CT: 0.9 ms]
   [Other: 1.6 ms]
      [Choose CSet: 0.0 ms]
      [Ref Proc: 0.7 ms]
      [Ref Enq: 0.0 ms]
      [Redirty Cards: 0.5 ms]
      [Humongous Register: 0.1 ms]
      [Humongous Reclaim: 0.1 ms]
      [Free CSet: 0.1 ms]
   [Eden: 241.0M(241.0M)->0.0B(307.0M) Survivors: 26.0M->34.0M Heap: 608.9M(1024.0M)->381.2M(1024.0M)]
 [Times: user=0.00 sys=0.00, real=0.02 secs] 
2022-03-13T14:36:06.532+0800: 0.527: [GC pause (G1 Humongous Allocation) (young) (initial-mark), 0.0130709 secs]
   [Parallel Time: 10.3 ms, GC Workers: 10]
      [GC Worker Start (ms): Min: 527.2, Avg: 527.3, Max: 527.4, Diff: 0.2]
      [Ext Root Scanning (ms): Min: 0.1, Avg: 0.1, Max: 0.2, Diff: 0.2, Sum: 1.2]
      [Update RS (ms): Min: 0.1, Avg: 0.2, Max: 0.8, Diff: 0.6, Sum: 2.2]
         [Processed Buffers: Min: 0, Avg: 2.0, Max: 3, Diff: 3, Sum: 20]
      [Scan RS (ms): Min: 0.0, Avg: 0.0, Max: 0.0, Diff: 0.0, Sum: 0.2]
      [Code Root Scanning (ms): Min: 0.0, Avg: 0.0, Max: 0.0, Diff: 0.0, Sum: 0.0]
      [Object Copy (ms): Min: 8.6, Avg: 9.2, Max: 9.3, Diff: 0.7, Sum: 91.8]
      [Termination (ms): Min: 0.0, Avg: 0.1, Max: 0.1, Diff: 0.1, Sum: 0.7]
         [Termination Attempts: Min: 1, Avg: 1.4, Max: 2, Diff: 1, Sum: 14]
      [GC Worker Other (ms): Min: 0.0, Avg: 0.0, Max: 0.0, Diff: 0.0, Sum: 0.2]
      [GC Worker Total (ms): Min: 9.6, Avg: 9.6, Max: 9.7, Diff: 0.2, Sum: 96.3]
      [GC Worker End (ms): Min: 536.9, Avg: 536.9, Max: 537.0, Diff: 0.0]
   [Code Root Fixup: 0.0 ms]
   [Code Root Purge: 0.0 ms]
   [Clear CT: 0.7 ms]
   [Other: 2.0 ms]
      [Choose CSet: 0.0 ms]
      [Ref Proc: 0.7 ms]
      [Ref Enq: 0.0 ms]
      [Redirty Cards: 1.0 ms]
      [Humongous Register: 0.1 ms]
      [Humongous Reclaim: 0.1 ms]
      [Free CSet: 0.1 ms]
   [Eden: 174.0M(307.0M)->0.0B(338.0M) Survivors: 34.0M->43.0M Heap: 601.5M(1024.0M)->431.0M(1024.0M)]
 [Times: user=0.00 sys=0.00, real=0.01 secs] 
2022-03-13T14:36:06.545+0800: 0.540: [GC concurrent-root-region-scan-start]
2022-03-13T14:36:06.545+0800: 0.541: [GC concurrent-root-region-scan-end, 0.0003347 secs]
2022-03-13T14:36:06.545+0800: 0.541: [GC concurrent-mark-start]
2022-03-13T14:36:06.547+0800: 0.542: [GC concurrent-mark-end, 0.0015789 secs]
2022-03-13T14:36:06.547+0800: 0.543: [GC remark 2022-03-13T14:36:06.547+0800: 0.543: [Finalize Marking, 0.0007593 secs] 2022-03-13T14:36:06.549+0800: 0.543: [GC ref-proc, 0.0002917 secs] 2022-03-13T14:36:06.549+0800: 0.544: [Unloading, 0.0009726 secs], 0.0029013 secs]
 [Times: user=0.00 sys=0.00, real=0.00 secs] 
2022-03-13T14:36:06.551+0800: 0.546: [GC cleanup 445M->429M(1024M), 0.0023154 secs]
 [Times: user=0.00 sys=0.00, real=0.00 secs] 
2022-03-13T14:36:06.553+0800: 0.548: [GC concurrent-cleanup-start]
2022-03-13T14:36:06.553+0800: 0.548: [GC concurrent-cleanup-end, 0.0000283 secs]
2022-03-13T14:36:06.648+0800: 0.643: [GC pause (G1 Evacuation Pause) (young) (to-space exhausted), 0.0127337 secs]
   [Parallel Time: 9.5 ms, GC Workers: 10]
      [GC Worker Start (ms): Min: 643.6, Avg: 643.7, Max: 643.8, Diff: 0.2]
      [Ext Root Scanning (ms): Min: 0.0, Avg: 0.1, Max: 0.2, Diff: 0.2, Sum: 1.0]
      [Update RS (ms): Min: 0.1, Avg: 0.2, Max: 0.6, Diff: 0.6, Sum: 2.1]
         [Processed Buffers: Min: 0, Avg: 2.0, Max: 3, Diff: 3, Sum: 20]
      [Scan RS (ms): Min: 0.0, Avg: 0.0, Max: 0.1, Diff: 0.1, Sum: 0.4]
      [Code Root Scanning (ms): Min: 0.0, Avg: 0.0, Max: 0.0, Diff: 0.0, Sum: 0.0]
      [Object Copy (ms): Min: 7.9, Avg: 8.4, Max: 8.5, Diff: 0.6, Sum: 83.9]
      [Termination (ms): Min: 0.0, Avg: 0.1, Max: 0.2, Diff: 0.2, Sum: 0.7]
         [Termination Attempts: Min: 1, Avg: 1.0, Max: 1, Diff: 0, Sum: 10]
      [GC Worker Other (ms): Min: 0.0, Avg: 0.1, Max: 0.2, Diff: 0.2, Sum: 0.8]
      [GC Worker Total (ms): Min: 8.8, Avg: 8.9, Max: 9.0, Diff: 0.2, Sum: 88.9]
      [GC Worker End (ms): Min: 652.5, Avg: 652.6, Max: 652.7, Diff: 0.2]
   [Code Root Fixup: 0.0 ms]
   [Code Root Purge: 0.0 ms]
   [Clear CT: 1.1 ms]
   [Other: 2.1 ms]
      [Evacuation Failure: 0.8 ms]
      [Choose CSet: 0.0 ms]
      [Ref Proc: 0.3 ms]
      [Ref Enq: 0.0 ms]
      [Redirty Cards: 0.7 ms]
      [Humongous Register: 0.1 ms]
      [Humongous Reclaim: 0.1 ms]
      [Free CSet: 0.1 ms]
   [Eden: 338.0M(338.0M)->0.0B(6144.0K) Survivors: 43.0M->48.0M Heap: 854.9M(1024.0M)->665.4M(1024.0M)]
 [Times: user=0.05 sys=0.11, real=0.01 secs] 
2022-03-13T14:36:06.662+0800: 0.657: [GC pause (G1 Evacuation Pause) (mixed), 0.0104202 secs]
   [Parallel Time: 8.1 ms, GC Workers: 10]
      [GC Worker Start (ms): Min: 657.3, Avg: 657.4, Max: 657.5, Diff: 0.2]
      [Ext Root Scanning (ms): Min: 0.1, Avg: 0.1, Max: 0.2, Diff: 0.2, Sum: 1.2]
      [Update RS (ms): Min: 0.2, Avg: 0.2, Max: 0.3, Diff: 0.1, Sum: 2.0]
         [Processed Buffers: Min: 0, Avg: 2.1, Max: 3, Diff: 3, Sum: 21]
      [Scan RS (ms): Min: 0.0, Avg: 0.0, Max: 0.1, Diff: 0.1, Sum: 0.5]
      [Code Root Scanning (ms): Min: 0.0, Avg: 0.0, Max: 0.0, Diff: 0.0, Sum: 0.0]
      [Object Copy (ms): Min: 6.9, Avg: 7.1, Max: 7.2, Diff: 0.3, Sum: 70.7]
      [Termination (ms): Min: 0.0, Avg: 0.1, Max: 0.2, Diff: 0.2, Sum: 1.0]
         [Termination Attempts: Min: 1, Avg: 1.0, Max: 1, Diff: 0, Sum: 10]
      [GC Worker Other (ms): Min: 0.0, Avg: 0.0, Max: 0.0, Diff: 0.0, Sum: 0.1]
      [GC Worker Total (ms): Min: 7.5, Avg: 7.5, Max: 7.7, Diff: 0.2, Sum: 75.5]
      [GC Worker End (ms): Min: 665.0, Avg: 665.0, Max: 665.0, Diff: 0.0]
   [Code Root Fixup: 0.0 ms]
   [Code Root Purge: 0.0 ms]
   [Clear CT: 0.8 ms]
   [Other: 1.5 ms]
      [Choose CSet: 0.0 ms]
      [Ref Proc: 0.7 ms]
      [Ref Enq: 0.0 ms]
      [Redirty Cards: 0.6 ms]
      [Humongous Register: 0.1 ms]
      [Humongous Reclaim: 0.0 ms]
      [Free CSet: 0.1 ms]
   [Eden: 6144.0K(6144.0K)->0.0B(49.0M) Survivors: 48.0M->2048.0K Heap: 674.1M(1024.0M)->576.8M(1024.0M)]
 [Times: user=0.00 sys=0.00, real=0.01 secs] 
2022-03-13T14:36:06.679+0800: 0.675: [GC pause (G1 Evacuation Pause) (mixed), 0.0047139 secs]
   [Parallel Time: 2.5 ms, GC Workers: 10]
      [GC Worker Start (ms): Min: 674.9, Avg: 675.0, Max: 675.1, Diff: 0.2]
      [Ext Root Scanning (ms): Min: 0.0, Avg: 0.1, Max: 0.2, Diff: 0.2, Sum: 0.9]
      [Update RS (ms): Min: 0.2, Avg: 0.3, Max: 1.2, Diff: 1.0, Sum: 2.9]
         [Processed Buffers: Min: 0, Avg: 2.2, Max: 3, Diff: 3, Sum: 22]
      [Scan RS (ms): Min: 0.0, Avg: 0.0, Max: 0.0, Diff: 0.0, Sum: 0.1]
      [Code Root Scanning (ms): Min: 0.0, Avg: 0.0, Max: 0.0, Diff: 0.0, Sum: 0.0]
      [Object Copy (ms): Min: 1.0, Avg: 1.9, Max: 2.0, Diff: 1.0, Sum: 19.1]
      [Termination (ms): Min: 0.0, Avg: 0.0, Max: 0.1, Diff: 0.1, Sum: 0.4]
         [Termination Attempts: Min: 1, Avg: 1.0, Max: 1, Diff: 0, Sum: 10]
      [GC Worker Other (ms): Min: 0.0, Avg: 0.0, Max: 0.0, Diff: 0.0, Sum: 0.1]
      [GC Worker Total (ms): Min: 2.3, Avg: 2.3, Max: 2.5, Diff: 0.2, Sum: 23.4]
      [GC Worker End (ms): Min: 677.3, Avg: 677.3, Max: 677.3, Diff: 0.0]
   [Code Root Fixup: 0.0 ms]
   [Code Root Purge: 0.0 ms]
   [Clear CT: 0.7 ms]
   [Other: 1.4 ms]
      [Choose CSet: 0.0 ms]
      [Ref Proc: 0.5 ms]
      [Ref Enq: 0.0 ms]
      [Redirty Cards: 0.7 ms]
      [Humongous Register: 0.1 ms]
      [Humongous Reclaim: 0.1 ms]
      [Free CSet: 0.0 ms]
   [Eden: 49.0M(49.0M)->0.0B(214.0M) Survivors: 2048.0K->7168.0K Heap: 637.3M(1024.0M)->589.4M(1024.0M)]
 [Times: user=0.00 sys=0.00, real=0.01 secs] 
2022-03-13T14:36:06.685+0800: 0.680: [GC pause (G1 Humongous Allocation) (young) (initial-mark), 0.0034732 secs]
   [Parallel Time: 1.4 ms, GC Workers: 10]
      [GC Worker Start (ms): Min: 680.1, Avg: 680.3, Max: 680.3, Diff: 0.2]
      [Ext Root Scanning (ms): Min: 0.1, Avg: 0.1, Max: 0.3, Diff: 0.2, Sum: 1.2]
      [Update RS (ms): Min: 0.0, Avg: 0.1, Max: 0.1, Diff: 0.1, Sum: 0.8]
         [Processed Buffers: Min: 1, Avg: 1.2, Max: 2, Diff: 1, Sum: 12]
      [Scan RS (ms): Min: 0.0, Avg: 0.0, Max: 0.0, Diff: 0.0, Sum: 0.0]
      [Code Root Scanning (ms): Min: 0.0, Avg: 0.0, Max: 0.0, Diff: 0.0, Sum: 0.0]
      [Object Copy (ms): Min: 0.6, Avg: 0.7, Max: 0.8, Diff: 0.2, Sum: 7.3]
      [Termination (ms): Min: 0.0, Avg: 0.1, Max: 0.2, Diff: 0.2, Sum: 0.9]
         [Termination Attempts: Min: 1, Avg: 1.0, Max: 1, Diff: 0, Sum: 10]
      [GC Worker Other (ms): Min: 0.0, Avg: 0.0, Max: 0.0, Diff: 0.0, Sum: 0.1]
      [GC Worker Total (ms): Min: 1.0, Avg: 1.0, Max: 1.2, Diff: 0.2, Sum: 10.3]
      [GC Worker End (ms): Min: 681.3, Avg: 681.3, Max: 681.3, Diff: 0.0]
   [Code Root Fixup: 0.0 ms]
   [Code Root Purge: 0.0 ms]
   [Clear CT: 0.8 ms]
   [Other: 1.3 ms]
      [Choose CSet: 0.0 ms]
      [Ref Proc: 0.7 ms]
      [Ref Enq: 0.0 ms]
      [Redirty Cards: 0.3 ms]
      [Humongous Register: 0.1 ms]
      [Humongous Reclaim: 0.0 ms]
      [Free CSet: 0.0 ms]
   [Eden: 1024.0K(214.0M)->0.0B(208.0M) Survivors: 7168.0K->7168.0K Heap: 590.2M(1024.0M)->589.2M(1024.0M)]
 [Times: user=0.00 sys=0.00, real=0.00 secs] 
2022-03-13T14:36:06.689+0800: 0.683: [GC concurrent-root-region-scan-start]
2022-03-13T14:36:06.689+0800: 0.684: [GC concurrent-root-region-scan-end, 0.0001536 secs]
2022-03-13T14:36:06.689+0800: 0.684: [GC concurrent-mark-start]
2022-03-13T14:36:06.691+0800: 0.686: [GC concurrent-mark-end, 0.0019098 secs]
2022-03-13T14:36:06.691+0800: 0.686: [GC remark 2022-03-13T14:36:06.691+0800: 0.686: [Finalize Marking, 0.0004490 secs] 2022-03-13T14:36:06.692+0800: 0.686: [GC ref-proc, 0.0002568 secs] 2022-03-13T14:36:06.692+0800: 0.686: [Unloading, 0.0006985 secs], 0.0023418 secs]
 [Times: user=0.00 sys=0.00, real=0.00 secs] 
2022-03-13T14:36:06.694+0800: 0.688: [GC cleanup 606M->589M(1024M), 0.0019099 secs]
 [Times: user=0.00 sys=0.00, real=0.00 secs] 
2022-03-13T14:36:06.695+0800: 0.690: [GC concurrent-cleanup-start]
2022-03-13T14:36:06.696+0800: 0.690: [GC concurrent-cleanup-end, 0.0000246 secs]
2022-03-13T14:36:06.729+0800: 0.724: [GC pause (G1 Evacuation Pause) (young), 0.0106505 secs]
   [Parallel Time: 8.6 ms, GC Workers: 10]
      [GC Worker Start (ms): Min: 724.2, Avg: 724.3, Max: 724.3, Diff: 0.2]
      [Ext Root Scanning (ms): Min: 0.0, Avg: 0.1, Max: 0.2, Diff: 0.2, Sum: 1.1]
      [Update RS (ms): Min: 0.3, Avg: 0.4, Max: 0.7, Diff: 0.4, Sum: 3.6]
         [Processed Buffers: Min: 0, Avg: 3.7, Max: 5, Diff: 5, Sum: 37]
      [Scan RS (ms): Min: 0.0, Avg: 0.0, Max: 0.0, Diff: 0.0, Sum: 0.1]
      [Code Root Scanning (ms): Min: 0.0, Avg: 0.0, Max: 0.0, Diff: 0.0, Sum: 0.0]
      [Object Copy (ms): Min: 7.0, Avg: 7.4, Max: 7.6, Diff: 0.6, Sum: 74.0]
      [Termination (ms): Min: 0.0, Avg: 0.1, Max: 0.3, Diff: 0.3, Sum: 1.4]
         [Termination Attempts: Min: 1, Avg: 1.1, Max: 2, Diff: 1, Sum: 11]
      [GC Worker Other (ms): Min: 0.0, Avg: 0.0, Max: 0.0, Diff: 0.0, Sum: 0.1]
      [GC Worker Total (ms): Min: 8.0, Avg: 8.0, Max: 8.1, Diff: 0.2, Sum: 80.4]
      [GC Worker End (ms): Min: 732.3, Avg: 732.3, Max: 732.3, Diff: 0.0]
   [Code Root Fixup: 0.0 ms]
   [Code Root Purge: 0.0 ms]
   [Clear CT: 0.9 ms]
   [Other: 1.1 ms]
      [Choose CSet: 0.0 ms]
      [Ref Proc: 0.2 ms]
      [Ref Enq: 0.0 ms]
      [Redirty Cards: 0.6 ms]
      [Humongous Register: 0.1 ms]
      [Humongous Reclaim: 0.1 ms]
      [Free CSet: 0.1 ms]
   [Eden: 208.0M(208.0M)->0.0B(24.0M) Survivors: 7168.0K->27.0M Heap: 823.0M(1024.0M)->628.7M(1024.0M)]
 [Times: user=0.14 sys=0.02, real=0.01 secs] 
2022-03-13T14:36:06.744+0800: 0.739: [GC pause (G1 Evacuation Pause) (mixed), 0.0084871 secs]
   [Parallel Time: 5.9 ms, GC Workers: 10]
      [GC Worker Start (ms): Min: 738.7, Avg: 738.8, Max: 738.9, Diff: 0.2]
      [Ext Root Scanning (ms): Min: 0.0, Avg: 0.1, Max: 0.2, Diff: 0.2, Sum: 0.9]
      [Update RS (ms): Min: 0.3, Avg: 0.3, Max: 0.4, Diff: 0.1, Sum: 2.8]
         [Processed Buffers: Min: 0, Avg: 3.2, Max: 5, Diff: 5, Sum: 32]
      [Scan RS (ms): Min: 0.0, Avg: 0.0, Max: 0.0, Diff: 0.0, Sum: 0.2]
      [Code Root Scanning (ms): Min: 0.0, Avg: 0.0, Max: 0.0, Diff: 0.0, Sum: 0.0]
      [Object Copy (ms): Min: 4.6, Avg: 4.7, Max: 4.8, Diff: 0.1, Sum: 46.9]
      [Termination (ms): Min: 0.0, Avg: 0.1, Max: 0.1, Diff: 0.1, Sum: 0.6]
         [Termination Attempts: Min: 1, Avg: 1.2, Max: 3, Diff: 2, Sum: 12]
      [GC Worker Other (ms): Min: 0.0, Avg: 0.0, Max: 0.0, Diff: 0.0, Sum: 0.1]
      [GC Worker Total (ms): Min: 5.1, Avg: 5.1, Max: 5.3, Diff: 0.2, Sum: 51.4]
      [GC Worker End (ms): Min: 744.0, Avg: 744.0, Max: 744.0, Diff: 0.0]
   [Code Root Fixup: 0.0 ms]
   [Code Root Purge: 0.0 ms]
   [Clear CT: 0.8 ms]
   [Other: 1.7 ms]
      [Choose CSet: 0.0 ms]
      [Ref Proc: 0.7 ms]
      [Ref Enq: 0.0 ms]
      [Redirty Cards: 0.8 ms]
      [Humongous Register: 0.1 ms]
      [Humongous Reclaim: 0.0 ms]
      [Free CSet: 0.1 ms]
   [Eden: 24.0M(24.0M)->0.0B(45.0M) Survivors: 27.0M->6144.0K Heap: 656.7M(1024.0M)->538.8M(1024.0M)]
 [Times: user=0.00 sys=0.00, real=0.01 secs] 
2022-03-13T14:36:06.759+0800: 0.754: [GC pause (G1 Evacuation Pause) (mixed), 0.0082121 secs]
   [Parallel Time: 6.0 ms, GC Workers: 10]
      [GC Worker Start (ms): Min: 753.9, Avg: 754.0, Max: 754.1, Diff: 0.2]
      [Ext Root Scanning (ms): Min: 0.0, Avg: 0.1, Max: 0.2, Diff: 0.2, Sum: 1.0]
      [Update RS (ms): Min: 0.2, Avg: 0.3, Max: 0.5, Diff: 0.3, Sum: 2.7]
         [Processed Buffers: Min: 0, Avg: 2.8, Max: 4, Diff: 4, Sum: 28]
      [Scan RS (ms): Min: 0.0, Avg: 0.0, Max: 0.1, Diff: 0.1, Sum: 0.2]
      [Code Root Scanning (ms): Min: 0.0, Avg: 0.0, Max: 0.0, Diff: 0.0, Sum: 0.0]
      [Object Copy (ms): Min: 5.0, Avg: 5.2, Max: 5.3, Diff: 0.3, Sum: 52.1]
      [Termination (ms): Min: 0.0, Avg: 0.1, Max: 0.2, Diff: 0.2, Sum: 0.8]
         [Termination Attempts: Min: 1, Avg: 1.2, Max: 2, Diff: 1, Sum: 12]
      [GC Worker Other (ms): Min: 0.0, Avg: 0.0, Max: 0.0, Diff: 0.0, Sum: 0.1]
      [GC Worker Total (ms): Min: 5.6, Avg: 5.7, Max: 5.8, Diff: 0.2, Sum: 56.8]
      [GC Worker End (ms): Min: 759.7, Avg: 759.7, Max: 759.7, Diff: 0.0]
   [Code Root Fixup: 0.0 ms]
   [Code Root Purge: 0.0 ms]
   [Clear CT: 0.9 ms]
   [Other: 1.3 ms]
      [Choose CSet: 0.0 ms]
      [Ref Proc: 0.6 ms]
      [Ref Enq: 0.0 ms]
      [Redirty Cards: 0.4 ms]
      [Humongous Register: 0.1 ms]
      [Humongous Reclaim: 0.0 ms]
      [Free CSet: 0.1 ms]
   [Eden: 45.0M(45.0M)->0.0B(44.0M) Survivors: 6144.0K->7168.0K Heap: 595.8M(1024.0M)->472.8M(1024.0M)]
 [Times: user=0.05 sys=0.00, real=0.01 secs] 
2022-03-13T14:36:06.773+0800: 0.768: [GC pause (G1 Evacuation Pause) (mixed), 0.0080047 secs]
   [Parallel Time: 5.5 ms, GC Workers: 10]
      [GC Worker Start (ms): Min: 768.3, Avg: 768.4, Max: 768.5, Diff: 0.2]
      [Ext Root Scanning (ms): Min: 0.0, Avg: 0.1, Max: 0.2, Diff: 0.2, Sum: 0.8]
      [Update RS (ms): Min: 0.2, Avg: 0.3, Max: 0.4, Diff: 0.1, Sum: 2.7]
         [Processed Buffers: Min: 0, Avg: 3.0, Max: 4, Diff: 4, Sum: 30]
      [Scan RS (ms): Min: 0.0, Avg: 0.0, Max: 0.0, Diff: 0.0, Sum: 0.2]
      [Code Root Scanning (ms): Min: 0.0, Avg: 0.0, Max: 0.0, Diff: 0.0, Sum: 0.0]
      [Object Copy (ms): Min: 4.6, Avg: 4.7, Max: 4.8, Diff: 0.2, Sum: 46.6]
      [Termination (ms): Min: 0.0, Avg: 0.1, Max: 0.2, Diff: 0.2, Sum: 0.9]
         [Termination Attempts: Min: 1, Avg: 1.0, Max: 1, Diff: 0, Sum: 10]
      [GC Worker Other (ms): Min: 0.0, Avg: 0.0, Max: 0.0, Diff: 0.0, Sum: 0.1]
      [GC Worker Total (ms): Min: 5.1, Avg: 5.1, Max: 5.3, Diff: 0.2, Sum: 51.4]
      [GC Worker End (ms): Min: 773.6, Avg: 773.6, Max: 773.6, Diff: 0.0]
   [Code Root Fixup: 0.0 ms]
   [Code Root Purge: 0.0 ms]
   [Clear CT: 0.9 ms]
   [Other: 1.5 ms]
      [Choose CSet: 0.0 ms]
      [Ref Proc: 0.7 ms]
      [Ref Enq: 0.0 ms]
      [Redirty Cards: 0.6 ms]
      [Humongous Register: 0.1 ms]
      [Humongous Reclaim: 0.0 ms]
      [Free CSet: 0.1 ms]
   [Eden: 44.0M(44.0M)->0.0B(318.0M) Survivors: 7168.0K->7168.0K Heap: 527.2M(1024.0M)->449.1M(1024.0M)]
 [Times: user=0.00 sys=0.02, real=0.01 secs] 
2022-03-13T14:36:06.781+0800: 0.776: [GC pause (G1 Humongous Allocation) (young) (initial-mark), 0.0026845 secs]
   [Parallel Time: 1.0 ms, GC Workers: 10]
      [GC Worker Start (ms): Min: 776.5, Avg: 776.6, Max: 776.6, Diff: 0.1]
      [Ext Root Scanning (ms): Min: 0.1, Avg: 0.1, Max: 0.2, Diff: 0.1, Sum: 1.1]
      [Update RS (ms): Min: 0.0, Avg: 0.1, Max: 0.3, Diff: 0.2, Sum: 1.0]
         [Processed Buffers: Min: 0, Avg: 1.1, Max: 2, Diff: 2, Sum: 11]
      [Scan RS (ms): Min: 0.0, Avg: 0.0, Max: 0.0, Diff: 0.0, Sum: 0.0]
      [Code Root Scanning (ms): Min: 0.0, Avg: 0.0, Max: 0.0, Diff: 0.0, Sum: 0.0]
      [Object Copy (ms): Min: 0.5, Avg: 0.6, Max: 0.7, Diff: 0.2, Sum: 6.2]
      [Termination (ms): Min: 0.0, Avg: 0.1, Max: 0.2, Diff: 0.2, Sum: 0.7]
         [Termination Attempts: Min: 1, Avg: 1.0, Max: 1, Diff: 0, Sum: 10]
      [GC Worker Other (ms): Min: 0.0, Avg: 0.0, Max: 0.0, Diff: 0.0, Sum: 0.1]
      [GC Worker Total (ms): Min: 0.9, Avg: 0.9, Max: 1.0, Diff: 0.2, Sum: 9.1]
      [GC Worker End (ms): Min: 777.5, Avg: 777.5, Max: 777.5, Diff: 0.0]
   [Code Root Fixup: 0.0 ms]
   [Code Root Purge: 0.0 ms]
   [Clear CT: 0.6 ms]
   [Other: 1.0 ms]
      [Choose CSet: 0.0 ms]
      [Ref Proc: 0.5 ms]
      [Ref Enq: 0.0 ms]
      [Redirty Cards: 0.4 ms]
      [Humongous Register: 0.1 ms]
      [Humongous Reclaim: 0.0 ms]
      [Free CSet: 0.0 ms]
   [Eden: 1024.0K(318.0M)->0.0B(337.0M) Survivors: 7168.0K->7168.0K Heap: 449.9M(1024.0M)->449.1M(1024.0M)]
 [Times: user=0.00 sys=0.00, real=0.00 secs] 
2022-03-13T14:36:06.784+0800: 0.779: [GC concurrent-root-region-scan-start]
2022-03-13T14:36:06.784+0800: 0.779: [GC concurrent-root-region-scan-end, 0.0001772 secs]
2022-03-13T14:36:06.784+0800: 0.779: [GC concurrent-mark-start]
2022-03-13T14:36:06.786+0800: 0.782: [GC concurrent-mark-end, 0.0021878 secs]
2022-03-13T14:36:06.786+0800: 0.782: [GC remark 2022-03-13T14:36:06.786+0800: 0.782: [Finalize Marking, 0.0005188 secs] 2022-03-13T14:36:06.788+0800: 0.782: [GC ref-proc, 0.0002570 secs] 2022-03-13T14:36:06.788+0800: 0.783: [Unloading, 0.0005566 secs], 0.0023569 secs]
 [Times: user=0.00 sys=0.00, real=0.00 secs] 
2022-03-13T14:36:06.790+0800: 0.784: [GC cleanup 464M->459M(1024M), 0.0021654 secs]
 [Times: user=0.00 sys=0.00, real=0.00 secs] 
2022-03-13T14:36:06.792+0800: 0.786: [GC concurrent-cleanup-start]
2022-03-13T14:36:06.792+0800: 0.786: [GC concurrent-cleanup-end, 0.0000093 secs]
2022-03-13T14:36:06.846+0800: 0.841: [GC pause (G1 Evacuation Pause) (young) (to-space exhausted), 0.0083721 secs]
   [Parallel Time: 5.8 ms, GC Workers: 10]
      [GC Worker Start (ms): Min: 841.4, Avg: 841.5, Max: 841.6, Diff: 0.2]
      [Ext Root Scanning (ms): Min: 0.0, Avg: 0.1, Max: 0.2, Diff: 0.2, Sum: 0.9]
      [Update RS (ms): Min: 0.4, Avg: 0.4, Max: 0.4, Diff: 0.1, Sum: 3.9]
         [Processed Buffers: Min: 0, Avg: 4.2, Max: 5, Diff: 5, Sum: 42]
      [Scan RS (ms): Min: 0.0, Avg: 0.0, Max: 0.1, Diff: 0.1, Sum: 0.3]
      [Code Root Scanning (ms): Min: 0.0, Avg: 0.0, Max: 0.0, Diff: 0.0, Sum: 0.0]
      [Object Copy (ms): Min: 4.7, Avg: 4.8, Max: 4.8, Diff: 0.1, Sum: 47.6]
      [Termination (ms): Min: 0.0, Avg: 0.0, Max: 0.1, Diff: 0.1, Sum: 0.5]
         [Termination Attempts: Min: 1, Avg: 1.5, Max: 3, Diff: 2, Sum: 15]
      [GC Worker Other (ms): Min: 0.0, Avg: 0.0, Max: 0.1, Diff: 0.1, Sum: 0.2]
      [GC Worker Total (ms): Min: 5.3, Avg: 5.3, Max: 5.5, Diff: 0.2, Sum: 53.5]
      [GC Worker End (ms): Min: 846.8, Avg: 846.8, Max: 846.9, Diff: 0.1]
   [Code Root Fixup: 0.0 ms]
   [Code Root Purge: 0.0 ms]
   [Clear CT: 0.9 ms]
   [Other: 1.7 ms]
      [Evacuation Failure: 0.7 ms]
      [Choose CSet: 0.0 ms]
      [Ref Proc: 0.3 ms]
      [Ref Enq: 0.0 ms]
      [Redirty Cards: 0.4 ms]
      [Humongous Register: 0.1 ms]
      [Humongous Reclaim: 0.1 ms]
      [Free CSet: 0.1 ms]
   [Eden: 337.0M(337.0M)->0.0B(15.0M) Survivors: 7168.0K->36.0M Heap: 875.5M(1024.0M)->725.9M(1024.0M)]
 [Times: user=0.00 sys=0.00, real=0.01 secs] 
2022-03-13T14:36:06.857+0800: 0.852: [GC pause (G1 Evacuation Pause) (mixed), 0.0118270 secs]
   [Parallel Time: 8.9 ms, GC Workers: 10]
      [GC Worker Start (ms): Min: 852.2, Avg: 852.3, Max: 852.3, Diff: 0.1]
      [Ext Root Scanning (ms): Min: 0.1, Avg: 0.1, Max: 0.2, Diff: 0.1, Sum: 1.3]
      [Update RS (ms): Min: 0.4, Avg: 0.4, Max: 0.4, Diff: 0.1, Sum: 3.8]
         [Processed Buffers: Min: 0, Avg: 4.3, Max: 6, Diff: 6, Sum: 43]
      [Scan RS (ms): Min: 0.0, Avg: 0.0, Max: 0.1, Diff: 0.1, Sum: 0.3]
      [Code Root Scanning (ms): Min: 0.0, Avg: 0.0, Max: 0.0, Diff: 0.0, Sum: 0.0]
      [Object Copy (ms): Min: 7.4, Avg: 7.5, Max: 7.5, Diff: 0.1, Sum: 74.8]
      [Termination (ms): Min: 0.0, Avg: 0.0, Max: 0.1, Diff: 0.1, Sum: 0.3]
         [Termination Attempts: Min: 1, Avg: 1.0, Max: 1, Diff: 0, Sum: 10]
      [GC Worker Other (ms): Min: 0.0, Avg: 0.0, Max: 0.0, Diff: 0.0, Sum: 0.1]
      [GC Worker Total (ms): Min: 8.0, Avg: 8.1, Max: 8.1, Diff: 0.1, Sum: 80.7]
      [GC Worker End (ms): Min: 860.3, Avg: 860.3, Max: 860.3, Diff: 0.0]
   [Code Root Fixup: 0.0 ms]
   [Code Root Purge: 0.0 ms]
   [Clear CT: 1.2 ms]
   [Other: 1.7 ms]
      [Choose CSet: 0.0 ms]
      [Ref Proc: 0.5 ms]
      [Ref Enq: 0.0 ms]
      [Redirty Cards: 0.9 ms]
      [Humongous Register: 0.1 ms]
      [Humongous Reclaim: 0.0 ms]
      [Free CSet: 0.1 ms]
   [Eden: 15.0M(15.0M)->0.0B(163.0M) Survivors: 36.0M->4096.0K Heap: 748.8M(1024.0M)->659.4M(1024.0M)]
 [Times: user=0.16 sys=0.00, real=0.01 secs] 
2022-03-13T14:36:06.869+0800: 0.864: [GC pause (G1 Humongous Allocation) (young) (initial-mark), 0.0030380 secs]
   [Parallel Time: 1.3 ms, GC Workers: 10]
      [GC Worker Start (ms): Min: 864.4, Avg: 864.6, Max: 864.6, Diff: 0.2]
      [Ext Root Scanning (ms): Min: 0.0, Avg: 0.1, Max: 0.2, Diff: 0.2, Sum: 0.8]
      [Update RS (ms): Min: 0.1, Avg: 0.1, Max: 0.2, Diff: 0.2, Sum: 1.1]
         [Processed Buffers: Min: 1, Avg: 1.1, Max: 2, Diff: 1, Sum: 11]
      [Scan RS (ms): Min: 0.0, Avg: 0.0, Max: 0.0, Diff: 0.0, Sum: 0.0]
      [Code Root Scanning (ms): Min: 0.0, Avg: 0.0, Max: 0.0, Diff: 0.0, Sum: 0.0]
      [Object Copy (ms): Min: 0.3, Avg: 0.4, Max: 0.5, Diff: 0.2, Sum: 4.2]
      [Termination (ms): Min: 0.0, Avg: 0.0, Max: 0.1, Diff: 0.1, Sum: 0.3]
         [Termination Attempts: Min: 1, Avg: 1.1, Max: 2, Diff: 1, Sum: 11]
      [GC Worker Other (ms): Min: 0.0, Avg: 0.0, Max: 0.0, Diff: 0.0, Sum: 0.1]
      [GC Worker Total (ms): Min: 0.6, Avg: 0.7, Max: 0.8, Diff: 0.2, Sum: 6.6]
      [GC Worker End (ms): Min: 865.2, Avg: 865.2, Max: 865.2, Diff: 0.0]
   [Code Root Fixup: 0.0 ms]
   [Code Root Purge: 0.0 ms]
   [Clear CT: 0.7 ms]
   [Other: 1.1 ms]
      [Choose CSet: 0.0 ms]
      [Ref Proc: 0.5 ms]
      [Ref Enq: 0.0 ms]
      [Redirty Cards: 0.4 ms]
      [Humongous Register: 0.1 ms]
      [Humongous Reclaim: 0.0 ms]
      [Free CSet: 0.0 ms]
   [Eden: 3072.0K(163.0M)->0.0B(158.0M) Survivors: 4096.0K->5120.0K Heap: 661.7M(1024.0M)->660.0M(1024.0M)]
 [Times: user=0.00 sys=0.00, real=0.00 secs] 
2022-03-13T14:36:06.873+0800: 0.868: [GC concurrent-root-region-scan-start]
2022-03-13T14:36:06.873+0800: 0.868: [GC concurrent-root-region-scan-end, 0.0002093 secs]
2022-03-13T14:36:06.873+0800: 0.868: [GC concurrent-mark-start]
2022-03-13T14:36:06.875+0800: 0.870: [GC concurrent-mark-end, 0.0019455 secs]
2022-03-13T14:36:06.876+0800: 0.870: [GC remark 2022-03-13T14:36:06.876+0800: 0.870: [Finalize Marking, 0.0005379 secs] 2022-03-13T14:36:06.876+0800: 0.871: [GC ref-proc, 0.0002577 secs] 2022-03-13T14:36:06.876+0800: 0.871: [Unloading, 0.0006996 secs], 0.0026455 secs]
 [Times: user=0.00 sys=0.00, real=0.00 secs] 
2022-03-13T14:36:06.878+0800: 0.873: [GC cleanup 677M->673M(1024M), 0.0029654 secs]
 [Times: user=0.00 sys=0.00, real=0.00 secs] 
2022-03-13T14:36:06.881+0800: 0.876: [GC concurrent-cleanup-start]
2022-03-13T14:36:06.881+0800: 0.876: [GC concurrent-cleanup-end, 0.0000084 secs]
2022-03-13T14:36:06.905+0800: 0.900: [GC pause (G1 Evacuation Pause) (young), 0.0094059 secs]
   [Parallel Time: 7.0 ms, GC Workers: 10]
      [GC Worker Start (ms): Min: 900.6, Avg: 900.7, Max: 900.8, Diff: 0.2]
      [Ext Root Scanning (ms): Min: 0.0, Avg: 0.1, Max: 0.2, Diff: 0.2, Sum: 0.7]
      [Update RS (ms): Min: 0.4, Avg: 0.4, Max: 0.5, Diff: 0.1, Sum: 4.2]
         [Processed Buffers: Min: 0, Avg: 4.7, Max: 6, Diff: 6, Sum: 47]
      [Scan RS (ms): Min: 0.0, Avg: 0.0, Max: 0.0, Diff: 0.0, Sum: 0.1]
      [Code Root Scanning (ms): Min: 0.0, Avg: 0.0, Max: 0.0, Diff: 0.0, Sum: 0.0]
      [Object Copy (ms): Min: 5.7, Avg: 5.8, Max: 5.9, Diff: 0.1, Sum: 57.9]
      [Termination (ms): Min: 0.0, Avg: 0.1, Max: 0.1, Diff: 0.1, Sum: 0.8]
         [Termination Attempts: Min: 1, Avg: 1.0, Max: 1, Diff: 0, Sum: 10]
      [GC Worker Other (ms): Min: 0.0, Avg: 0.0, Max: 0.0, Diff: 0.0, Sum: 0.1]
      [GC Worker Total (ms): Min: 6.3, Avg: 6.4, Max: 6.5, Diff: 0.2, Sum: 63.9]
      [GC Worker End (ms): Min: 907.1, Avg: 907.1, Max: 907.1, Diff: 0.0]
   [Code Root Fixup: 0.0 ms]
   [Code Root Purge: 0.0 ms]
   [Clear CT: 0.8 ms]
   [Other: 1.7 ms]
      [Choose CSet: 0.0 ms]
      [Ref Proc: 0.6 ms]
      [Ref Enq: 0.0 ms]
      [Redirty Cards: 0.7 ms]
      [Humongous Register: 0.1 ms]
      [Humongous Reclaim: 0.1 ms]
      [Free CSet: 0.1 ms]
   [Eden: 158.0M(158.0M)->0.0B(30.0M) Survivors: 5120.0K->21.0M Heap: 850.1M(1024.0M)->699.4M(1024.0M)]
 [Times: user=0.00 sys=0.00, real=0.01 secs] 
2022-03-13T14:36:06.920+0800: 0.915: [GC pause (G1 Evacuation Pause) (mixed), 0.0076535 secs]
   [Parallel Time: 5.3 ms, GC Workers: 10]
      [GC Worker Start (ms): Min: 915.2, Avg: 915.4, Max: 915.5, Diff: 0.3]
      [Ext Root Scanning (ms): Min: 0.0, Avg: 0.1, Max: 0.3, Diff: 0.3, Sum: 1.0]
      [Update RS (ms): Min: 0.3, Avg: 0.4, Max: 0.4, Diff: 0.1, Sum: 3.7]
         [Processed Buffers: Min: 0, Avg: 4.1, Max: 6, Diff: 6, Sum: 41]
      [Scan RS (ms): Min: 0.0, Avg: 0.0, Max: 0.0, Diff: 0.0, Sum: 0.2]
      [Code Root Scanning (ms): Min: 0.0, Avg: 0.0, Max: 0.0, Diff: 0.0, Sum: 0.0]
      [Object Copy (ms): Min: 4.1, Avg: 4.2, Max: 4.3, Diff: 0.1, Sum: 42.0]
      [Termination (ms): Min: 0.0, Avg: 0.1, Max: 0.1, Diff: 0.1, Sum: 0.5]
         [Termination Attempts: Min: 1, Avg: 1.4, Max: 3, Diff: 2, Sum: 14]
      [GC Worker Other (ms): Min: 0.0, Avg: 0.0, Max: 0.0, Diff: 0.0, Sum: 0.1]
      [GC Worker Total (ms): Min: 4.7, Avg: 4.8, Max: 5.0, Diff: 0.3, Sum: 47.5]
      [GC Worker End (ms): Min: 920.1, Avg: 920.1, Max: 920.1, Diff: 0.0]
   [Code Root Fixup: 0.0 ms]
   [Code Root Purge: 0.0 ms]
   [Clear CT: 1.0 ms]
   [Other: 1.3 ms]
      [Choose CSet: 0.1 ms]
      [Ref Proc: 0.3 ms]
      [Ref Enq: 0.0 ms]
      [Redirty Cards: 0.6 ms]
      [Humongous Register: 0.1 ms]
      [Humongous Reclaim: 0.0 ms]
      [Free CSet: 0.1 ms]
   [Eden: 30.0M(30.0M)->0.0B(44.0M) Survivors: 21.0M->7168.0K Heap: 737.7M(1024.0M)->609.5M(1024.0M)]
 [Times: user=0.14 sys=0.02, real=0.01 secs] 
2022-03-13T14:36:06.934+0800: 0.929: [GC pause (G1 Evacuation Pause) (mixed), 0.0095326 secs]
   [Parallel Time: 6.2 ms, GC Workers: 10]
      [GC Worker Start (ms): Min: 929.2, Avg: 929.4, Max: 929.4, Diff: 0.2]
      [Ext Root Scanning (ms): Min: 0.0, Avg: 0.1, Max: 0.2, Diff: 0.2, Sum: 1.0]
      [Update RS (ms): Min: 0.4, Avg: 0.4, Max: 0.5, Diff: 0.1, Sum: 4.3]
         [Processed Buffers: Min: 1, Avg: 4.9, Max: 6, Diff: 5, Sum: 49]
      [Scan RS (ms): Min: 0.0, Avg: 0.0, Max: 0.1, Diff: 0.1, Sum: 0.3]
      [Code Root Scanning (ms): Min: 0.0, Avg: 0.0, Max: 0.0, Diff: 0.0, Sum: 0.0]
      [Object Copy (ms): Min: 5.3, Avg: 5.3, Max: 5.4, Diff: 0.1, Sum: 53.0]
      [Termination (ms): Min: 0.0, Avg: 0.1, Max: 0.1, Diff: 0.1, Sum: 0.8]
         [Termination Attempts: Min: 1, Avg: 1.1, Max: 2, Diff: 1, Sum: 11]
      [GC Worker Other (ms): Min: 0.0, Avg: 0.0, Max: 0.0, Diff: 0.0, Sum: 0.1]
      [GC Worker Total (ms): Min: 5.9, Avg: 6.0, Max: 6.1, Diff: 0.2, Sum: 59.6]
      [GC Worker End (ms): Min: 935.3, Avg: 935.3, Max: 935.3, Diff: 0.0]
   [Code Root Fixup: 0.0 ms]
   [Code Root Purge: 0.0 ms]
   [Clear CT: 0.9 ms]
   [Other: 2.4 ms]
      [Choose CSet: 0.0 ms]
      [Ref Proc: 1.0 ms]
      [Ref Enq: 0.0 ms]
      [Redirty Cards: 1.1 ms]
      [Humongous Register: 0.1 ms]
      [Humongous Reclaim: 0.0 ms]
      [Free CSet: 0.1 ms]
   [Eden: 44.0M(44.0M)->0.0B(44.0M) Survivors: 7168.0K->7168.0K Heap: 673.4M(1024.0M)->544.4M(1024.0M)]
 [Times: user=0.16 sys=0.00, real=0.01 secs] 
2022-03-13T14:36:06.950+0800: 0.945: [GC pause (G1 Evacuation Pause) (mixed), 0.0092931 secs]
   [Parallel Time: 7.0 ms, GC Workers: 10]
      [GC Worker Start (ms): Min: 945.5, Avg: 945.7, Max: 945.7, Diff: 0.2]
      [Ext Root Scanning (ms): Min: 0.0, Avg: 0.1, Max: 0.3, Diff: 0.2, Sum: 1.1]
      [Update RS (ms): Min: 0.5, Avg: 0.5, Max: 0.5, Diff: 0.1, Sum: 5.2]
         [Processed Buffers: Min: 3, Avg: 5.8, Max: 8, Diff: 5, Sum: 58]
      [Scan RS (ms): Min: 0.0, Avg: 0.0, Max: 0.1, Diff: 0.1, Sum: 0.3]
      [Code Root Scanning (ms): Min: 0.0, Avg: 0.0, Max: 0.0, Diff: 0.0, Sum: 0.0]
      [Object Copy (ms): Min: 5.9, Avg: 6.0, Max: 6.1, Diff: 0.1, Sum: 60.3]
      [Termination (ms): Min: 0.0, Avg: 0.0, Max: 0.1, Diff: 0.1, Sum: 0.5]
         [Termination Attempts: Min: 1, Avg: 1.0, Max: 1, Diff: 0, Sum: 10]
      [GC Worker Other (ms): Min: 0.0, Avg: 0.0, Max: 0.0, Diff: 0.0, Sum: 0.1]
      [GC Worker Total (ms): Min: 6.7, Avg: 6.7, Max: 6.9, Diff: 0.2, Sum: 67.4]
      [GC Worker End (ms): Min: 952.4, Avg: 952.4, Max: 952.4, Diff: 0.0]
   [Code Root Fixup: 0.0 ms]
   [Code Root Purge: 0.0 ms]
   [Clear CT: 0.7 ms]
   [Other: 1.5 ms]
      [Choose CSet: 0.0 ms]
      [Ref Proc: 0.6 ms]
      [Ref Enq: 0.0 ms]
      [Redirty Cards: 0.6 ms]
      [Humongous Register: 0.1 ms]
      [Humongous Reclaim: 0.0 ms]
      [Free CSet: 0.1 ms]
   [Eden: 44.0M(44.0M)->0.0B(44.0M) Survivors: 7168.0K->7168.0K Heap: 603.6M(1024.0M)->490.9M(1024.0M)]
 [Times: user=0.16 sys=0.00, real=0.01 secs] 
2022-03-13T14:36:06.966+0800: 0.961: [GC pause (G1 Evacuation Pause) (mixed), 0.0077188 secs]
   [Parallel Time: 5.4 ms, GC Workers: 10]
      [GC Worker Start (ms): Min: 961.1, Avg: 961.2, Max: 961.3, Diff: 0.2]
      [Ext Root Scanning (ms): Min: 0.0, Avg: 0.1, Max: 0.2, Diff: 0.2, Sum: 1.0]
      [Update RS (ms): Min: 0.5, Avg: 0.6, Max: 0.8, Diff: 0.3, Sum: 5.9]
         [Processed Buffers: Min: 4, Avg: 6.4, Max: 8, Diff: 4, Sum: 64]
      [Scan RS (ms): Min: 0.0, Avg: 0.0, Max: 0.1, Diff: 0.1, Sum: 0.3]
      [Code Root Scanning (ms): Min: 0.0, Avg: 0.0, Max: 0.0, Diff: 0.0, Sum: 0.0]
      [Object Copy (ms): Min: 3.6, Avg: 3.8, Max: 4.0, Diff: 0.4, Sum: 38.3]
      [Termination (ms): Min: 0.0, Avg: 0.1, Max: 0.1, Diff: 0.1, Sum: 0.6]
         [Termination Attempts: Min: 1, Avg: 1.0, Max: 1, Diff: 0, Sum: 10]
      [GC Worker Other (ms): Min: 0.0, Avg: 0.0, Max: 0.0, Diff: 0.0, Sum: 0.1]
      [GC Worker Total (ms): Min: 4.6, Avg: 4.6, Max: 4.7, Diff: 0.2, Sum: 46.2]
      [GC Worker End (ms): Min: 965.8, Avg: 965.8, Max: 965.8, Diff: 0.0]
   [Code Root Fixup: 0.0 ms]
   [Code Root Purge: 0.0 ms]
   [Clear CT: 1.1 ms]
   [Other: 1.3 ms]
      [Choose CSet: 0.0 ms]
      [Ref Proc: 0.3 ms]
      [Ref Enq: 0.0 ms]
      [Redirty Cards: 0.7 ms]
      [Humongous Register: 0.1 ms]
      [Humongous Reclaim: 0.0 ms]
      [Free CSet: 0.0 ms]
   [Eden: 44.0M(44.0M)->0.0B(309.0M) Survivors: 7168.0K->7168.0K Heap: 545.8M(1024.0M)->481.0M(1024.0M)]
 [Times: user=0.16 sys=0.00, real=0.01 secs] 
2022-03-13T14:36:06.974+0800: 0.969: [GC pause (G1 Humongous Allocation) (young) (initial-mark), 0.0030891 secs]
   [Parallel Time: 1.4 ms, GC Workers: 10]
      [GC Worker Start (ms): Min: 969.1, Avg: 969.2, Max: 969.2, Diff: 0.1]
      [Ext Root Scanning (ms): Min: 0.0, Avg: 0.1, Max: 0.2, Diff: 0.1, Sum: 1.1]
      [Update RS (ms): Min: 0.0, Avg: 0.1, Max: 0.2, Diff: 0.2, Sum: 0.8]
         [Processed Buffers: Min: 1, Avg: 1.1, Max: 2, Diff: 1, Sum: 11]
      [Scan RS (ms): Min: 0.0, Avg: 0.0, Max: 0.0, Diff: 0.0, Sum: 0.0]
      [Code Root Scanning (ms): Min: 0.0, Avg: 0.0, Max: 0.0, Diff: 0.0, Sum: 0.0]
      [Object Copy (ms): Min: 0.4, Avg: 0.6, Max: 0.7, Diff: 0.3, Sum: 6.0]
      [Termination (ms): Min: 0.0, Avg: 0.1, Max: 0.2, Diff: 0.2, Sum: 1.1]
         [Termination Attempts: Min: 1, Avg: 1.1, Max: 2, Diff: 1, Sum: 11]
      [GC Worker Other (ms): Min: 0.0, Avg: 0.0, Max: 0.0, Diff: 0.0, Sum: 0.1]
      [GC Worker Total (ms): Min: 0.8, Avg: 0.9, Max: 1.0, Diff: 0.1, Sum: 9.0]
      [GC Worker End (ms): Min: 970.0, Avg: 970.0, Max: 970.1, Diff: 0.0]
   [Code Root Fixup: 0.0 ms]
   [Code Root Purge: 0.0 ms]
   [Clear CT: 0.6 ms]
   [Other: 1.0 ms]
      [Choose CSet: 0.0 ms]
      [Ref Proc: 0.4 ms]
      [Ref Enq: 0.0 ms]
      [Redirty Cards: 0.5 ms]
      [Humongous Register: 0.1 ms]
      [Humongous Reclaim: 0.0 ms]
      [Free CSet: 0.0 ms]
   [Eden: 1024.0K(309.0M)->0.0B(324.0M) Survivors: 7168.0K->7168.0K Heap: 482.0M(1024.0M)->480.9M(1024.0M)]
 [Times: user=0.00 sys=0.00, real=0.00 secs] 
2022-03-13T14:36:06.977+0800: 0.972: [GC concurrent-root-region-scan-start]
2022-03-13T14:36:06.977+0800: 0.972: [GC concurrent-root-region-scan-end, 0.0002068 secs]
2022-03-13T14:36:06.977+0800: 0.972: [GC concurrent-mark-start]
2022-03-13T14:36:06.979+0800: 0.974: [GC concurrent-mark-end, 0.0018395 secs]
2022-03-13T14:36:06.979+0800: 0.974: [GC remark 2022-03-13T14:36:06.979+0800: 0.974: [Finalize Marking, 0.0006772 secs] 2022-03-13T14:36:06.980+0800: 0.975: [GC ref-proc, 0.0002564 secs] 2022-03-13T14:36:06.980+0800: 0.975: [Unloading, 0.0008639 secs], 0.0028145 secs]
 [Times: user=0.00 sys=0.00, real=0.00 secs] 
2022-03-13T14:36:06.982+0800: 0.977: [GC cleanup 498M->497M(1024M), 0.0021122 secs]
 [Times: user=0.00 sys=0.00, real=0.00 secs] 
2022-03-13T14:36:06.984+0800: 0.980: [GC concurrent-cleanup-start]
2022-03-13T14:36:06.984+0800: 0.980: [GC concurrent-cleanup-end, 0.0000243 secs]
2022-03-13T14:36:07.034+0800: 1.029: [GC pause (G1 Evacuation Pause) (young) (to-space exhausted), 0.0082116 secs]
   [Parallel Time: 4.3 ms, GC Workers: 10]
      [GC Worker Start (ms): Min: 1029.3, Avg: 1029.4, Max: 1029.5, Diff: 0.2]
      [Ext Root Scanning (ms): Min: 0.0, Avg: 0.1, Max: 0.2, Diff: 0.2, Sum: 1.1]
      [Update RS (ms): Min: 0.7, Avg: 0.7, Max: 0.8, Diff: 0.1, Sum: 7.3]
         [Processed Buffers: Min: 4, Avg: 8.2, Max: 10, Diff: 6, Sum: 82]
      [Scan RS (ms): Min: 0.0, Avg: 0.0, Max: 0.0, Diff: 0.0, Sum: 0.3]
      [Code Root Scanning (ms): Min: 0.0, Avg: 0.0, Max: 0.0, Diff: 0.0, Sum: 0.0]
      [Object Copy (ms): Min: 2.5, Avg: 2.6, Max: 2.7, Diff: 0.2, Sum: 26.3]
      [Termination (ms): Min: 0.0, Avg: 0.1, Max: 0.2, Diff: 0.2, Sum: 0.6]
         [Termination Attempts: Min: 1, Avg: 2.2, Max: 7, Diff: 6, Sum: 22]
      [GC Worker Other (ms): Min: 0.0, Avg: 0.0, Max: 0.0, Diff: 0.0, Sum: 0.2]
      [GC Worker Total (ms): Min: 3.5, Avg: 3.6, Max: 3.7, Diff: 0.2, Sum: 35.8]
      [GC Worker End (ms): Min: 1033.0, Avg: 1033.0, Max: 1033.0, Diff: 0.0]
   [Code Root Fixup: 0.0 ms]
   [Code Root Purge: 0.0 ms]
   [Clear CT: 0.9 ms]
   [Other: 3.0 ms]
      [Evacuation Failure: 1.0 ms]
      [Choose CSet: 0.0 ms]
      [Ref Proc: 0.6 ms]
      [Ref Enq: 0.0 ms]
      [Redirty Cards: 1.0 ms]
      [Humongous Register: 0.1 ms]
      [Humongous Reclaim: 0.1 ms]
      [Free CSet: 0.1 ms]
   [Eden: 324.0M(324.0M)->0.0B(31.0M) Survivors: 7168.0K->20.0M Heap: 896.2M(1024.0M)->758.1M(1024.0M)]
 [Times: user=0.00 sys=0.00, real=0.01 secs] 
2022-03-13T14:36:07.046+0800: 1.042: [GC pause (G1 Evacuation Pause) (mixed), 0.0107854 secs]
   [Parallel Time: 7.9 ms, GC Workers: 10]
      [GC Worker Start (ms): Min: 1042.2, Avg: 1042.4, Max: 1042.5, Diff: 0.3]
      [Ext Root Scanning (ms): Min: 0.0, Avg: 0.1, Max: 0.3, Diff: 0.3, Sum: 1.0]
      [Update RS (ms): Min: 0.7, Avg: 0.7, Max: 0.7, Diff: 0.1, Sum: 7.2]
         [Processed Buffers: Min: 7, Avg: 8.1, Max: 10, Diff: 3, Sum: 81]
      [Scan RS (ms): Min: 0.0, Avg: 0.1, Max: 0.1, Diff: 0.1, Sum: 0.5]
      [Code Root Scanning (ms): Min: 0.0, Avg: 0.0, Max: 0.0, Diff: 0.0, Sum: 0.0]
      [Object Copy (ms): Min: 6.4, Avg: 6.5, Max: 6.5, Diff: 0.1, Sum: 64.8]
      [Termination (ms): Min: 0.0, Avg: 0.0, Max: 0.1, Diff: 0.1, Sum: 0.3]
         [Termination Attempts: Min: 1, Avg: 1.6, Max: 4, Diff: 3, Sum: 16]
      [GC Worker Other (ms): Min: 0.0, Avg: 0.0, Max: 0.0, Diff: 0.0, Sum: 0.1]
      [GC Worker Total (ms): Min: 7.3, Avg: 7.4, Max: 7.6, Diff: 0.3, Sum: 73.9]
      [GC Worker End (ms): Min: 1049.8, Avg: 1049.8, Max: 1049.8, Diff: 0.0]
   [Code Root Fixup: 0.0 ms]
   [Code Root Purge: 0.0 ms]
   [Clear CT: 0.9 ms]
   [Other: 2.0 ms]
      [Choose CSet: 0.1 ms]
      [Ref Proc: 0.6 ms]
      [Ref Enq: 0.0 ms]
      [Redirty Cards: 0.9 ms]
      [Humongous Register: 0.2 ms]
      [Humongous Reclaim: 0.0 ms]
      [Free CSet: 0.1 ms]
   [Eden: 31.0M(31.0M)->0.0B(44.0M) Survivors: 20.0M->7168.0K Heap: 797.7M(1024.0M)->689.4M(1024.0M)]
 [Times: user=0.00 sys=0.00, real=0.01 secs] 
2022-03-13T14:36:07.065+0800: 1.059: [GC pause (G1 Evacuation Pause) (mixed), 0.0068278 secs]
   [Parallel Time: 4.2 ms, GC Workers: 10]
      [GC Worker Start (ms): Min: 1059.8, Avg: 1059.9, Max: 1059.9, Diff: 0.1]
      [Ext Root Scanning (ms): Min: 0.1, Avg: 0.1, Max: 0.2, Diff: 0.1, Sum: 1.2]
      [Update RS (ms): Min: 0.6, Avg: 0.7, Max: 0.7, Diff: 0.1, Sum: 6.6]
         [Processed Buffers: Min: 6, Avg: 7.0, Max: 8, Diff: 2, Sum: 70]
      [Scan RS (ms): Min: 0.0, Avg: 0.0, Max: 0.0, Diff: 0.0, Sum: 0.1]
      [Code Root Scanning (ms): Min: 0.0, Avg: 0.0, Max: 0.0, Diff: 0.0, Sum: 0.0]
      [Object Copy (ms): Min: 2.9, Avg: 2.9, Max: 3.0, Diff: 0.1, Sum: 29.5]
      [Termination (ms): Min: 0.0, Avg: 0.0, Max: 0.1, Diff: 0.1, Sum: 0.4]
         [Termination Attempts: Min: 1, Avg: 1.1, Max: 2, Diff: 1, Sum: 11]
      [GC Worker Other (ms): Min: 0.0, Avg: 0.0, Max: 0.0, Diff: 0.0, Sum: 0.1]
      [GC Worker Total (ms): Min: 3.7, Avg: 3.8, Max: 3.9, Diff: 0.1, Sum: 37.9]
      [GC Worker End (ms): Min: 1063.6, Avg: 1063.6, Max: 1063.7, Diff: 0.0]
   [Code Root Fixup: 0.0 ms]
   [Code Root Purge: 0.0 ms]
   [Clear CT: 0.9 ms]
   [Other: 1.8 ms]
      [Choose CSet: 0.0 ms]
      [Ref Proc: 0.8 ms]
      [Ref Enq: 0.0 ms]
      [Redirty Cards: 0.7 ms]
      [Humongous Register: 0.2 ms]
      [Humongous Reclaim: 0.0 ms]
      [Free CSet: 0.0 ms]
   [Eden: 44.0M(44.0M)->0.0B(133.0M) Survivors: 7168.0K->7168.0K Heap: 740.7M(1024.0M)->694.3M(1024.0M)]
 [Times: user=0.00 sys=0.00, real=0.01 secs] 
2022-03-13T14:36:07.072+0800: 1.067: [GC pause (G1 Humongous Allocation) (young) (initial-mark), 0.0033306 secs]
   [Parallel Time: 1.2 ms, GC Workers: 10]
      [GC Worker Start (ms): Min: 1066.9, Avg: 1067.0, Max: 1067.0, Diff: 0.2]
      [Ext Root Scanning (ms): Min: 0.0, Avg: 0.1, Max: 0.2, Diff: 0.2, Sum: 1.1]
      [Update RS (ms): Min: 0.0, Avg: 0.1, Max: 0.3, Diff: 0.3, Sum: 0.7]
         [Processed Buffers: Min: 1, Avg: 1.2, Max: 2, Diff: 1, Sum: 12]
      [Scan RS (ms): Min: 0.0, Avg: 0.0, Max: 0.0, Diff: 0.0, Sum: 0.0]
      [Code Root Scanning (ms): Min: 0.0, Avg: 0.0, Max: 0.0, Diff: 0.0, Sum: 0.0]
      [Object Copy (ms): Min: 0.5, Avg: 0.7, Max: 0.8, Diff: 0.3, Sum: 7.5]
      [Termination (ms): Min: 0.0, Avg: 0.1, Max: 0.1, Diff: 0.1, Sum: 0.6]
         [Termination Attempts: Min: 1, Avg: 1.1, Max: 2, Diff: 1, Sum: 11]
      [GC Worker Other (ms): Min: 0.0, Avg: 0.0, Max: 0.0, Diff: 0.0, Sum: 0.1]
      [GC Worker Total (ms): Min: 0.9, Avg: 1.0, Max: 1.1, Diff: 0.2, Sum: 10.0]
      [GC Worker End (ms): Min: 1068.0, Avg: 1068.0, Max: 1068.0, Diff: 0.0]
   [Code Root Fixup: 0.0 ms]
   [Code Root Purge: 0.0 ms]
   [Clear CT: 0.7 ms]
   [Other: 1.4 ms]
      [Choose CSet: 0.0 ms]
      [Ref Proc: 0.7 ms]
      [Ref Enq: 0.0 ms]
      [Redirty Cards: 0.6 ms]
      [Humongous Register: 0.1 ms]
      [Humongous Reclaim: 0.0 ms]
      [Free CSet: 0.0 ms]
   [Eden: 2048.0K(133.0M)->0.0B(123.0M) Survivors: 7168.0K->9216.0K Heap: 696.0M(1024.0M)->695.0M(1024.0M)]
 [Times: user=0.00 sys=0.00, real=0.00 secs] 
2022-03-13T14:36:07.075+0800: 1.070: [GC concurrent-root-region-scan-start]
2022-03-13T14:36:07.075+0800: 1.070: [GC concurrent-root-region-scan-end, 0.0001366 secs]
2022-03-13T14:36:07.075+0800: 1.070: [GC concurrent-mark-start]
2022-03-13T14:36:07.077+0800: 1.072: [GC concurrent-mark-end, 0.0020979 secs]
2022-03-13T14:36:07.077+0800: 1.073: [GC remark 2022-03-13T14:36:07.077+0800: 1.073: [Finalize Marking, 0.0005504 secs] 2022-03-13T14:36:07.078+0800: 1.073: [GC ref-proc, 0.0003284 secs] 2022-03-13T14:36:07.078+0800: 1.074: [Unloading, 0.0006942 secs], 0.0026924 secs]
 [Times: user=0.00 sys=0.00, real=0.00 secs] 
2022-03-13T14:36:07.080+0800: 1.076: [GC cleanup 712M->691M(1024M), 0.0018148 secs]
 [Times: user=0.00 sys=0.00, real=0.00 secs] 
2022-03-13T14:36:07.083+0800: 1.077: [GC concurrent-cleanup-start]
2022-03-13T14:36:07.083+0800: 1.077: [GC concurrent-cleanup-end, 0.0000205 secs]
2022-03-13T14:36:07.101+0800: 1.096: [GC pause (G1 Evacuation Pause) (young), 0.0078242 secs]
   [Parallel Time: 6.1 ms, GC Workers: 10]
      [GC Worker Start (ms): Min: 1095.8, Avg: 1095.9, Max: 1096.0, Diff: 0.2]
      [Ext Root Scanning (ms): Min: 0.0, Avg: 0.1, Max: 0.2, Diff: 0.2, Sum: 1.1]
      [Update RS (ms): Min: 0.7, Avg: 0.7, Max: 0.7, Diff: 0.1, Sum: 7.0]
         [Processed Buffers: Min: 3, Avg: 8.3, Max: 12, Diff: 9, Sum: 83]
      [Scan RS (ms): Min: 0.0, Avg: 0.0, Max: 0.0, Diff: 0.0, Sum: 0.1]
      [Code Root Scanning (ms): Min: 0.0, Avg: 0.0, Max: 0.0, Diff: 0.0, Sum: 0.0]
      [Object Copy (ms): Min: 4.6, Avg: 4.6, Max: 4.7, Diff: 0.1, Sum: 46.0]
      [Termination (ms): Min: 0.0, Avg: 0.0, Max: 0.1, Diff: 0.1, Sum: 0.3]
         [Termination Attempts: Min: 1, Avg: 1.2, Max: 2, Diff: 1, Sum: 12]
      [GC Worker Other (ms): Min: 0.0, Avg: 0.0, Max: 0.1, Diff: 0.1, Sum: 0.2]
      [GC Worker Total (ms): Min: 5.4, Avg: 5.5, Max: 5.6, Diff: 0.2, Sum: 54.7]
      [GC Worker End (ms): Min: 1101.4, Avg: 1101.4, Max: 1101.4, Diff: 0.1]
   [Code Root Fixup: 0.0 ms]
   [Code Root Purge: 0.0 ms]
   [Clear CT: 0.8 ms]
   [Other: 0.9 ms]
      [Choose CSet: 0.0 ms]
      [Ref Proc: 0.2 ms]
      [Ref Enq: 0.0 ms]
      [Redirty Cards: 0.4 ms]
      [Humongous Register: 0.1 ms]
      [Humongous Reclaim: 0.1 ms]
      [Free CSet: 0.1 ms]
   [Eden: 123.0M(123.0M)->0.0B(34.0M) Survivors: 9216.0K->17.0M Heap: 830.8M(1024.0M)->707.5M(1024.0M)]
 [Times: user=0.00 sys=0.00, real=0.01 secs] 
2022-03-13T14:36:07.114+0800: 1.108: [GC pause (G1 Evacuation Pause) (mixed), 0.0076727 secs]
   [Parallel Time: 5.2 ms, GC Workers: 10]
      [GC Worker Start (ms): Min: 1108.4, Avg: 1108.6, Max: 1108.6, Diff: 0.2]
      [Ext Root Scanning (ms): Min: 0.1, Avg: 0.1, Max: 0.2, Diff: 0.2, Sum: 1.2]
      [Update RS (ms): Min: 0.5, Avg: 0.6, Max: 0.6, Diff: 0.1, Sum: 5.5]
         [Processed Buffers: Min: 6, Avg: 7.0, Max: 9, Diff: 3, Sum: 70]
      [Scan RS (ms): Min: 0.0, Avg: 0.0, Max: 0.0, Diff: 0.0, Sum: 0.2]
      [Code Root Scanning (ms): Min: 0.0, Avg: 0.0, Max: 0.0, Diff: 0.0, Sum: 0.0]
      [Object Copy (ms): Min: 4.0, Avg: 4.1, Max: 4.1, Diff: 0.1, Sum: 40.9]
      [Termination (ms): Min: 0.0, Avg: 0.0, Max: 0.1, Diff: 0.1, Sum: 0.4]
         [Termination Attempts: Min: 1, Avg: 1.0, Max: 1, Diff: 0, Sum: 10]
      [GC Worker Other (ms): Min: 0.0, Avg: 0.0, Max: 0.0, Diff: 0.0, Sum: 0.1]
      [GC Worker Total (ms): Min: 4.8, Avg: 4.8, Max: 4.9, Diff: 0.2, Sum: 48.4]
      [GC Worker End (ms): Min: 1113.4, Avg: 1113.4, Max: 1113.4, Diff: 0.0]
   [Code Root Fixup: 0.0 ms]
   [Code Root Purge: 0.0 ms]
   [Clear CT: 0.9 ms]
   [Other: 1.6 ms]
      [Choose CSet: 0.0 ms]
      [Ref Proc: 0.5 ms]
      [Ref Enq: 0.0 ms]
      [Redirty Cards: 0.8 ms]
      [Humongous Register: 0.1 ms]
      [Humongous Reclaim: 0.0 ms]
      [Free CSet: 0.1 ms]
   [Eden: 34.0M(34.0M)->0.0B(44.0M) Survivors: 17.0M->7168.0K Heap: 748.9M(1024.0M)->618.1M(1024.0M)]
 [Times: user=0.00 sys=0.00, real=0.01 secs] 
Heap
 garbage-first heap   total 1048576K, used 632945K [0x00000000c0000000, 0x00000000c0102000, 0x0000000100000000)
  region size 1024K, 8 young (8192K), 7 survivors (7168K)
 Metaspace       used 2774K, capacity 4486K, committed 4864K, reserved 1056768K
  class space    used 307K, capacity 386K, committed 512K, reserved 1048576K
