Java HotSpot(TM) 64-Bit Server VM (25.251-b08) for windows-amd64 JRE (1.8.0_251-b08), built on Mar 12 2020 06:31:49 by "" with MS VC++ 10.0 (VS2010)
Memory: 4k page, physical 25053032k(16554896k free), swap 26625896k(11645676k free)
CommandLine flags: -XX:InitialHeapSize=2147483648 -XX:MaxHeapSize=2147483648 -XX:+PrintGC -XX:+PrintGCDateStamps -XX:+PrintGCDetails -XX:+PrintGCTimeStamps -XX:-UseAdaptiveSizePolicy -XX:+UseCompressedClassPointers -XX:+UseCompressedOops -XX:+UseG1GC -XX:-UseLargePagesIndividualAllocation 
2022-03-13T14:36:17.241+0800: 0.206: [GC pause (G1 Evacuation Pause) (young), 0.0085634 secs]
   [Parallel Time: 5.9 ms, GC Workers: 10]
      [GC Worker Start (ms): Min: 205.7, Avg: 205.9, Max: 205.9, Diff: 0.2]
      [Ext Root Scanning (ms): Min: 0.1, Avg: 0.1, Max: 0.3, Diff: 0.2, Sum: 1.5]
      [Update RS (ms): Min: 0.5, Avg: 0.6, Max: 0.6, Diff: 0.1, Sum: 5.5]
         [Processed Buffers: Min: 5, Avg: 6.1, Max: 7, Diff: 2, Sum: 61]
      [Scan RS (ms): Min: 0.0, Avg: 0.0, Max: 0.0, Diff: 0.0, Sum: 0.1]
      [Code Root Scanning (ms): Min: 0.0, Avg: 0.0, Max: 0.0, Diff: 0.0, Sum: 0.1]
      [Object Copy (ms): Min: 4.7, Avg: 4.8, Max: 5.0, Diff: 0.2, Sum: 48.2]
      [Termination (ms): Min: 0.0, Avg: 0.1, Max: 0.2, Diff: 0.2, Sum: 1.1]
         [Termination Attempts: Min: 1, Avg: 1.0, Max: 1, Diff: 0, Sum: 10]
      [GC Worker Other (ms): Min: 0.0, Avg: 0.0, Max: 0.0, Diff: 0.0, Sum: 0.4]
      [GC Worker Total (ms): Min: 5.6, Avg: 5.7, Max: 5.8, Diff: 0.2, Sum: 56.8]
      [GC Worker End (ms): Min: 211.5, Avg: 211.5, Max: 211.5, Diff: 0.0]
   [Code Root Fixup: 0.0 ms]
   [Code Root Purge: 0.0 ms]
   [Clear CT: 0.9 ms]
   [Other: 1.8 ms]
      [Choose CSet: 0.0 ms]
      [Ref Proc: 0.5 ms]
      [Ref Enq: 0.0 ms]
      [Redirty Cards: 0.9 ms]
      [Humongous Register: 0.0 ms]
      [Humongous Reclaim: 0.0 ms]
      [Free CSet: 0.1 ms]
   [Eden: 102.0M(102.0M)->0.0B(89.0M) Survivors: 0.0B->13.0M Heap: 130.2M(2048.0M)->45.2M(2048.0M)]
 [Times: user=0.02 sys=0.00, real=0.01 secs] 
2022-03-13T14:36:17.270+0800: 0.234: [GC pause (G1 Evacuation Pause) (young), 0.0088597 secs]
   [Parallel Time: 6.0 ms, GC Workers: 10]
      [GC Worker Start (ms): Min: 234.0, Avg: 234.2, Max: 234.2, Diff: 0.2]
      [Ext Root Scanning (ms): Min: 0.1, Avg: 0.1, Max: 0.3, Diff: 0.2, Sum: 1.4]
      [Update RS (ms): Min: 0.1, Avg: 0.1, Max: 0.1, Diff: 0.1, Sum: 0.9]
         [Processed Buffers: Min: 1, Avg: 1.3, Max: 3, Diff: 2, Sum: 13]
      [Scan RS (ms): Min: 0.0, Avg: 0.0, Max: 0.0, Diff: 0.0, Sum: 0.1]
      [Code Root Scanning (ms): Min: 0.0, Avg: 0.0, Max: 0.0, Diff: 0.0, Sum: 0.0]
      [Object Copy (ms): Min: 4.9, Avg: 5.0, Max: 5.1, Diff: 0.2, Sum: 49.9]
      [Termination (ms): Min: 0.0, Avg: 0.1, Max: 0.2, Diff: 0.2, Sum: 0.8]
         [Termination Attempts: Min: 1, Avg: 1.0, Max: 1, Diff: 0, Sum: 10]
      [GC Worker Other (ms): Min: 0.0, Avg: 0.0, Max: 0.0, Diff: 0.0, Sum: 0.1]
      [GC Worker Total (ms): Min: 5.2, Avg: 5.3, Max: 5.5, Diff: 0.2, Sum: 53.2]
      [GC Worker End (ms): Min: 239.5, Avg: 239.5, Max: 239.5, Diff: 0.0]
   [Code Root Fixup: 0.0 ms]
   [Code Root Purge: 0.0 ms]
   [Clear CT: 0.7 ms]
   [Other: 2.1 ms]
      [Choose CSet: 0.0 ms]
      [Ref Proc: 1.2 ms]
      [Ref Enq: 0.0 ms]
      [Redirty Cards: 0.6 ms]
      [Humongous Register: 0.0 ms]
      [Humongous Reclaim: 0.0 ms]
      [Free CSet: 0.0 ms]
   [Eden: 89.0M(89.0M)->0.0B(89.0M) Survivors: 13.0M->13.0M Heap: 158.6M(2048.0M)->80.6M(2048.0M)]
 [Times: user=0.00 sys=0.00, real=0.01 secs] 
2022-03-13T14:36:17.295+0800: 0.259: [GC pause (G1 Evacuation Pause) (young), 0.0087113 secs]
   [Parallel Time: 6.3 ms, GC Workers: 10]
      [GC Worker Start (ms): Min: 259.6, Avg: 259.6, Max: 259.7, Diff: 0.1]
      [Ext Root Scanning (ms): Min: 0.1, Avg: 0.1, Max: 0.2, Diff: 0.1, Sum: 1.3]
      [Update RS (ms): Min: 0.1, Avg: 0.2, Max: 0.2, Diff: 0.1, Sum: 1.6]
         [Processed Buffers: Min: 1, Avg: 2.0, Max: 3, Diff: 2, Sum: 20]
      [Scan RS (ms): Min: 0.0, Avg: 0.0, Max: 0.0, Diff: 0.0, Sum: 0.1]
      [Code Root Scanning (ms): Min: 0.0, Avg: 0.0, Max: 0.0, Diff: 0.0, Sum: 0.0]
      [Object Copy (ms): Min: 5.0, Avg: 5.0, Max: 5.1, Diff: 0.1, Sum: 50.4]
      [Termination (ms): Min: 0.0, Avg: 0.1, Max: 0.2, Diff: 0.2, Sum: 0.8]
         [Termination Attempts: Min: 1, Avg: 1.0, Max: 1, Diff: 0, Sum: 10]
      [GC Worker Other (ms): Min: 0.0, Avg: 0.0, Max: 0.0, Diff: 0.0, Sum: 0.1]
      [GC Worker Total (ms): Min: 5.4, Avg: 5.4, Max: 5.5, Diff: 0.1, Sum: 54.3]
      [GC Worker End (ms): Min: 265.0, Avg: 265.0, Max: 265.0, Diff: 0.0]
   [Code Root Fixup: 0.0 ms]
   [Code Root Purge: 0.0 ms]
   [Clear CT: 1.2 ms]
   [Other: 1.2 ms]
      [Choose CSet: 0.0 ms]
      [Ref Proc: 0.2 ms]
      [Ref Enq: 0.0 ms]
      [Redirty Cards: 0.6 ms]
      [Humongous Register: 0.1 ms]
      [Humongous Reclaim: 0.0 ms]
      [Free CSet: 0.0 ms]
   [Eden: 89.0M(89.0M)->0.0B(89.0M) Survivors: 13.0M->13.0M Heap: 187.4M(2048.0M)->110.9M(2048.0M)]
 [Times: user=0.09 sys=0.06, real=0.01 secs] 
2022-03-13T14:36:17.319+0800: 0.284: [GC pause (G1 Evacuation Pause) (young), 0.0091321 secs]
   [Parallel Time: 6.5 ms, GC Workers: 10]
      [GC Worker Start (ms): Min: 283.8, Avg: 284.0, Max: 284.1, Diff: 0.2]
      [Ext Root Scanning (ms): Min: 0.0, Avg: 0.1, Max: 0.2, Diff: 0.2, Sum: 0.9]
      [Update RS (ms): Min: 0.1, Avg: 0.1, Max: 0.2, Diff: 0.1, Sum: 1.4]
         [Processed Buffers: Min: 0, Avg: 1.7, Max: 2, Diff: 2, Sum: 17]
      [Scan RS (ms): Min: 0.0, Avg: 0.0, Max: 0.0, Diff: 0.0, Sum: 0.1]
      [Code Root Scanning (ms): Min: 0.0, Avg: 0.0, Max: 0.0, Diff: 0.0, Sum: 0.0]
      [Object Copy (ms): Min: 5.2, Avg: 5.4, Max: 5.6, Diff: 0.3, Sum: 54.1]
      [Termination (ms): Min: 0.0, Avg: 0.2, Max: 0.3, Diff: 0.3, Sum: 1.7]
         [Termination Attempts: Min: 1, Avg: 1.2, Max: 2, Diff: 1, Sum: 12]
      [GC Worker Other (ms): Min: 0.0, Avg: 0.0, Max: 0.0, Diff: 0.0, Sum: 0.2]
      [GC Worker Total (ms): Min: 5.7, Avg: 5.8, Max: 6.0, Diff: 0.2, Sum: 58.4]
      [GC Worker End (ms): Min: 289.8, Avg: 289.8, Max: 289.8, Diff: 0.0]
   [Code Root Fixup: 0.0 ms]
   [Code Root Purge: 0.0 ms]
   [Clear CT: 0.8 ms]
   [Other: 1.8 ms]
      [Choose CSet: 0.0 ms]
      [Ref Proc: 0.8 ms]
      [Ref Enq: 0.0 ms]
      [Redirty Cards: 0.7 ms]
      [Humongous Register: 0.1 ms]
      [Humongous Reclaim: 0.0 ms]
      [Free CSet: 0.0 ms]
   [Eden: 89.0M(89.0M)->0.0B(92.0M) Survivors: 13.0M->13.0M Heap: 219.9M(2048.0M)->144.5M(2048.0M)]
 [Times: user=0.00 sys=0.00, real=0.01 secs] 
2022-03-13T14:36:17.344+0800: 0.308: [GC pause (G1 Evacuation Pause) (young), 0.0079462 secs]
   [Parallel Time: 5.7 ms, GC Workers: 10]
      [GC Worker Start (ms): Min: 308.5, Avg: 308.6, Max: 308.7, Diff: 0.2]
      [Ext Root Scanning (ms): Min: 0.1, Avg: 0.1, Max: 0.2, Diff: 0.2, Sum: 1.3]
      [Update RS (ms): Min: 0.2, Avg: 0.2, Max: 0.2, Diff: 0.0, Sum: 1.8]
         [Processed Buffers: Min: 1, Avg: 2.1, Max: 3, Diff: 2, Sum: 21]
      [Scan RS (ms): Min: 0.0, Avg: 0.0, Max: 0.0, Diff: 0.0, Sum: 0.1]
      [Code Root Scanning (ms): Min: 0.0, Avg: 0.0, Max: 0.0, Diff: 0.0, Sum: 0.0]
      [Object Copy (ms): Min: 5.0, Avg: 5.1, Max: 5.2, Diff: 0.2, Sum: 51.1]
      [Termination (ms): Min: 0.0, Avg: 0.1, Max: 0.2, Diff: 0.2, Sum: 1.3]
         [Termination Attempts: Min: 1, Avg: 1.2, Max: 2, Diff: 1, Sum: 12]
      [GC Worker Other (ms): Min: 0.0, Avg: 0.0, Max: 0.0, Diff: 0.0, Sum: 0.1]
      [GC Worker Total (ms): Min: 5.5, Avg: 5.6, Max: 5.7, Diff: 0.2, Sum: 55.7]
      [GC Worker End (ms): Min: 314.2, Avg: 314.2, Max: 314.2, Diff: 0.0]
   [Code Root Fixup: 0.0 ms]
   [Code Root Purge: 0.0 ms]
   [Clear CT: 0.8 ms]
   [Other: 1.5 ms]
      [Choose CSet: 0.0 ms]
      [Ref Proc: 0.7 ms]
      [Ref Enq: 0.0 ms]
      [Redirty Cards: 0.5 ms]
      [Humongous Register: 0.1 ms]
      [Humongous Reclaim: 0.0 ms]
      [Free CSet: 0.0 ms]
   [Eden: 92.0M(92.0M)->0.0B(128.0M) Survivors: 13.0M->14.0M Heap: 253.1M(2048.0M)->179.8M(2048.0M)]
 [Times: user=0.00 sys=0.00, real=0.01 secs] 
2022-03-13T14:36:17.384+0800: 0.349: [GC pause (G1 Evacuation Pause) (young), 0.0105595 secs]
   [Parallel Time: 8.4 ms, GC Workers: 10]
      [GC Worker Start (ms): Min: 349.4, Avg: 349.5, Max: 349.5, Diff: 0.1]
      [Ext Root Scanning (ms): Min: 0.1, Avg: 0.1, Max: 0.2, Diff: 0.1, Sum: 1.3]
      [Update RS (ms): Min: 0.2, Avg: 0.2, Max: 0.3, Diff: 0.1, Sum: 2.0]
         [Processed Buffers: Min: 0, Avg: 2.2, Max: 3, Diff: 3, Sum: 22]
      [Scan RS (ms): Min: 0.0, Avg: 0.0, Max: 0.0, Diff: 0.0, Sum: 0.1]
      [Code Root Scanning (ms): Min: 0.0, Avg: 0.0, Max: 0.0, Diff: 0.0, Sum: 0.0]
      [Object Copy (ms): Min: 7.1, Avg: 7.3, Max: 7.4, Diff: 0.3, Sum: 72.5]
      [Termination (ms): Min: 0.0, Avg: 0.2, Max: 0.3, Diff: 0.3, Sum: 1.8]
         [Termination Attempts: Min: 1, Avg: 1.4, Max: 2, Diff: 1, Sum: 14]
      [GC Worker Other (ms): Min: 0.0, Avg: 0.0, Max: 0.0, Diff: 0.0, Sum: 0.2]
      [GC Worker Total (ms): Min: 7.7, Avg: 7.8, Max: 7.9, Diff: 0.1, Sum: 77.9]
      [GC Worker End (ms): Min: 357.3, Avg: 357.3, Max: 357.3, Diff: 0.0]
   [Code Root Fixup: 0.0 ms]
   [Code Root Purge: 0.0 ms]
   [Clear CT: 0.9 ms]
   [Other: 1.3 ms]
      [Choose CSet: 0.0 ms]
      [Ref Proc: 0.3 ms]
      [Ref Enq: 0.0 ms]
      [Redirty Cards: 0.7 ms]
      [Humongous Register: 0.1 ms]
      [Humongous Reclaim: 0.1 ms]
      [Free CSet: 0.0 ms]
   [Eden: 128.0M(128.0M)->0.0B(194.0M) Survivors: 14.0M->18.0M Heap: 337.0M(2048.0M)->227.2M(2048.0M)]
 [Times: user=0.03 sys=0.13, real=0.01 secs] 
2022-03-13T14:36:17.455+0800: 0.419: [GC pause (G1 Evacuation Pause) (young), 0.0136978 secs]
   [Parallel Time: 11.1 ms, GC Workers: 10]
      [GC Worker Start (ms): Min: 419.1, Avg: 419.2, Max: 419.3, Diff: 0.2]
      [Ext Root Scanning (ms): Min: 0.0, Avg: 0.1, Max: 0.2, Diff: 0.2, Sum: 1.2]
      [Update RS (ms): Min: 0.0, Avg: 0.2, Max: 0.3, Diff: 0.3, Sum: 1.6]
         [Processed Buffers: Min: 0, Avg: 1.8, Max: 3, Diff: 3, Sum: 18]
      [Scan RS (ms): Min: 0.0, Avg: 0.0, Max: 0.0, Diff: 0.0, Sum: 0.1]
      [Code Root Scanning (ms): Min: 0.0, Avg: 0.0, Max: 0.0, Diff: 0.0, Sum: 0.0]
      [Object Copy (ms): Min: 9.9, Avg: 10.1, Max: 10.4, Diff: 0.6, Sum: 100.7]
      [Termination (ms): Min: 0.0, Avg: 0.2, Max: 0.3, Diff: 0.3, Sum: 1.6]
         [Termination Attempts: Min: 1, Avg: 1.3, Max: 2, Diff: 1, Sum: 13]
      [GC Worker Other (ms): Min: 0.0, Avg: 0.1, Max: 0.2, Diff: 0.2, Sum: 0.6]
      [GC Worker Total (ms): Min: 10.5, Avg: 10.6, Max: 10.8, Diff: 0.3, Sum: 105.9]
      [GC Worker End (ms): Min: 429.7, Avg: 429.8, Max: 430.0, Diff: 0.2]
   [Code Root Fixup: 0.0 ms]
   [Code Root Purge: 0.0 ms]
   [Clear CT: 0.7 ms]
   [Other: 1.9 ms]
      [Choose CSet: 0.0 ms]
      [Ref Proc: 0.8 ms]
      [Ref Enq: 0.0 ms]
      [Redirty Cards: 0.7 ms]
      [Humongous Register: 0.1 ms]
      [Humongous Reclaim: 0.1 ms]
      [Free CSet: 0.1 ms]
   [Eden: 194.0M(194.0M)->0.0B(171.0M) Survivors: 18.0M->27.0M Heap: 470.5M(2048.0M)->300.5M(2048.0M)]
 [Times: user=0.00 sys=0.00, real=0.01 secs] 
2022-03-13T14:36:17.501+0800: 0.466: [GC pause (G1 Evacuation Pause) (young), 0.0131885 secs]
   [Parallel Time: 10.7 ms, GC Workers: 10]
      [GC Worker Start (ms): Min: 466.1, Avg: 466.2, Max: 466.2, Diff: 0.1]
      [Ext Root Scanning (ms): Min: 0.1, Avg: 0.1, Max: 0.2, Diff: 0.1, Sum: 1.3]
      [Update RS (ms): Min: 0.2, Avg: 0.2, Max: 0.4, Diff: 0.2, Sum: 2.3]
         [Processed Buffers: Min: 0, Avg: 2.5, Max: 3, Diff: 3, Sum: 25]
      [Scan RS (ms): Min: 0.0, Avg: 0.0, Max: 0.0, Diff: 0.0, Sum: 0.2]
      [Code Root Scanning (ms): Min: 0.0, Avg: 0.0, Max: 0.0, Diff: 0.0, Sum: 0.0]
      [Object Copy (ms): Min: 9.3, Avg: 9.5, Max: 9.6, Diff: 0.3, Sum: 94.8]
      [Termination (ms): Min: 0.0, Avg: 0.2, Max: 0.3, Diff: 0.3, Sum: 1.6]
         [Termination Attempts: Min: 1, Avg: 1.4, Max: 2, Diff: 1, Sum: 14]
      [GC Worker Other (ms): Min: 0.0, Avg: 0.1, Max: 0.3, Diff: 0.3, Sum: 0.6]
      [GC Worker Total (ms): Min: 10.0, Avg: 10.1, Max: 10.4, Diff: 0.4, Sum: 100.8]
      [GC Worker End (ms): Min: 476.2, Avg: 476.3, Max: 476.5, Diff: 0.3]
   [Code Root Fixup: 0.0 ms]
   [Code Root Purge: 0.0 ms]
   [Clear CT: 0.8 ms]
   [Other: 1.7 ms]
      [Choose CSet: 0.0 ms]
      [Ref Proc: 0.5 ms]
      [Ref Enq: 0.0 ms]
      [Redirty Cards: 0.7 ms]
      [Humongous Register: 0.1 ms]
      [Humongous Reclaim: 0.1 ms]
      [Free CSet: 0.1 ms]
   [Eden: 171.0M(171.0M)->0.0B(350.0M) Survivors: 27.0M->25.0M Heap: 513.8M(2048.0M)->346.6M(2048.0M)]
 [Times: user=0.00 sys=0.00, real=0.01 secs] 
2022-03-13T14:36:17.628+0800: 0.592: [GC pause (G1 Evacuation Pause) (young), 0.0196906 secs]
   [Parallel Time: 16.8 ms, GC Workers: 10]
      [GC Worker Start (ms): Min: 592.2, Avg: 592.4, Max: 592.5, Diff: 0.2]
      [Ext Root Scanning (ms): Min: 0.0, Avg: 0.1, Max: 0.2, Diff: 0.2, Sum: 0.8]
      [Update RS (ms): Min: 0.3, Avg: 0.3, Max: 0.4, Diff: 0.1, Sum: 2.9]
         [Processed Buffers: Min: 0, Avg: 3.0, Max: 5, Diff: 5, Sum: 30]
      [Scan RS (ms): Min: 0.0, Avg: 0.0, Max: 0.1, Diff: 0.0, Sum: 0.4]
      [Code Root Scanning (ms): Min: 0.0, Avg: 0.0, Max: 0.0, Diff: 0.0, Sum: 0.0]
      [Object Copy (ms): Min: 15.5, Avg: 15.6, Max: 15.7, Diff: 0.2, Sum: 155.9]
      [Termination (ms): Min: 0.0, Avg: 0.1, Max: 0.2, Diff: 0.2, Sum: 1.1]
         [Termination Attempts: Min: 1, Avg: 1.0, Max: 1, Diff: 0, Sum: 10]
      [GC Worker Other (ms): Min: 0.0, Avg: 0.0, Max: 0.0, Diff: 0.0, Sum: 0.2]
      [GC Worker Total (ms): Min: 16.0, Avg: 16.1, Max: 16.3, Diff: 0.2, Sum: 161.3]
      [GC Worker End (ms): Min: 608.5, Avg: 608.5, Max: 608.5, Diff: 0.0]
   [Code Root Fixup: 0.0 ms]
   [Code Root Purge: 0.0 ms]
   [Clear CT: 1.0 ms]
   [Other: 1.8 ms]
      [Choose CSet: 0.0 ms]
      [Ref Proc: 0.3 ms]
      [Ref Enq: 0.0 ms]
      [Redirty Cards: 1.0 ms]
      [Humongous Register: 0.1 ms]
      [Humongous Reclaim: 0.1 ms]
      [Free CSet: 0.1 ms]
   [Eden: 350.0M(350.0M)->0.0B(243.0M) Survivors: 25.0M->47.0M Heap: 796.0M(2048.0M)->453.1M(2048.0M)]
 [Times: user=0.06 sys=0.09, real=0.02 secs] 
2022-03-13T14:36:17.689+0800: 0.654: [GC pause (G1 Evacuation Pause) (young), 0.0174507 secs]
   [Parallel Time: 14.9 ms, GC Workers: 10]
      [GC Worker Start (ms): Min: 653.9, Avg: 654.0, Max: 654.1, Diff: 0.2]
      [Ext Root Scanning (ms): Min: 0.1, Avg: 0.1, Max: 0.3, Diff: 0.2, Sum: 1.3]
      [Update RS (ms): Min: 0.2, Avg: 0.3, Max: 0.9, Diff: 0.7, Sum: 3.1]
         [Processed Buffers: Min: 0, Avg: 2.6, Max: 4, Diff: 4, Sum: 26]
      [Scan RS (ms): Min: 0.0, Avg: 0.0, Max: 0.0, Diff: 0.0, Sum: 0.2]
      [Code Root Scanning (ms): Min: 0.0, Avg: 0.0, Max: 0.0, Diff: 0.0, Sum: 0.0]
      [Object Copy (ms): Min: 13.4, Avg: 14.0, Max: 14.1, Diff: 0.7, Sum: 139.5]
      [Termination (ms): Min: 0.0, Avg: 0.1, Max: 0.3, Diff: 0.3, Sum: 1.3]
         [Termination Attempts: Min: 1, Avg: 1.0, Max: 1, Diff: 0, Sum: 10]
      [GC Worker Other (ms): Min: 0.0, Avg: 0.0, Max: 0.1, Diff: 0.1, Sum: 0.3]
      [GC Worker Total (ms): Min: 14.5, Avg: 14.6, Max: 14.7, Diff: 0.3, Sum: 145.8]
      [GC Worker End (ms): Min: 668.6, Avg: 668.6, Max: 668.7, Diff: 0.1]
   [Code Root Fixup: 0.0 ms]
   [Code Root Purge: 0.0 ms]
   [Clear CT: 0.8 ms]
   [Other: 1.7 ms]
      [Choose CSet: 0.0 ms]
      [Ref Proc: 0.5 ms]
      [Ref Enq: 0.0 ms]
      [Redirty Cards: 0.7 ms]
      [Humongous Register: 0.1 ms]
      [Humongous Reclaim: 0.1 ms]
      [Free CSet: 0.1 ms]
   [Eden: 243.0M(243.0M)->0.0B(338.0M) Survivors: 47.0M->37.0M Heap: 761.2M(2048.0M)->527.4M(2048.0M)]
 [Times: user=0.03 sys=0.13, real=0.02 secs] 
2022-03-13T14:36:17.778+0800: 0.742: [GC pause (G1 Evacuation Pause) (young), 0.0182349 secs]
   [Parallel Time: 16.0 ms, GC Workers: 10]
      [GC Worker Start (ms): Min: 742.4, Avg: 742.5, Max: 742.5, Diff: 0.1]
      [Ext Root Scanning (ms): Min: 0.1, Avg: 0.1, Max: 0.2, Diff: 0.1, Sum: 1.2]
      [Update RS (ms): Min: 0.3, Avg: 0.3, Max: 0.7, Diff: 0.4, Sum: 3.2]
         [Processed Buffers: Min: 0, Avg: 3.3, Max: 5, Diff: 5, Sum: 33]
      [Scan RS (ms): Min: 0.0, Avg: 0.0, Max: 0.0, Diff: 0.0, Sum: 0.3]
      [Code Root Scanning (ms): Min: 0.0, Avg: 0.0, Max: 0.0, Diff: 0.0, Sum: 0.0]
      [Object Copy (ms): Min: 14.2, Avg: 14.6, Max: 14.8, Diff: 0.6, Sum: 145.6]
      [Termination (ms): Min: 0.0, Avg: 0.2, Max: 0.3, Diff: 0.3, Sum: 1.9]
         [Termination Attempts: Min: 1, Avg: 2.6, Max: 5, Diff: 4, Sum: 26]
      [GC Worker Other (ms): Min: 0.0, Avg: 0.0, Max: 0.2, Diff: 0.2, Sum: 0.4]
      [GC Worker Total (ms): Min: 15.2, Avg: 15.3, Max: 15.4, Diff: 0.2, Sum: 152.7]
      [GC Worker End (ms): Min: 757.7, Avg: 757.7, Max: 757.9, Diff: 0.2]
   [Code Root Fixup: 0.0 ms]
   [Code Root Purge: 0.0 ms]
   [Clear CT: 1.0 ms]
   [Other: 1.3 ms]
      [Choose CSet: 0.0 ms]
      [Ref Proc: 0.3 ms]
      [Ref Enq: 0.0 ms]
      [Redirty Cards: 0.5 ms]
      [Humongous Register: 0.1 ms]
      [Humongous Reclaim: 0.2 ms]
      [Free CSet: 0.1 ms]
   [Eden: 338.0M(338.0M)->0.0B(369.0M) Survivors: 37.0M->47.0M Heap: 971.0M(2048.0M)->618.9M(2048.0M)]
 [Times: user=0.08 sys=0.08, real=0.02 secs] 
2022-03-13T14:36:17.859+0800: 0.823: [GC pause (G1 Evacuation Pause) (young), 0.0208706 secs]
   [Parallel Time: 18.0 ms, GC Workers: 10]
      [GC Worker Start (ms): Min: 823.4, Avg: 823.6, Max: 823.6, Diff: 0.2]
      [Ext Root Scanning (ms): Min: 0.0, Avg: 0.1, Max: 0.2, Diff: 0.2, Sum: 0.9]
      [Update RS (ms): Min: 0.2, Avg: 0.3, Max: 1.1, Diff: 0.9, Sum: 3.3]
         [Processed Buffers: Min: 0, Avg: 2.9, Max: 4, Diff: 4, Sum: 29]
      [Scan RS (ms): Min: 0.0, Avg: 0.0, Max: 0.1, Diff: 0.1, Sum: 0.3]
      [Code Root Scanning (ms): Min: 0.0, Avg: 0.0, Max: 0.0, Diff: 0.0, Sum: 0.0]
      [Object Copy (ms): Min: 15.9, Avg: 16.6, Max: 16.9, Diff: 1.0, Sum: 166.1]
      [Termination (ms): Min: 0.0, Avg: 0.2, Max: 0.4, Diff: 0.4, Sum: 1.8]
         [Termination Attempts: Min: 1, Avg: 1.0, Max: 1, Diff: 0, Sum: 10]
      [GC Worker Other (ms): Min: 0.0, Avg: 0.1, Max: 0.3, Diff: 0.2, Sum: 0.6]
      [GC Worker Total (ms): Min: 17.2, Avg: 17.3, Max: 17.5, Diff: 0.3, Sum: 173.0]
      [GC Worker End (ms): Min: 840.8, Avg: 840.9, Max: 841.0, Diff: 0.2]
   [Code Root Fixup: 0.0 ms]
   [Code Root Purge: 0.0 ms]
   [Clear CT: 0.6 ms]
   [Other: 2.2 ms]
      [Choose CSet: 0.0 ms]
      [Ref Proc: 0.7 ms]
      [Ref Enq: 0.0 ms]
      [Redirty Cards: 0.9 ms]
      [Humongous Register: 0.1 ms]
      [Humongous Reclaim: 0.2 ms]
      [Free CSet: 0.2 ms]
   [Eden: 369.0M(369.0M)->0.0B(503.0M) Survivors: 47.0M->52.0M Heap: 1092.5M(2048.0M)->695.9M(2048.0M)]
 [Times: user=0.05 sys=0.11, real=0.02 secs] 
2022-03-13T14:36:17.995+0800: 0.960: [GC pause (G1 Evacuation Pause) (young), 0.0256684 secs]
   [Parallel Time: 22.3 ms, GC Workers: 10]
      [GC Worker Start (ms): Min: 960.0, Avg: 960.1, Max: 960.2, Diff: 0.2]
      [Ext Root Scanning (ms): Min: 0.1, Avg: 0.1, Max: 0.3, Diff: 0.2, Sum: 1.2]
      [Update RS (ms): Min: 0.2, Avg: 0.3, Max: 0.4, Diff: 0.2, Sum: 2.5]
         [Processed Buffers: Min: 0, Avg: 2.6, Max: 3, Diff: 3, Sum: 26]
      [Scan RS (ms): Min: 0.0, Avg: 0.1, Max: 0.1, Diff: 0.1, Sum: 0.5]
      [Code Root Scanning (ms): Min: 0.0, Avg: 0.0, Max: 0.0, Diff: 0.0, Sum: 0.0]
      [Object Copy (ms): Min: 20.9, Avg: 21.0, Max: 21.1, Diff: 0.2, Sum: 209.7]
      [Termination (ms): Min: 0.0, Avg: 0.1, Max: 0.2, Diff: 0.2, Sum: 1.2]
         [Termination Attempts: Min: 1, Avg: 1.2, Max: 2, Diff: 1, Sum: 12]
      [GC Worker Other (ms): Min: 0.0, Avg: 0.0, Max: 0.1, Diff: 0.0, Sum: 0.3]
      [GC Worker Total (ms): Min: 21.5, Avg: 21.5, Max: 21.7, Diff: 0.2, Sum: 215.5]
      [GC Worker End (ms): Min: 981.6, Avg: 981.7, Max: 981.7, Diff: 0.0]
   [Code Root Fixup: 0.0 ms]
   [Code Root Purge: 0.0 ms]
   [Clear CT: 0.7 ms]
   [Other: 2.6 ms]
      [Choose CSet: 0.0 ms]
      [Ref Proc: 0.1 ms]
      [Ref Enq: 0.0 ms]
      [Redirty Cards: 1.6 ms]
      [Humongous Register: 0.2 ms]
      [Humongous Reclaim: 0.2 ms]
      [Free CSet: 0.3 ms]
   [Eden: 503.0M(503.0M)->0.0B(296.0M) Survivors: 52.0M->70.0M Heap: 1334.6M(2048.0M)->794.9M(2048.0M)]
 [Times: user=0.09 sys=0.22, real=0.03 secs] 
2022-03-13T14:36:18.069+0800: 1.033: [GC pause (G1 Evacuation Pause) (young), 0.0186776 secs]
   [Parallel Time: 16.0 ms, GC Workers: 10]
      [GC Worker Start (ms): Min: 1033.5, Avg: 1033.6, Max: 1033.7, Diff: 0.2]
      [Ext Root Scanning (ms): Min: 0.0, Avg: 0.1, Max: 0.2, Diff: 0.2, Sum: 0.9]
      [Update RS (ms): Min: 0.2, Avg: 0.4, Max: 1.4, Diff: 1.2, Sum: 3.7]
         [Processed Buffers: Min: 0, Avg: 2.8, Max: 4, Diff: 4, Sum: 28]
      [Scan RS (ms): Min: 0.0, Avg: 0.0, Max: 0.1, Diff: 0.1, Sum: 0.3]
      [Code Root Scanning (ms): Min: 0.0, Avg: 0.0, Max: 0.0, Diff: 0.0, Sum: 0.0]
      [Object Copy (ms): Min: 13.5, Avg: 14.6, Max: 14.8, Diff: 1.3, Sum: 145.8]
      [Termination (ms): Min: 0.0, Avg: 0.1, Max: 0.2, Diff: 0.2, Sum: 1.1]
         [Termination Attempts: Min: 1, Avg: 1.0, Max: 1, Diff: 0, Sum: 10]
      [GC Worker Other (ms): Min: 0.0, Avg: 0.1, Max: 0.3, Diff: 0.3, Sum: 0.9]
      [GC Worker Total (ms): Min: 15.1, Avg: 15.3, Max: 15.5, Diff: 0.4, Sum: 152.7]
      [GC Worker End (ms): Min: 1048.8, Avg: 1048.9, Max: 1049.1, Diff: 0.3]
   [Code Root Fixup: 0.0 ms]
   [Code Root Purge: 0.0 ms]
   [Clear CT: 1.1 ms]
   [Other: 1.6 ms]
      [Choose CSet: 0.0 ms]
      [Ref Proc: 0.4 ms]
      [Ref Enq: 0.0 ms]
      [Redirty Cards: 0.5 ms]
      [Humongous Register: 0.1 ms]
      [Humongous Reclaim: 0.2 ms]
      [Free CSet: 0.2 ms]
   [Eden: 296.0M(296.0M)->0.0B(781.0M) Survivors: 70.0M->46.0M Heap: 1173.0M(2048.0M)->861.7M(2048.0M)]
 [Times: user=0.16 sys=0.00, real=0.02 secs] 
2022-03-13T14:36:18.109+0800: 1.073: [GC pause (G1 Humongous Allocation) (young) (initial-mark), 0.0125326 secs]
   [Parallel Time: 10.2 ms, GC Workers: 10]
      [GC Worker Start (ms): Min: 1073.3, Avg: 1073.4, Max: 1073.5, Diff: 0.2]
      [Ext Root Scanning (ms): Min: 0.0, Avg: 0.1, Max: 0.2, Diff: 0.2, Sum: 1.0]
      [Update RS (ms): Min: 0.3, Avg: 0.3, Max: 0.6, Diff: 0.3, Sum: 3.2]
         [Processed Buffers: Min: 0, Avg: 3.4, Max: 5, Diff: 5, Sum: 34]
      [Scan RS (ms): Min: 0.0, Avg: 0.0, Max: 0.0, Diff: 0.0, Sum: 0.1]
      [Code Root Scanning (ms): Min: 0.0, Avg: 0.0, Max: 0.0, Diff: 0.0, Sum: 0.0]
      [Object Copy (ms): Min: 9.2, Avg: 9.5, Max: 9.6, Diff: 0.4, Sum: 94.7]
      [Termination (ms): Min: 0.0, Avg: 0.1, Max: 0.2, Diff: 0.2, Sum: 0.9]
         [Termination Attempts: Min: 1, Avg: 1.7, Max: 3, Diff: 2, Sum: 17]
      [GC Worker Other (ms): Min: 0.0, Avg: 0.0, Max: 0.0, Diff: 0.0, Sum: 0.2]
      [GC Worker Total (ms): Min: 9.9, Avg: 10.0, Max: 10.1, Diff: 0.2, Sum: 100.1]
      [GC Worker End (ms): Min: 1083.4, Avg: 1083.4, Max: 1083.5, Diff: 0.0]
   [Code Root Fixup: 0.0 ms]
   [Code Root Purge: 0.0 ms]
   [Clear CT: 0.5 ms]
   [Other: 1.8 ms]
      [Choose CSet: 0.0 ms]
      [Ref Proc: 0.4 ms]
      [Ref Enq: 0.0 ms]
      [Redirty Cards: 1.0 ms]
      [Humongous Register: 0.1 ms]
      [Humongous Reclaim: 0.1 ms]
      [Free CSet: 0.1 ms]
   [Eden: 145.0M(781.0M)->0.0B(517.0M) Survivors: 46.0M->82.0M Heap: 1030.1M(2048.0M)->899.6M(2048.0M)]
 [Times: user=0.00 sys=0.00, real=0.01 secs] 
2022-03-13T14:36:18.121+0800: 1.086: [GC concurrent-root-region-scan-start]
2022-03-13T14:36:18.121+0800: 1.086: [GC concurrent-root-region-scan-end, 0.0001991 secs]
2022-03-13T14:36:18.121+0800: 1.086: [GC concurrent-mark-start]
2022-03-13T14:36:18.124+0800: 1.089: [GC concurrent-mark-end, 0.0029879 secs]
2022-03-13T14:36:18.124+0800: 1.089: [GC remark 2022-03-13T14:36:18.125+0800: 1.089: [Finalize Marking, 0.0006229 secs] 2022-03-13T14:36:18.126+0800: 1.090: [GC ref-proc, 0.0002589 secs] 2022-03-13T14:36:18.126+0800: 1.090: [Unloading, 0.0007679 secs], 0.0030424 secs]
 [Times: user=0.00 sys=0.01, real=0.00 secs] 
2022-03-13T14:36:18.128+0800: 1.092: [GC cleanup 922M->673M(2048M), 0.0037365 secs]
 [Times: user=0.00 sys=0.00, real=0.00 secs] 
2022-03-13T14:36:18.132+0800: 1.096: [GC concurrent-cleanup-start]
2022-03-13T14:36:18.132+0800: 1.096: [GC concurrent-cleanup-end, 0.0001900 secs]
Heap
 garbage-first heap   total 2097152K, used 996068K [0x0000000080000000, 0x0000000080104000, 0x0000000100000000)
  region size 1024K, 348 young (356352K), 82 survivors (83968K)
 Metaspace       used 2774K, capacity 4486K, committed 4864K, reserved 1056768K
  class space    used 307K, capacity 386K, committed 512K, reserved 1048576K
