Java HotSpot(TM) 64-Bit Server VM (25.251-b08) for windows-amd64 JRE (1.8.0_251-b08), built on Mar 12 2020 06:31:49 by "" with MS VC++ 10.0 (VS2010)
Memory: 4k page, physical 25053032k(16566180k free), swap 26625896k(11697740k free)
CommandLine flags: -XX:InitialHeapSize=1073741824 -XX:MaxHeapSize=1073741824 -XX:+PrintGC -XX:+PrintGCDateStamps -XX:+PrintGCDetails -XX:+PrintGCTimeStamps -XX:-UseAdaptiveSizePolicy -XX:+UseCompressedClassPointers -XX:+UseCompressedOops -XX:-UseLargePagesIndividualAllocation -XX:+UseParallelGC 
2022-03-13T14:28:58.205+0800: 0.233: [GC (Allocation Failure) [PSYoungGen: 262144K->43517K(305664K)] 262144K->82646K(1005056K), 0.0128047 secs] [Times: user=0.00 sys=0.00, real=0.01 secs] 
2022-03-13T14:28:58.249+0800: 0.276: [GC (Allocation Failure) [PSYoungGen: 305661K->43501K(305664K)] 344790K->154146K(1005056K), 0.0183875 secs] [Times: user=0.09 sys=0.22, real=0.02 secs] 
2022-03-13T14:28:58.298+0800: 0.325: [GC (Allocation Failure) [PSYoungGen: 305645K->43513K(305664K)] 416290K->224826K(1005056K), 0.0156505 secs] [Times: user=0.09 sys=0.06, real=0.01 secs] 
2022-03-13T14:28:58.341+0800: 0.368: [GC (Allocation Failure) [PSYoungGen: 305657K->43504K(305664K)] 486970K->290611K(1005056K), 0.0165224 secs] [Times: user=0.16 sys=0.00, real=0.02 secs] 
2022-03-13T14:28:58.387+0800: 0.414: [GC (Allocation Failure) [PSYoungGen: 305648K->43508K(305664K)] 552755K->356105K(1005056K), 0.0147979 secs] [Times: user=0.16 sys=0.00, real=0.01 secs] 
2022-03-13T14:28:58.430+0800: 0.458: [GC (Allocation Failure) [PSYoungGen: 305652K->43504K(305664K)] 618249K->429053K(1005056K), 0.0169008 secs] [Times: user=0.06 sys=0.09, real=0.02 secs] 
2022-03-13T14:28:58.475+0800: 0.503: [GC (Allocation Failure) [PSYoungGen: 305399K->43519K(305664K)] 690948K->504076K(1005056K), 0.0162204 secs] [Times: user=0.03 sys=0.13, real=0.02 secs] 
2022-03-13T14:28:58.526+0800: 0.553: [GC (Allocation Failure) [PSYoungGen: 305663K->43517K(305664K)] 766220K->577923K(1005056K), 0.0208717 secs] [Times: user=0.14 sys=0.03, real=0.02 secs] 
2022-03-13T14:28:58.581+0800: 0.608: [GC (Allocation Failure) [PSYoungGen: 305661K->43512K(305664K)] 840067K->651872K(1005056K), 0.0167681 secs] [Times: user=0.09 sys=0.06, real=0.02 secs] 
2022-03-13T14:28:58.627+0800: 0.655: [GC (Allocation Failure) [PSYoungGen: 305656K->43510K(305664K)] 914016K->723940K(1005056K), 0.0155506 secs] [Times: user=0.00 sys=0.16, real=0.02 secs] 
2022-03-13T14:28:58.643+0800: 0.670: [Full GC (Ergonomics) [PSYoungGen: 43510K->0K(305664K)] [ParOldGen: 680430K->340855K(699392K)] 723940K->340855K(1005056K), [Metaspace: 2768K->2768K(1056768K)], 0.0540559 secs] [Times: user=0.47 sys=0.00, real=0.05 secs] 
2022-03-13T14:28:58.728+0800: 0.756: [GC (Allocation Failure) [PSYoungGen: 262144K->43515K(305664K)] 602999K->421565K(1005056K), 0.0112440 secs] [Times: user=0.16 sys=0.00, real=0.01 secs] 
2022-03-13T14:28:58.777+0800: 0.805: [GC (Allocation Failure) [PSYoungGen: 305659K->43514K(305664K)] 683709K->496011K(1005056K), 0.0171698 secs] [Times: user=0.16 sys=0.00, real=0.02 secs] 
2022-03-13T14:28:58.824+0800: 0.851: [GC (Allocation Failure) [PSYoungGen: 305658K->43514K(305664K)] 758155K->562261K(1005056K), 0.0146984 secs] [Times: user=0.16 sys=0.00, real=0.01 secs] 
2022-03-13T14:28:58.876+0800: 0.904: [GC (Allocation Failure) [PSYoungGen: 305658K->43514K(305664K)] 824405K->638620K(1005056K), 0.0168248 secs] [Times: user=0.16 sys=0.00, real=0.02 secs] 
2022-03-13T14:28:58.924+0800: 0.952: [GC (Allocation Failure) [PSYoungGen: 305658K->43516K(305664K)] 900764K->706641K(1005056K), 0.0152117 secs] [Times: user=0.16 sys=0.00, real=0.01 secs] 
2022-03-13T14:28:58.939+0800: 0.967: [Full GC (Ergonomics) [PSYoungGen: 43516K->0K(305664K)] [ParOldGen: 663124K->359473K(699392K)] 706641K->359473K(1005056K), [Metaspace: 2768K->2768K(1056768K)], 0.0534080 secs] [Times: user=0.47 sys=0.00, real=0.05 secs] 
2022-03-13T14:28:59.022+0800: 1.050: [GC (Allocation Failure) [PSYoungGen: 262136K->43518K(305664K)] 621609K->447970K(1005056K), 0.0119926 secs] [Times: user=0.16 sys=0.00, real=0.01 secs] 
2022-03-13T14:28:59.065+0800: 1.093: [GC (Allocation Failure) [PSYoungGen: 305662K->43519K(305664K)] 710114K->516590K(1005056K), 0.0148264 secs] [Times: user=0.14 sys=0.00, real=0.01 secs] 
Heap
 PSYoungGen      total 305664K, used 54086K [0x00000000eab00000, 0x0000000100000000, 0x0000000100000000)
  eden space 262144K, 4% used [0x00000000eab00000,0x00000000eb5519b0,0x00000000fab00000)
  from space 43520K, 99% used [0x00000000fab00000,0x00000000fd57fee0,0x00000000fd580000)
  to   space 43520K, 0% used [0x00000000fd580000,0x00000000fd580000,0x0000000100000000)
 ParOldGen       total 699392K, used 473070K [0x00000000c0000000, 0x00000000eab00000, 0x00000000eab00000)
  object space 699392K, 67% used [0x00000000c0000000,0x00000000dcdfbb90,0x00000000eab00000)
 Metaspace       used 2774K, capacity 4486K, committed 4864K, reserved 1056768K
  class space    used 307K, capacity 386K, committed 512K, reserved 1048576K
