Java HotSpot(TM) 64-Bit Server VM (25.251-b08) for windows-amd64 JRE (1.8.0_251-b08), built on Mar 12 2020 06:31:49 by "" with MS VC++ 10.0 (VS2010)
Memory: 4k page, physical 25053032k(16582008k free), swap 26625896k(11703092k free)
CommandLine flags: -XX:InitialHeapSize=2147483648 -XX:MaxHeapSize=2147483648 -XX:+PrintGC -XX:+PrintGCDateStamps -XX:+PrintGCDetails -XX:+PrintGCTimeStamps -XX:-UseAdaptiveSizePolicy -XX:+UseCompressedClassPointers -XX:+UseCompressedOops -XX:-UseLargePagesIndividualAllocation -XX:+UseParallelGC 
2022-03-13T14:29:05.370+0800: 0.350: [GC (Allocation Failure) [PSYoungGen: 524800K->87036K(611840K)] 524800K->140553K(2010112K), 0.0210294 secs] [Times: user=0.08 sys=0.24, real=0.02 secs] 
2022-03-13T14:29:05.452+0800: 0.432: [GC (Allocation Failure) [PSYoungGen: 611836K->87035K(611840K)] 665353K->252306K(2010112K), 0.0291220 secs] [Times: user=0.11 sys=0.20, real=0.03 secs] 
2022-03-13T14:29:05.537+0800: 0.517: [GC (Allocation Failure) [PSYoungGen: 611835K->87038K(611840K)] 777106K->369885K(2010112K), 0.0271895 secs] [Times: user=0.16 sys=0.16, real=0.03 secs] 
2022-03-13T14:29:05.623+0800: 0.604: [GC (Allocation Failure) [PSYoungGen: 611838K->87038K(611840K)] 894685K->480904K(2010112K), 0.0267597 secs] [Times: user=0.17 sys=0.14, real=0.03 secs] 
2022-03-13T14:29:05.706+0800: 0.687: [GC (Allocation Failure) [PSYoungGen: 611838K->87028K(611840K)] 1005704K->597182K(2010112K), 0.0276353 secs] [Times: user=0.16 sys=0.00, real=0.03 secs] 
2022-03-13T14:29:05.789+0800: 0.770: [GC (Allocation Failure) [PSYoungGen: 611828K->87035K(611840K)] 1121982K->711623K(2010112K), 0.0287240 secs] [Times: user=0.19 sys=0.13, real=0.03 secs] 
2022-03-13T14:29:05.873+0800: 0.854: [GC (Allocation Failure) [PSYoungGen: 611835K->87038K(611840K)] 1236423K->824223K(2010112K), 0.0282828 secs] [Times: user=0.22 sys=0.09, real=0.03 secs] 
2022-03-13T14:29:05.963+0800: 0.943: [GC (Allocation Failure) [PSYoungGen: 611838K->87029K(611840K)] 1349023K->928445K(2010112K), 0.0264626 secs] [Times: user=0.19 sys=0.13, real=0.03 secs] 
2022-03-13T14:29:06.048+0800: 1.029: [GC (Allocation Failure) [PSYoungGen: 611829K->87039K(611840K)] 1453245K->1042634K(2010112K), 0.0275447 secs] [Times: user=0.00 sys=0.16, real=0.03 secs] 
Heap
 PSYoungGen      total 611840K, used 521713K [0x00000000d5580000, 0x0000000100000000, 0x0000000100000000)
  eden space 524800K, 82% used [0x00000000d5580000,0x00000000efdfc760,0x00000000f5600000)
  from space 87040K, 99% used [0x00000000f5600000,0x00000000faafff50,0x00000000fab00000)
  to   space 87040K, 0% used [0x00000000fab00000,0x00000000fab00000,0x0000000100000000)
 ParOldGen       total 1398272K, used 955595K [0x0000000080000000, 0x00000000d5580000, 0x00000000d5580000)
  object space 1398272K, 68% used [0x0000000080000000,0x00000000ba532c08,0x00000000d5580000)
 Metaspace       used 2774K, capacity 4486K, committed 4864K, reserved 1056768K
  class space    used 307K, capacity 386K, committed 512K, reserved 1048576K
