Java HotSpot(TM) 64-Bit Server VM (25.251-b08) for windows-amd64 JRE (1.8.0_251-b08), built on Mar 12 2020 06:31:49 by "" with MS VC++ 10.0 (VS2010)
Memory: 4k page, physical 25053032k(16561500k free), swap 26625896k(11697136k free)
CommandLine flags: -XX:InitialHeapSize=2147483648 -XX:MaxHeapSize=2147483648 -XX:+PrintGC -XX:+PrintGCDateStamps -XX:+PrintGCDetails -XX:+PrintGCTimeStamps -XX:-UseAdaptiveSizePolicy -XX:+UseCompressedClassPointers -XX:+UseCompressedOops -XX:-UseLargePagesIndividualAllocation -XX:+UseSerialGC 
2022-03-13T14:26:12.775+0800: 0.370: [GC (Allocation Failure) 2022-03-13T14:26:12.775+0800: 0.370: [DefNew: 559232K->69888K(629120K), 0.0683845 secs] 559232K->155391K(2027264K), 0.0685592 secs] [Times: user=0.03 sys=0.05, real=0.07 secs] 
2022-03-13T14:26:12.905+0800: 0.500: [GC (Allocation Failure) 2022-03-13T14:26:12.905+0800: 0.500: [DefNew: 629120K->69888K(629120K), 0.0835806 secs] 714623K->285057K(2027264K), 0.0836288 secs] [Times: user=0.08 sys=0.01, real=0.08 secs] 
2022-03-13T14:26:13.048+0800: 0.642: [GC (Allocation Failure) 2022-03-13T14:26:13.048+0800: 0.642: [DefNew: 629120K->69887K(629120K), 0.0638441 secs] 844289K->410011K(2027264K), 0.0638914 secs] [Times: user=0.05 sys=0.02, real=0.06 secs] 
2022-03-13T14:26:13.171+0800: 0.765: [GC (Allocation Failure) 2022-03-13T14:26:13.171+0800: 0.765: [DefNew: 629119K->69887K(629120K), 0.0671091 secs] 969243K->538753K(2027264K), 0.0671573 secs] [Times: user=0.00 sys=0.08, real=0.07 secs] 
2022-03-13T14:26:13.298+0800: 0.894: [GC (Allocation Failure) 2022-03-13T14:26:13.298+0800: 0.894: [DefNew: 629119K->69887K(629120K), 0.0591165 secs] 1097985K->655204K(2027264K), 0.0591632 secs] [Times: user=0.00 sys=0.05, real=0.06 secs] 
2022-03-13T14:26:13.415+0800: 1.010: [GC (Allocation Failure) 2022-03-13T14:26:13.415+0800: 1.010: [DefNew: 629119K->69887K(629120K), 0.0631182 secs] 1214436K->783252K(2027264K), 0.0631759 secs] [Times: user=0.06 sys=0.00, real=0.06 secs] 
Heap
 def new generation   total 629120K, used 324727K [0x0000000080000000, 0x00000000aaaa0000, 0x00000000aaaa0000)
  eden space 559232K,  45% used [0x0000000080000000, 0x000000008f8ddff0, 0x00000000a2220000)
  from space 69888K,  99% used [0x00000000a2220000, 0x00000000a665ffd8, 0x00000000a6660000)
  to   space 69888K,   0% used [0x00000000a6660000, 0x00000000a6660000, 0x00000000aaaa0000)
 tenured generation   total 1398144K, used 713364K [0x00000000aaaa0000, 0x0000000100000000, 0x0000000100000000)
   the space 1398144K,  51% used [0x00000000aaaa0000, 0x00000000d6345158, 0x00000000d6345200, 0x0000000100000000)
 Metaspace       used 2774K, capacity 4486K, committed 4864K, reserved 1056768K
  class space    used 307K, capacity 386K, committed 512K, reserved 1048576K
