Java HotSpot(TM) 64-Bit Server VM (25.251-b08) for windows-amd64 JRE (1.8.0_251-b08), built on Mar 12 2020 06:31:49 by "" with MS VC++ 10.0 (VS2010)
Memory: 4k page, physical 25053032k(16611816k free), swap 26625896k(11706544k free)
CommandLine flags: -XX:InitialHeapSize=536870912 -XX:MaxHeapSize=536870912 -XX:+PrintGC -XX:+PrintGCDateStamps -XX:+PrintGCDetails -XX:+PrintGCTimeStamps -XX:-UseAdaptiveSizePolicy -XX:+UseCompressedClassPointers -XX:+UseCompressedOops -XX:-UseLargePagesIndividualAllocation -XX:+UseSerialGC 
2022-03-13T14:25:39.923+0800: 0.173: [GC (Allocation Failure) 2022-03-13T14:25:39.923+0800: 0.173: [DefNew: 139749K->17472K(157248K), 0.0238186 secs] 139749K->48137K(506816K), 0.0239683 secs] [Times: user=0.00 sys=0.02, real=0.02 secs] 
2022-03-13T14:25:39.963+0800: 0.214: [GC (Allocation Failure) 2022-03-13T14:25:39.963+0800: 0.214: [DefNew: 157248K->17471K(157248K), 0.0310722 secs] 187913K->98254K(506816K), 0.0311159 secs] [Times: user=0.01 sys=0.01, real=0.03 secs] 
2022-03-13T14:25:40.010+0800: 0.260: [GC (Allocation Failure) 2022-03-13T14:25:40.010+0800: 0.260: [DefNew: 157247K->17468K(157248K), 0.0197712 secs] 238030K->136210K(506816K), 0.0198184 secs] [Times: user=0.01 sys=0.00, real=0.02 secs] 
2022-03-13T14:25:40.045+0800: 0.295: [GC (Allocation Failure) 2022-03-13T14:25:40.045+0800: 0.295: [DefNew: 157244K->17471K(157248K), 0.0250696 secs] 275986K->181686K(506816K), 0.0251121 secs] [Times: user=0.00 sys=0.03, real=0.02 secs] 
2022-03-13T14:25:40.086+0800: 0.336: [GC (Allocation Failure) 2022-03-13T14:25:40.086+0800: 0.336: [DefNew: 157247K->17471K(157248K), 0.0242150 secs] 321462K->223945K(506816K), 0.0242613 secs] [Times: user=0.02 sys=0.02, real=0.02 secs] 
2022-03-13T14:25:40.126+0800: 0.376: [GC (Allocation Failure) 2022-03-13T14:25:40.126+0800: 0.376: [DefNew: 157247K->17471K(157248K), 0.0245003 secs] 363721K->273807K(506816K), 0.0245467 secs] [Times: user=0.02 sys=0.00, real=0.03 secs] 
2022-03-13T14:25:40.166+0800: 0.416: [GC (Allocation Failure) 2022-03-13T14:25:40.166+0800: 0.416: [DefNew: 157247K->17469K(157248K), 0.0235001 secs] 413583K->321096K(506816K), 0.0235654 secs] [Times: user=0.02 sys=0.02, real=0.02 secs] 
2022-03-13T14:25:40.205+0800: 0.455: [GC (Allocation Failure) 2022-03-13T14:25:40.205+0800: 0.455: [DefNew: 157245K->157245K(157248K), 0.0000129 secs]2022-03-13T14:25:40.205+0800: 0.455: [Tenured: 303626K->260337K(349568K), 0.0289830 secs] 460872K->260337K(506816K), [Metaspace: 2768K->2768K(1056768K)], 0.0290583 secs] [Times: user=0.03 sys=0.00, real=0.03 secs] 
2022-03-13T14:25:40.250+0800: 0.500: [GC (Allocation Failure) 2022-03-13T14:25:40.250+0800: 0.500: [DefNew: 139776K->17471K(157248K), 0.0055285 secs] 400113K->305938K(506816K), 0.0055692 secs] [Times: user=0.00 sys=0.00, real=0.01 secs] 
2022-03-13T14:25:40.272+0800: 0.522: [GC (Allocation Failure) 2022-03-13T14:25:40.272+0800: 0.522: [DefNew: 157186K->17471K(157248K), 0.0155291 secs] 445653K->346570K(506816K), 0.0155673 secs] [Times: user=0.00 sys=0.02, real=0.02 secs] 
2022-03-13T14:25:40.303+0800: 0.552: [GC (Allocation Failure) 2022-03-13T14:25:40.303+0800: 0.553: [DefNew: 156803K->156803K(157248K), 0.0000130 secs]2022-03-13T14:25:40.303+0800: 0.553: [Tenured: 329099K->293007K(349568K), 0.0333373 secs] 485902K->293007K(506816K), [Metaspace: 2768K->2768K(1056768K)], 0.0334044 secs] [Times: user=0.03 sys=0.00, real=0.03 secs] 
2022-03-13T14:25:40.351+0800: 0.601: [GC (Allocation Failure) 2022-03-13T14:25:40.351+0800: 0.601: [DefNew: 139753K->17471K(157248K), 0.0063285 secs] 432761K->339767K(506816K), 0.0063757 secs] [Times: user=0.00 sys=0.00, real=0.01 secs] 
2022-03-13T14:25:40.373+0800: 0.622: [GC (Allocation Failure) 2022-03-13T14:25:40.373+0800: 0.622: [DefNew: 157235K->157235K(157248K), 0.0000120 secs]2022-03-13T14:25:40.373+0800: 0.622: [Tenured: 322295K->310946K(349568K), 0.0365147 secs] 479531K->310946K(506816K), [Metaspace: 2768K->2768K(1056768K)], 0.0365813 secs] [Times: user=0.05 sys=0.00, real=0.04 secs] 
2022-03-13T14:25:40.425+0800: 0.675: [GC (Allocation Failure) 2022-03-13T14:25:40.425+0800: 0.675: [DefNew: 139776K->139776K(157248K), 0.0000537 secs]2022-03-13T14:25:40.425+0800: 0.675: [Tenured: 310946K->305352K(349568K), 0.0371821 secs] 450722K->305352K(506816K), [Metaspace: 2768K->2768K(1056768K)], 0.0372951 secs] [Times: user=0.03 sys=0.00, real=0.04 secs] 
2022-03-13T14:25:40.477+0800: 0.727: [GC (Allocation Failure) 2022-03-13T14:25:40.477+0800: 0.727: [DefNew: 139776K->17471K(157248K), 0.0060718 secs] 445128K->346937K(506816K), 0.0061145 secs] [Times: user=0.00 sys=0.00, real=0.01 secs] 
2022-03-13T14:25:40.499+0800: 0.749: [GC (Allocation Failure) 2022-03-13T14:25:40.499+0800: 0.749: [DefNew: 157247K->157247K(157248K), 0.0000122 secs]2022-03-13T14:25:40.499+0800: 0.749: [Tenured: 329465K->334861K(349568K), 0.0363368 secs] 486713K->334861K(506816K), [Metaspace: 2768K->2768K(1056768K)], 0.0364069 secs] [Times: user=0.03 sys=0.00, real=0.04 secs] 
2022-03-13T14:25:40.551+0800: 0.801: [GC (Allocation Failure) 2022-03-13T14:25:40.551+0800: 0.801: [DefNew: 139776K->139776K(157248K), 0.0000135 secs]2022-03-13T14:25:40.551+0800: 0.801: [Tenured: 334861K->339569K(349568K), 0.0376320 secs] 474637K->339569K(506816K), [Metaspace: 2768K->2768K(1056768K)], 0.0377013 secs] [Times: user=0.03 sys=0.00, real=0.04 secs] 
2022-03-13T14:25:40.605+0800: 0.855: [GC (Allocation Failure) 2022-03-13T14:25:40.605+0800: 0.855: [DefNew: 139776K->139776K(157248K), 0.0000126 secs]2022-03-13T14:25:40.605+0800: 0.855: [Tenured: 339569K->348915K(349568K), 0.0406727 secs] 479345K->349856K(506816K), [Metaspace: 2768K->2768K(1056768K)], 0.0407378 secs] [Times: user=0.05 sys=0.00, real=0.04 secs] 
2022-03-13T14:25:40.664+0800: 0.914: [Full GC (Allocation Failure) 2022-03-13T14:25:40.664+0800: 0.914: [Tenured: 349434K->342824K(349568K), 0.0429016 secs] 506680K->342824K(506816K), [Metaspace: 2768K->2768K(1056768K)], 0.0429463 secs] [Times: user=0.05 sys=0.00, real=0.04 secs] 
2022-03-13T14:25:40.722+0800: 0.971: [GC (Allocation Failure) 2022-03-13T14:25:40.722+0800: 0.971: [DefNew: 139776K->139776K(157248K), 0.0000124 secs]2022-03-13T14:25:40.722+0800: 0.971: [Tenured: 342824K->349465K(349568K), 0.0261724 secs] 482600K->364397K(506816K), [Metaspace: 2768K->2768K(1056768K)], 0.0262411 secs] [Times: user=0.02 sys=0.00, real=0.03 secs] 
2022-03-13T14:25:40.763+0800: 1.012: [Full GC (Allocation Failure) 2022-03-13T14:25:40.763+0800: 1.012: [Tenured: 349465K->349542K(349568K), 0.0371609 secs] 506544K->372016K(506816K), [Metaspace: 2768K->2768K(1056768K)], 0.0372081 secs] [Times: user=0.05 sys=0.00, real=0.04 secs] 
2022-03-13T14:25:40.816+0800: 1.066: [Full GC (Allocation Failure) 2022-03-13T14:25:40.816+0800: 1.066: [Tenured: 349542K->349137K(349568K), 0.0382767 secs] 506697K->377517K(506816K), [Metaspace: 2768K->2768K(1056768K)], 0.0383279 secs] [Times: user=0.03 sys=0.00, real=0.04 secs] 
Heap
 def new generation   total 157248K, used 34042K [0x00000000e0000000, 0x00000000eaaa0000, 0x00000000eaaa0000)
  eden space 139776K,  24% used [0x00000000e0000000, 0x00000000e213eb00, 0x00000000e8880000)
  from space 17472K,   0% used [0x00000000e9990000, 0x00000000e9990000, 0x00000000eaaa0000)
  to   space 17472K,   0% used [0x00000000e8880000, 0x00000000e8880000, 0x00000000e9990000)
 tenured generation   total 349568K, used 349137K [0x00000000eaaa0000, 0x0000000100000000, 0x0000000100000000)
   the space 349568K,  99% used [0x00000000eaaa0000, 0x00000000fff94748, 0x00000000fff94800, 0x0000000100000000)
 Metaspace       used 2774K, capacity 4486K, committed 4864K, reserved 1056768K
  class space    used 307K, capacity 386K, committed 512K, reserved 1048576K
