Java HotSpot(TM) 64-Bit Server VM (25.251-b08) for windows-amd64 JRE (1.8.0_251-b08), built on Mar 12 2020 06:31:49 by "" with MS VC++ 10.0 (VS2010)
Memory: 4k page, physical 25053032k(16611116k free), swap 26625896k(11757440k free)
CommandLine flags: -XX:InitialHeapSize=268435456 -XX:MaxHeapSize=268435456 -XX:+PrintGC -XX:+PrintGCDateStamps -XX:+PrintGCDetails -XX:+PrintGCTimeStamps -XX:-UseAdaptiveSizePolicy -XX:+UseCompressedClassPointers -XX:+UseCompressedOops -XX:-UseLargePagesIndividualAllocation -XX:+UseSerialGC 
2022-03-13T14:25:02.703+0800: 0.140: [GC (Allocation Failure) 2022-03-13T14:25:02.703+0800: 0.140: [DefNew: 69696K->8703K(78656K), 0.0091091 secs] 69696K->18917K(253440K), 0.0092884 secs] [Times: user=0.00 sys=0.00, real=0.01 secs] 
2022-03-13T14:25:02.724+0800: 0.161: [GC (Allocation Failure) 2022-03-13T14:25:02.724+0800: 0.161: [DefNew: 78655K->8703K(78656K), 0.0157602 secs] 88869K->43252K(253440K), 0.0158063 secs] [Times: user=0.00 sys=0.02, real=0.02 secs] 
2022-03-13T14:25:02.747+0800: 0.185: [GC (Allocation Failure) 2022-03-13T14:25:02.747+0800: 0.185: [DefNew: 78465K->8701K(78656K), 0.0106756 secs] 113014K->62613K(253440K), 0.0107453 secs] [Times: user=0.00 sys=0.01, real=0.01 secs] 
2022-03-13T14:25:02.765+0800: 0.203: [GC (Allocation Failure) 2022-03-13T14:25:02.765+0800: 0.203: [DefNew: 78387K->8703K(78656K), 0.0120471 secs] 132299K->86138K(253440K), 0.0120941 secs] [Times: user=0.00 sys=0.00, real=0.01 secs] 
2022-03-13T14:25:02.784+0800: 0.222: [GC (Allocation Failure) 2022-03-13T14:25:02.784+0800: 0.222: [DefNew: 78655K->8703K(78656K), 0.0134562 secs] 156090K->113851K(253440K), 0.0135060 secs] [Times: user=0.00 sys=0.02, real=0.01 secs] 
2022-03-13T14:25:02.807+0800: 0.244: [GC (Allocation Failure) 2022-03-13T14:25:02.807+0800: 0.244: [DefNew: 78547K->8694K(78656K), 0.0143787 secs] 183695K->136952K(253440K), 0.0144224 secs] [Times: user=0.00 sys=0.01, real=0.01 secs] 
2022-03-13T14:25:02.828+0800: 0.265: [GC (Allocation Failure) 2022-03-13T14:25:02.828+0800: 0.265: [DefNew: 78520K->8701K(78656K), 0.0181026 secs] 206778K->163816K(253440K), 0.0181512 secs] [Times: user=0.01 sys=0.00, real=0.02 secs] 
2022-03-13T14:25:02.855+0800: 0.292: [GC (Allocation Failure) 2022-03-13T14:25:02.855+0800: 0.292: [DefNew: 78545K->78545K(78656K), 0.0000127 secs]2022-03-13T14:25:02.855+0800: 0.292: [Tenured: 155114K->163657K(174784K), 0.0208698 secs] 233660K->163657K(253440K), [Metaspace: 2768K->2768K(1056768K)], 0.0209441 secs] [Times: user=0.03 sys=0.00, real=0.02 secs] 
2022-03-13T14:25:02.884+0800: 0.321: [GC (Allocation Failure) 2022-03-13T14:25:02.884+0800: 0.321: [DefNew: 69952K->69952K(78656K), 0.0000129 secs]2022-03-13T14:25:02.884+0800: 0.321: [Tenured: 163657K->174579K(174784K), 0.0219878 secs] 233609K->175606K(253440K), [Metaspace: 2768K->2768K(1056768K)], 0.0220570 secs] [Times: user=0.03 sys=0.00, real=0.02 secs] 
2022-03-13T14:25:02.917+0800: 0.354: [Full GC (Allocation Failure) 2022-03-13T14:25:02.917+0800: 0.354: [Tenured: 174579K->174767K(174784K), 0.0201698 secs] 252961K->187971K(253440K), [Metaspace: 2768K->2768K(1056768K)], 0.0202218 secs] [Times: user=0.03 sys=0.00, real=0.02 secs] 
2022-03-13T14:25:02.946+0800: 0.384: [Full GC (Allocation Failure) 2022-03-13T14:25:02.946+0800: 0.384: [Tenured: 174767K->174339K(174784K), 0.0233861 secs] 253384K->192281K(253440K), [Metaspace: 2768K->2768K(1056768K)], 0.0234373 secs] [Times: user=0.03 sys=0.00, real=0.02 secs] 
2022-03-13T14:25:02.977+0800: 0.414: [Full GC (Allocation Failure) 2022-03-13T14:25:02.977+0800: 0.414: [Tenured: 174555K->174236K(174784K), 0.0062772 secs] 253139K->209147K(253440K), [Metaspace: 2768K->2768K(1056768K)], 0.0063290 secs] [Times: user=0.00 sys=0.00, real=0.01 secs] 
2022-03-13T14:25:02.988+0800: 0.425: [Full GC (Allocation Failure) 2022-03-13T14:25:02.988+0800: 0.425: [Tenured: 174236K->174745K(174784K), 0.0152090 secs] 252599K->215836K(253440K), [Metaspace: 2768K->2768K(1056768K)], 0.0152632 secs] [Times: user=0.02 sys=0.00, real=0.02 secs] 
2022-03-13T14:25:03.008+0800: 0.445: [Full GC (Allocation Failure) 2022-03-13T14:25:03.008+0800: 0.445: [Tenured: 174745K->174704K(174784K), 0.0200781 secs] 252950K->223045K(253440K), [Metaspace: 2768K->2768K(1056768K)], 0.0202103 secs] [Times: user=0.02 sys=0.00, real=0.02 secs] 
2022-03-13T14:25:03.031+0800: 0.468: [Full GC (Allocation Failure) 2022-03-13T14:25:03.031+0800: 0.468: [Tenured: 174704K->174236K(174784K), 0.0265785 secs] 253193K->215439K(253440K), [Metaspace: 2768K->2768K(1056768K)], 0.0266280 secs] [Times: user=0.02 sys=0.00, real=0.03 secs] 
2022-03-13T14:25:03.061+0800: 0.498: [Full GC (Allocation Failure) 2022-03-13T14:25:03.061+0800: 0.498: [Tenured: 174689K->174689K(174784K), 0.0073385 secs] 253166K->226691K(253440K), [Metaspace: 2768K->2768K(1056768K)], 0.0074258 secs] [Times: user=0.01 sys=0.00, real=0.01 secs] 
2022-03-13T14:25:03.072+0800: 0.510: [Full GC (Allocation Failure) 2022-03-13T14:25:03.072+0800: 0.510: [Tenured: 174743K->174747K(174784K), 0.0149201 secs] 253398K->232527K(253440K), [Metaspace: 2768K->2768K(1056768K)], 0.0149705 secs] [Times: user=0.02 sys=0.00, real=0.01 secs] 
2022-03-13T14:25:03.090+0800: 0.527: [Full GC (Allocation Failure) 2022-03-13T14:25:03.090+0800: 0.527: [Tenured: 174747K->174127K(174784K), 0.0156107 secs] 253308K->234919K(253440K), [Metaspace: 2768K->2768K(1056768K)], 0.0156580 secs] [Times: user=0.01 sys=0.00, real=0.02 secs] 
2022-03-13T14:25:03.107+0800: 0.545: [Full GC (Allocation Failure) 2022-03-13T14:25:03.107+0800: 0.545: [Tenured: 174539K->174216K(174784K), 0.0267244 secs] 253192K->231091K(253440K), [Metaspace: 2768K->2768K(1056768K)], 0.0267669 secs] [Times: user=0.03 sys=0.00, real=0.03 secs] 
2022-03-13T14:25:03.137+0800: 0.574: [Full GC (Allocation Failure) 2022-03-13T14:25:03.137+0800: 0.574: [Tenured: 174783K->174783K(174784K), 0.0079417 secs] 253434K->238659K(253440K), [Metaspace: 2768K->2768K(1056768K)], 0.0079793 secs] [Times: user=0.02 sys=0.00, real=0.01 secs] 
2022-03-13T14:25:03.147+0800: 0.584: [Full GC (Allocation Failure) 2022-03-13T14:25:03.147+0800: 0.584: [Tenured: 174783K->174783K(174784K), 0.0049669 secs] 253295K->242439K(253440K), [Metaspace: 2768K->2768K(1056768K)], 0.0050081 secs] [Times: user=0.00 sys=0.00, real=0.00 secs] 
2022-03-13T14:25:03.154+0800: 0.591: [Full GC (Allocation Failure) 2022-03-13T14:25:03.154+0800: 0.591: [Tenured: 174783K->174783K(174784K), 0.0015877 secs] 253350K->244610K(253440K), [Metaspace: 2768K->2768K(1056768K)], 0.0016182 secs] [Times: user=0.00 sys=0.00, real=0.00 secs] 
2022-03-13T14:25:03.156+0800: 0.594: [Full GC (Allocation Failure) 2022-03-13T14:25:03.156+0800: 0.594: [Tenured: 174783K->174341K(174784K), 0.0280969 secs] 253393K->238006K(253440K), [Metaspace: 2768K->2768K(1056768K)], 0.0281343 secs] [Times: user=0.02 sys=0.00, real=0.03 secs] 
2022-03-13T14:25:03.186+0800: 0.623: [Full GC (Allocation Failure) 2022-03-13T14:25:03.186+0800: 0.623: [Tenured: 174781K->174781K(174784K), 0.0078891 secs] 253435K->244491K(253440K), [Metaspace: 2768K->2768K(1056768K)], 0.0079278 secs] [Times: user=0.01 sys=0.00, real=0.01 secs] 
2022-03-13T14:25:03.196+0800: 0.634: [Full GC (Allocation Failure) 2022-03-13T14:25:03.196+0800: 0.634: [Tenured: 174781K->174781K(174784K), 0.0059063 secs] 253171K->245545K(253440K), [Metaspace: 2768K->2768K(1056768K)], 0.0059840 secs] [Times: user=0.00 sys=0.00, real=0.01 secs] 
2022-03-13T14:25:03.203+0800: 0.641: [Full GC (Allocation Failure) 2022-03-13T14:25:03.203+0800: 0.641: [Tenured: 174781K->174781K(174784K), 0.0088616 secs] 253429K->246534K(253440K), [Metaspace: 2768K->2768K(1056768K)], 0.0089023 secs] [Times: user=0.00 sys=0.00, real=0.01 secs] 
2022-03-13T14:25:03.213+0800: 0.650: [Full GC (Allocation Failure) 2022-03-13T14:25:03.213+0800: 0.650: [Tenured: 174781K->174646K(174784K), 0.0279705 secs] 253432K->240534K(253440K), [Metaspace: 2768K->2768K(1056768K)], 0.0280053 secs] [Times: user=0.03 sys=0.00, real=0.03 secs] 
2022-03-13T14:25:03.243+0800: 0.681: [Full GC (Allocation Failure) 2022-03-13T14:25:03.243+0800: 0.681: [Tenured: 174646K->174646K(174784K), 0.0085033 secs] 253042K->243464K(253440K), [Metaspace: 2768K->2768K(1056768K)], 0.0085548 secs] [Times: user=0.02 sys=0.00, real=0.01 secs] 
2022-03-13T14:25:03.253+0800: 0.690: [Full GC (Allocation Failure) 2022-03-13T14:25:03.253+0800: 0.690: [Tenured: 174716K->174716K(174784K), 0.0089467 secs] 253370K->247088K(253440K), [Metaspace: 2768K->2768K(1056768K)], 0.0089882 secs] [Times: user=0.00 sys=0.00, real=0.01 secs] 
2022-03-13T14:25:03.263+0800: 0.700: [Full GC (Allocation Failure) 2022-03-13T14:25:03.263+0800: 0.700: [Tenured: 174716K->174716K(174784K), 0.0017557 secs] 253347K->249313K(253440K), [Metaspace: 2768K->2768K(1056768K)], 0.0017833 secs] [Times: user=0.02 sys=0.00, real=0.00 secs] 
2022-03-13T14:25:03.265+0800: 0.702: [Full GC (Allocation Failure) 2022-03-13T14:25:03.265+0800: 0.702: [Tenured: 174716K->174596K(174784K), 0.0280167 secs] 252671K->247097K(253440K), [Metaspace: 2768K->2768K(1056768K)], 0.0280586 secs] [Times: user=0.02 sys=0.00, real=0.03 secs] 
2022-03-13T14:25:03.294+0800: 0.731: [Full GC (Allocation Failure) 2022-03-13T14:25:03.294+0800: 0.731: [Tenured: 174596K->174596K(174784K), 0.0059828 secs] 253049K->248523K(253440K), [Metaspace: 2768K->2768K(1056768K)], 0.0060251 secs] [Times: user=0.02 sys=0.00, real=0.01 secs] 
2022-03-13T14:25:03.301+0800: 0.738: [Full GC (Allocation Failure) 2022-03-13T14:25:03.301+0800: 0.738: [Tenured: 174596K->174596K(174784K), 0.0070435 secs] 253116K->249594K(253440K), [Metaspace: 2768K->2768K(1056768K)], 0.0070851 secs] [Times: user=0.00 sys=0.00, real=0.01 secs] 
2022-03-13T14:25:03.308+0800: 0.745: [Full GC (Allocation Failure) 2022-03-13T14:25:03.308+0800: 0.745: [Tenured: 174740K->174740K(174784K), 0.0017914 secs] 253329K->251569K(253440K), [Metaspace: 2768K->2768K(1056768K)], 0.0018202 secs] [Times: user=0.00 sys=0.00, real=0.00 secs] 
2022-03-13T14:25:03.310+0800: 0.747: [Full GC (Allocation Failure) 2022-03-13T14:25:03.310+0800: 0.747: [Tenured: 174740K->174432K(174784K), 0.0252692 secs] 253160K->248241K(253440K), [Metaspace: 2768K->2768K(1056768K)], 0.0253116 secs] [Times: user=0.03 sys=0.00, real=0.03 secs] 
2022-03-13T14:25:03.337+0800: 0.774: [Full GC (Allocation Failure) 2022-03-13T14:25:03.337+0800: 0.774: [Tenured: 174432K->174432K(174784K), 0.0073955 secs] 252986K->248718K(253440K), [Metaspace: 2768K->2768K(1056768K)], 0.0074376 secs] [Times: user=0.01 sys=0.00, real=0.01 secs] 
2022-03-13T14:25:03.345+0800: 0.782: [Full GC (Allocation Failure) 2022-03-13T14:25:03.345+0800: 0.782: [Tenured: 174678K->174678K(174784K), 0.0045736 secs] 253277K->250213K(253440K), [Metaspace: 2768K->2768K(1056768K)], 0.0046056 secs] [Times: user=0.00 sys=0.00, real=0.00 secs] 
2022-03-13T14:25:03.350+0800: 0.787: [Full GC (Allocation Failure) 2022-03-13T14:25:03.350+0800: 0.787: [Tenured: 174678K->174678K(174784K), 0.0094613 secs] 253136K->250826K(253440K), [Metaspace: 2768K->2768K(1056768K)], 0.0095007 secs] [Times: user=0.02 sys=0.00, real=0.01 secs] 
2022-03-13T14:25:03.360+0800: 0.797: [Full GC (Allocation Failure) 2022-03-13T14:25:03.360+0800: 0.797: [Tenured: 174678K->174728K(174784K), 0.0242061 secs] 252711K->250805K(253440K), [Metaspace: 2768K->2768K(1056768K)], 0.0242481 secs] [Times: user=0.02 sys=0.00, real=0.02 secs] 
2022-03-13T14:25:03.384+0800: 0.821: [Full GC (Allocation Failure) 2022-03-13T14:25:03.384+0800: 0.821: [Tenured: 174728K->174728K(174784K), 0.0015520 secs] 253308K->250853K(253440K), [Metaspace: 2768K->2768K(1056768K)], 0.0015772 secs] [Times: user=0.00 sys=0.00, real=0.00 secs] 
2022-03-13T14:25:03.386+0800: 0.823: [Full GC (Allocation Failure) 2022-03-13T14:25:03.386+0800: 0.823: [Tenured: 174728K->174728K(174784K), 0.0032610 secs] 253230K->251480K(253440K), [Metaspace: 2768K->2768K(1056768K)], 0.0032941 secs] [Times: user=0.00 sys=0.00, real=0.00 secs] 
2022-03-13T14:25:03.390+0800: 0.827: [Full GC (Allocation Failure) 2022-03-13T14:25:03.390+0800: 0.827: [Tenured: 174728K->174728K(174784K), 0.0015026 secs] 253101K->251954K(253440K), [Metaspace: 2768K->2768K(1056768K)], 0.0015265 secs] [Times: user=0.02 sys=0.00, real=0.00 secs] 
2022-03-13T14:25:03.392+0800: 0.829: [Full GC (Allocation Failure) 2022-03-13T14:25:03.392+0800: 0.829: [Tenured: 174728K->174663K(174784K), 0.0247779 secs] 253211K->250409K(253440K), [Metaspace: 2768K->2768K(1056768K)], 0.0248202 secs] [Times: user=0.02 sys=0.00, real=0.02 secs] 
2022-03-13T14:25:03.417+0800: 0.854: [Full GC (Allocation Failure) 2022-03-13T14:25:03.417+0800: 0.854: [Tenured: 174771K->174771K(174784K), 0.0014992 secs] 253398K->252196K(253440K), [Metaspace: 2768K->2768K(1056768K)], 0.0015634 secs] [Times: user=0.00 sys=0.00, real=0.00 secs] 
2022-03-13T14:25:03.419+0800: 0.856: [Full GC (Allocation Failure) 2022-03-13T14:25:03.419+0800: 0.856: [Tenured: 174771K->174771K(174784K), 0.0021771 secs] 253346K->252856K(253440K), [Metaspace: 2768K->2768K(1056768K)], 0.0022256 secs] [Times: user=0.00 sys=0.00, real=0.00 secs] 
2022-03-13T14:25:03.421+0800: 0.858: [Full GC (Allocation Failure) 2022-03-13T14:25:03.421+0800: 0.858: [Tenured: 174771K->174771K(174784K), 0.0011434 secs] 253303K->252935K(253440K), [Metaspace: 2768K->2768K(1056768K)], 0.0011679 secs] [Times: user=0.00 sys=0.00, real=0.00 secs] 
2022-03-13T14:25:03.422+0800: 0.860: [Full GC (Allocation Failure) 2022-03-13T14:25:03.422+0800: 0.860: [Tenured: 174771K->174318K(174784K), 0.0253111 secs] 253251K->252008K(253440K), [Metaspace: 2768K->2768K(1056768K)], 0.0253509 secs] [Times: user=0.01 sys=0.00, real=0.03 secs] 
2022-03-13T14:25:03.448+0800: 0.886: [Full GC (Allocation Failure) 2022-03-13T14:25:03.448+0800: 0.886: [Tenured: 174661K->174661K(174784K), 0.0052577 secs] 253299K->252145K(253440K), [Metaspace: 2768K->2768K(1056768K)], 0.0052969 secs] [Times: user=0.02 sys=0.00, real=0.01 secs] 
2022-03-13T14:25:03.454+0800: 0.891: [Full GC (Allocation Failure) 2022-03-13T14:25:03.454+0800: 0.891: [Tenured: 174661K->174661K(174784K), 0.0015336 secs] 253095K->252337K(253440K), [Metaspace: 2768K->2768K(1056768K)], 0.0015613 secs] [Times: user=0.00 sys=0.00, real=0.00 secs] 
2022-03-13T14:25:03.455+0800: 0.893: [Full GC (Allocation Failure) 2022-03-13T14:25:03.455+0800: 0.893: [Tenured: 174661K->174661K(174784K), 0.0011150 secs] 253077K->252351K(253440K), [Metaspace: 2768K->2768K(1056768K)], 0.0011386 secs] [Times: user=0.00 sys=0.00, real=0.00 secs] 
2022-03-13T14:25:03.457+0800: 0.894: [Full GC (Allocation Failure) 2022-03-13T14:25:03.457+0800: 0.894: [Tenured: 174770K->174737K(174784K), 0.0242200 secs] 253406K->251652K(253440K), [Metaspace: 2768K->2768K(1056768K)], 0.0242600 secs] [Times: user=0.01 sys=0.00, real=0.02 secs] 
2022-03-13T14:25:03.481+0800: 0.919: [Full GC (Allocation Failure) 2022-03-13T14:25:03.481+0800: 0.919: [Tenured: 174737K->174737K(174784K), 0.0020835 secs] 253279K->252284K(253440K), [Metaspace: 2768K->2768K(1056768K)], 0.0021132 secs] [Times: user=0.02 sys=0.00, real=0.00 secs] 
2022-03-13T14:25:03.484+0800: 0.921: [Full GC (Allocation Failure) 2022-03-13T14:25:03.484+0800: 0.921: [Tenured: 174737K->174737K(174784K), 0.0071390 secs] 253317K->252924K(253440K), [Metaspace: 2768K->2768K(1056768K)], 0.0071652 secs] [Times: user=0.00 sys=0.00, real=0.01 secs] 
2022-03-13T14:25:03.491+0800: 0.929: [Full GC (Allocation Failure) 2022-03-13T14:25:03.491+0800: 0.929: [Tenured: 174737K->174737K(174784K), 0.0059559 secs] 252995K->252935K(253440K), [Metaspace: 2768K->2768K(1056768K)], 0.0059810 secs] [Times: user=0.00 sys=0.00, real=0.01 secs] 
2022-03-13T14:25:03.497+0800: 0.935: [Full GC (Allocation Failure) 2022-03-13T14:25:03.497+0800: 0.935: [Tenured: 174737K->174746K(174784K), 0.0271984 secs] 252935K->251844K(253440K), [Metaspace: 2768K->2768K(1056768K)], 0.0272296 secs] [Times: user=0.03 sys=0.00, real=0.03 secs] 
2022-03-13T14:25:03.525+0800: 0.962: [Full GC (Allocation Failure) 2022-03-13T14:25:03.525+0800: 0.962: [Tenured: 174764K->174764K(174784K), 0.0014018 secs] 253405K->252495K(253440K), [Metaspace: 2768K->2768K(1056768K)], 0.0014281 secs] [Times: user=0.00 sys=0.00, real=0.00 secs] 
2022-03-13T14:25:03.527+0800: 0.964: [Full GC (Allocation Failure) 2022-03-13T14:25:03.527+0800: 0.964: [Tenured: 174764K->174764K(174784K), 0.0012954 secs] 253217K->252639K(253440K), [Metaspace: 2768K->2768K(1056768K)], 0.0013182 secs] [Times: user=0.00 sys=0.00, real=0.00 secs] 
2022-03-13T14:25:03.528+0800: 0.966: [Full GC (Allocation Failure) 2022-03-13T14:25:03.528+0800: 0.966: [Tenured: 174764K->174764K(174784K), 0.0009822 secs] 253275K->253197K(253440K), [Metaspace: 2768K->2768K(1056768K)], 0.0010043 secs] [Times: user=0.00 sys=0.00, real=0.00 secs] 
2022-03-13T14:25:03.529+0800: 0.967: [Full GC (Allocation Failure) 2022-03-13T14:25:03.529+0800: 0.967: [Tenured: 174764K->174635K(174784K), 0.0162946 secs] 253197K->252766K(253440K), [Metaspace: 2768K->2768K(1056768K)], 0.0163299 secs] [Times: user=0.02 sys=0.00, real=0.02 secs] 
Heap
 def new generation   total 78656K, used 78506K [0x00000000f0000000, 0x00000000f5550000, 0x00000000f5550000)
  eden space 69952K, 100% used [0x00000000f0000000, 0x00000000f4450000, 0x00000000f4450000)
  from space 8704K,  98% used [0x00000000f4cd0000, 0x00000000f552abc0, 0x00000000f5550000)
  to   space 8704K,   0% used [0x00000000f4450000, 0x00000000f4450000, 0x00000000f4cd0000)
 tenured generation   total 174784K, used 174635K [0x00000000f5550000, 0x0000000100000000, 0x0000000100000000)
   the space 174784K,  99% used [0x00000000f5550000, 0x00000000fffdaf38, 0x00000000fffdb000, 0x0000000100000000)
 Metaspace       used 2798K, capacity 4486K, committed 4864K, reserved 1056768K
  class space    used 310K, capacity 386K, committed 512K, reserved 1048576K
