Java HotSpot(TM) 64-Bit Server VM (25.251-b08) for windows-amd64 JRE (1.8.0_251-b08), built on Mar 12 2020 06:31:49 by "" with MS VC++ 10.0 (VS2010)
Memory: 4k page, physical 25053032k(16582452k free), swap 26625896k(11731660k free)
CommandLine flags: -XX:InitialHeapSize=1073741824 -XX:MaxHeapSize=1073741824 -XX:+PrintGC -XX:+PrintGCDateStamps -XX:+PrintGCDetails -XX:+PrintGCTimeStamps -XX:-UseAdaptiveSizePolicy -XX:+UseCompressedClassPointers -XX:+UseCompressedOops -XX:-UseLargePagesIndividualAllocation -XX:+UseSerialGC 
2022-03-13T14:26:02.903+0800: 0.242: [GC (Allocation Failure) 2022-03-13T14:26:02.903+0800: 0.243: [DefNew: 279616K->34944K(314560K), 0.0405237 secs] 279616K->88510K(1013632K), 0.0406901 secs] [Times: user=0.02 sys=0.03, real=0.04 secs] 
2022-03-13T14:26:02.978+0800: 0.316: [GC (Allocation Failure) 2022-03-13T14:26:02.978+0800: 0.316: [DefNew: 314560K->34942K(314560K), 0.0540074 secs] 368126K->165573K(1013632K), 0.0540570 secs] [Times: user=0.03 sys=0.03, real=0.05 secs] 
2022-03-13T14:26:03.061+0800: 0.400: [GC (Allocation Failure) 2022-03-13T14:26:03.061+0800: 0.400: [DefNew: 314558K->34944K(314560K), 0.0423736 secs] 445189K->251782K(1013632K), 0.0424272 secs] [Times: user=0.03 sys=0.02, real=0.04 secs] 
2022-03-13T14:26:03.133+0800: 0.473: [GC (Allocation Failure) 2022-03-13T14:26:03.133+0800: 0.473: [DefNew: 313966K->34943K(314560K), 0.0398051 secs] 530805K->333827K(1013632K), 0.0398563 secs] [Times: user=0.02 sys=0.03, real=0.04 secs] 
2022-03-13T14:26:03.206+0800: 0.545: [GC (Allocation Failure) 2022-03-13T14:26:03.206+0800: 0.545: [DefNew: 313981K->34942K(314560K), 0.0337933 secs] 612865K->404718K(1013632K), 0.0338412 secs] [Times: user=0.03 sys=0.00, real=0.03 secs] 
2022-03-13T14:26:03.271+0800: 0.610: [GC (Allocation Failure) 2022-03-13T14:26:03.271+0800: 0.610: [DefNew: 314558K->34943K(314560K), 0.0391178 secs] 684334K->487043K(1013632K), 0.0391727 secs] [Times: user=0.01 sys=0.01, real=0.04 secs] 
2022-03-13T14:26:03.340+0800: 0.679: [GC (Allocation Failure) 2022-03-13T14:26:03.340+0800: 0.679: [DefNew: 314041K->34943K(314560K), 0.0383795 secs] 766141K->567259K(1013632K), 0.0384280 secs] [Times: user=0.02 sys=0.03, real=0.04 secs] 
2022-03-13T14:26:03.409+0800: 0.748: [GC (Allocation Failure) 2022-03-13T14:26:03.409+0800: 0.748: [DefNew: 314559K->34943K(314560K), 0.0384034 secs] 846875K->649330K(1013632K), 0.0384521 secs] [Times: user=0.00 sys=0.03, real=0.04 secs] 
2022-03-13T14:26:03.476+0800: 0.815: [GC (Allocation Failure) 2022-03-13T14:26:03.476+0800: 0.815: [DefNew: 314559K->314559K(314560K), 0.0000124 secs]2022-03-13T14:26:03.476+0800: 0.815: [Tenured: 614386K->386107K(699072K), 0.0423164 secs] 928946K->386107K(1013632K), [Metaspace: 2768K->2768K(1056768K)], 0.0423905 secs] [Times: user=0.05 sys=0.00, real=0.04 secs] 
2022-03-13T14:26:03.546+0800: 0.885: [GC (Allocation Failure) 2022-03-13T14:26:03.546+0800: 0.885: [DefNew: 279616K->34943K(314560K), 0.0120072 secs] 665723K->476437K(1013632K), 0.0120555 secs] [Times: user=0.02 sys=0.00, real=0.01 secs] 
2022-03-13T14:26:03.588+0800: 0.927: [GC (Allocation Failure) 2022-03-13T14:26:03.588+0800: 0.927: [DefNew: 314559K->34943K(314560K), 0.0151960 secs] 756053K->554665K(1013632K), 0.0152453 secs] [Times: user=0.02 sys=0.00, real=0.01 secs] 
2022-03-13T14:26:03.635+0800: 0.973: [GC (Allocation Failure) 2022-03-13T14:26:03.635+0800: 0.973: [DefNew: 314553K->34943K(314560K), 0.0143104 secs] 834275K->635544K(1013632K), 0.0143576 secs] [Times: user=0.01 sys=0.00, real=0.01 secs] 
2022-03-13T14:26:03.679+0800: 1.018: [GC (Allocation Failure) 2022-03-13T14:26:03.680+0800: 1.018: [DefNew: 314307K->34943K(314560K), 0.0338686 secs] 914908K->715929K(1013632K), 0.0339192 secs] [Times: user=0.02 sys=0.02, real=0.03 secs] 
2022-03-13T14:26:03.742+0800: 1.081: [GC (Allocation Failure) 2022-03-13T14:26:03.742+0800: 1.081: [DefNew: 314559K->314559K(314560K), 0.0000125 secs]2022-03-13T14:26:03.742+0800: 1.081: [Tenured: 680985K->411621K(699072K), 0.0456012 secs] 995545K->411621K(1013632K), [Metaspace: 2768K->2768K(1056768K)], 0.0456703 secs] [Times: user=0.05 sys=0.00, real=0.05 secs] 
Heap
 def new generation   total 314560K, used 11321K [0x00000000c0000000, 0x00000000d5550000, 0x00000000d5550000)
  eden space 279616K,   4% used [0x00000000c0000000, 0x00000000c0b0e480, 0x00000000d1110000)
  from space 34944K,   0% used [0x00000000d1110000, 0x00000000d1110000, 0x00000000d3330000)
  to   space 34944K,   0% used [0x00000000d3330000, 0x00000000d3330000, 0x00000000d5550000)
 tenured generation   total 699072K, used 411621K [0x00000000d5550000, 0x0000000100000000, 0x0000000100000000)
   the space 699072K,  58% used [0x00000000d5550000, 0x00000000ee749700, 0x00000000ee749800, 0x0000000100000000)
 Metaspace       used 2774K, capacity 4486K, committed 4864K, reserved 1056768K
  class space    used 307K, capacity 386K, committed 512K, reserved 1048576K
